
== 5. the built persistent world: settled crop and harvest ==
season   0  season-start crop 26.00/26  ( 0.0% empty)  group eats 10.00 ± 7.04  per robot 2.50
season   1  season-start crop 16.00/26  (38.5% empty)  group eats  2.83 ± 3.60  per robot 0.71
season   2  season-start crop 13.17/26  (49.4% empty)  group eats  3.58 ± 4.15  per robot 0.90
season   3  season-start crop  9.58/26  (63.1% empty)  group eats  1.58 ± 2.66  per robot 0.40
season   4  season-start crop 18.00/26  (30.8% empty)  group eats  5.92 ± 5.87  per robot 1.48
season   5  season-start crop 14.92/26  (42.6% empty)  group eats  5.25 ± 3.96  per robot 1.31
season   6  season-start crop 13.25/26  (49.0% empty)  group eats  3.33 ± 5.99  per robot 0.83
season   7  season-start crop 11.50/26  (55.8% empty)  group eats  3.50 ± 5.85  per robot 0.88
season   8  season-start crop 13.92/26  (46.5% empty)  group eats  5.92 ± 7.50  per robot 1.48
season   9  season-start crop 13.25/26  (49.0% empty)  group eats  3.67 ± 4.35  per robot 0.92
season  10  season-start crop 12.92/26  (50.3% empty)  group eats  4.00 ± 3.85  per robot 1.00
season  11  season-start crop 12.42/26  (52.2% empty)  group eats  6.58 ± 6.10  per robot 1.65
season  12  season-start crop 11.75/26  (54.8% empty)  group eats  5.50 ± 4.11  per robot 1.38
season  13  season-start crop  9.92/26  (61.9% empty)  group eats  2.42 ± 3.55  per robot 0.60
season  14  season-start crop 11.50/26  (55.8% empty)  group eats  6.17 ± 5.34  per robot 1.54
season  15  season-start crop 11.92/26  (54.2% empty)  group eats  3.75 ± 4.21  per robot 0.94
season  16  season-start crop 13.67/26  (47.4% empty)  group eats  5.33 ± 6.45  per robot 1.33
season  17  season-start crop 10.75/26  (58.7% empty)  group eats  4.67 ± 5.93  per robot 1.17
season  18  season-start crop 12.25/26  (52.9% empty)  group eats  4.58 ± 5.06  per robot 1.15
season  19  season-start crop 11.42/26  (56.1% empty)  group eats  5.08 ± 5.98  per robot 1.27
season  20  season-start crop 11.67/26  (55.1% empty)  group eats  3.08 ± 3.48  per robot 0.77
season  21  season-start crop 13.25/26  (49.0% empty)  group eats  3.25 ± 3.94  per robot 0.81
season  22  season-start crop 14.58/26  (43.9% empty)  group eats  6.67 ± 6.96  per robot 1.67
season  23  season-start crop 13.00/26  (50.0% empty)  group eats  3.83 ± 4.24  per robot 0.96
season  24  season-start crop 12.25/26  (52.9% empty)  group eats  4.92 ± 6.13  per robot 1.23
season  25  season-start crop 10.58/26  (59.3% empty)  group eats  5.50 ± 6.61  per robot 1.38
season  26  season-start crop 11.75/26  (54.8% empty)  group eats  2.75 ± 4.92  per robot 0.69
season  27  season-start crop 12.83/26  (50.6% empty)  group eats  4.92 ± 4.19  per robot 1.23
season  28  season-start crop 12.83/26  (50.6% empty)  group eats  4.58 ± 4.99  per robot 1.15
season  29  season-start crop 13.75/26  (47.1% empty)  group eats  5.17 ± 5.06  per robot 1.29

settled over seasons 15-29: season-start crop 12.43  (52.2% of spots empty)  group eats 4.54  per robot 1.13  supply ceiling 8.67
  season-start crop  measured 12.43  predicted 12.60  off by  -1.3%  OK
  group eats         measured  4.54  predicted  4.48  off by  +1.3%  OK
