season   0 holistic     alive  59 births  3 deaths  4 best lifetime 1.928 mean -0.007 max age 57  season   0 conventional alive  60 births  2 deaths  2 best lifetime 3.166 mean -1.161 max age 58  (5.3s)
season   1 holistic     alive  60 births  2 deaths  1 best lifetime 1.942 mean 0.040 max age 58  season   1 conventional alive  39 births  4 deaths 25 best lifetime 1.630 mean -0.393 max age 59  (5.1s)
season   2 holistic     alive  60 births  0 deaths  0 best lifetime 1.279 mean 0.017 max age 59  season   2 conventional alive  28 births  6 deaths 17 best lifetime 0.957 mean -0.029 max age 57  (4.8s)
season   3 holistic     alive  59 births  1 deaths  2 best lifetime 0.940 mean 0.016 max age 59  season   3 conventional alive  15 births  0 deaths 13 best lifetime 0.467 mean 0.046 max age 54  (4.0s)
season   4 holistic     alive  56 births  1 deaths  4 best lifetime 0.743 mean 0.008 max age 59  season   4 conventional alive   9 births  1 deaths  7 best lifetime 0.750 mean 0.116 max age 47  (3.0s)
season   5 holistic     alive  52 births  0 deaths  4 best lifetime 0.608 mean 0.011 max age 59  season   5 conventional alive   8 births  1 deaths  2 best lifetime 0.585 mean 0.157 max age 48  (2.9s)
season   6 holistic     alive  50 births  0 deaths  2 best lifetime 0.513 mean 0.008 max age 58  season   6 conventional alive   6 births  0 deaths  2 best lifetime 0.606 mean 0.192 max age 49  (2.9s)
season   7 holistic     alive  48 births  0 deaths  2 best lifetime 0.443 mean 0.008 max age 59  season   7 conventional alive   4 births  1 deaths  3 best lifetime 0.688 mean 0.276 max age 50  (2.6s)
season   8 holistic     alive  44 births  0 deaths  4 best lifetime 0.242 mean 0.001 max age 59  season   8 conventional alive   3 births  0 deaths  1 best lifetime 0.470 mean 0.169 max age 51  (2.6s)
season   9 holistic     alive  40 births  0 deaths  4 best lifetime 0.209 mean 0.007 max age 59  season   9 conventional alive   3 births  0 deaths  0 best lifetime 0.422 mean 0.292 max age 52  (2.2s)
season  10 holistic     alive  37 births  0 deaths  3 best lifetime 0.182 mean 0.009 max age 59  season  10 conventional alive   2 births  1 deaths  2 best lifetime 0.557 mean 0.278 max age 53  (2.1s)
season  11 holistic     alive   3 births  0 deaths 34 best lifetime 0.242 mean 0.164 max age 57  season  11 conventional alive   1 births  0 deaths  1 best lifetime 0.498 mean 0.498 max age 54  (1.7s)
season  12 holistic     alive   3 births  0 deaths  0 best lifetime 0.217 mean 0.149 max age 58  season  12 conventional alive   1 births  0 deaths  0 best lifetime 0.463 mean 0.463 max age 55  (0.8s)
season  13 holistic     alive   3 births  0 deaths  0 best lifetime 0.195 mean 0.136 max age 59  season  13 conventional alive   0 births  0 deaths  1 best lifetime 0.000 mean 0.000 max age  0  (0.8s)
season  14 holistic     alive   3 births  1 deaths  1 best lifetime 0.443 mean 0.192 max age 41  (0.5s)
season  15 holistic     alive   3 births  1 deaths  1 best lifetime 0.410 mean 0.136 max age 42  (0.5s)
season  16 holistic     alive   3 births  0 deaths  0 best lifetime 0.380 mean 0.112 max age 43  (0.4s)
season  17 holistic     alive   3 births  0 deaths  0 best lifetime 0.410 mean 0.122 max age 44  (0.4s)
season  18 holistic     alive   2 births  0 deaths  1 best lifetime 0.383 mean 0.171 max age 45  (0.4s)
season  19 holistic     alive   3 births  1 deaths  0 best lifetime 0.409 mean 0.206 max age 46  (0.3s)
season  20 holistic     alive   3 births  0 deaths  0 best lifetime 0.386 mean 0.141 max age 47  (0.3s)
season  21 holistic     alive   3 births  0 deaths  0 best lifetime 0.364 mean 0.123 max age 48  (0.4s)
season  22 holistic     alive   1 births  0 deaths  2 best lifetime 0.344 mean 0.344 max age 49  (0.4s)
season  23 holistic     alive   1 births  0 deaths  0 best lifetime 0.326 mean 0.326 max age 50  (0.2s)
season  24 holistic     alive   1 births  0 deaths  0 best lifetime 0.309 mean 0.309 max age 51  (0.2s)
season  25 holistic     alive   1 births  0 deaths  0 best lifetime 0.294 mean 0.294 max age 52  (0.2s)
season  26 holistic     alive   0 births  0 deaths  1 best lifetime 0.000 mean 0.000 max age  0  (0.2s)
everyone died
results in runs/RBT-21/W6b-801/history.json
