7 robots x 64 paired seeds x 32 conditions = 14336 bouts
WARNING: Nan, Inf or huge value in QACC at DOF 0. The simulation is unstable. Time = 1.7850.

WARNING: Nan, Inf or huge value in QACC at DOF 1. The simulation is unstable. Time = 2.2200.

WARNING: Nan, Inf or huge value in QACC at DOF 4. The simulation is unstable. Time = 4.8150.

WARNING: Nan, Inf or huge value in QACC at DOF 5. The simulation is unstable. Time = 6.0450.

WARNING: Nan, Inf or huge value in QACC at DOF 0. The simulation is unstable. Time = 2.4550.

WARNING: Nan, Inf or huge value in QACC at DOF 0. The simulation is unstable. Time = 13.3700.

WARNING: Nan, Inf or huge value in QACC at DOF 4. The simulation is unstable. Time = 11.3050.

WARNING: Nan, Inf or huge value in QACC at DOF 0. The simulation is unstable. Time = 12.7150.

WARNING: Nan, Inf or huge value in QACC at DOF 0. The simulation is unstable. Time = 8.6450.

WARNING: Nan, Inf or huge value in QACC at DOF 0. The simulation is unstable. Time = 5.1700.

WARNING: Nan, Inf or huge value in QACC at DOF 3. The simulation is unstable. Time = 10.1450.

WARNING: Nan, Inf or huge value in QACC at DOF 0. The simulation is unstable. Time = 9.2000.

WARNING: Nan, Inf or huge value in QACC at DOF 3. The simulation is unstable. Time = 5.0050.

done in 1237s

baseline solo yield, 64 seeds:
  gen 90: 1.62 items
  gen 190: 1.45 items
  gen 290: 1.48 items
  gen 390: 1.70 items
  gen 490: 1.20 items
  gen 550: 1.45 items
  gen 590: 1.69 items
  mean across robots: 1.52

all conditions, paired vs baseline, all 64 seeds (mean items gained per bout, bootstrapped over the 7 robots):

| condition | Δ items | 95% CI | P(Δ≤0) | Δ items/m | Δ near-dist | exploded |
|---|---|---|---|---|---|---|
| blanked | -0.036 | [-0.225, +0.141] | 0.647 | -0.0001 | -0.001 m | 0% |
| crossed+0.5 | +0.020 | [-0.098, +0.138] | 0.378 | -0.0292 | +0.023 m | 0% |
| crossed-0.5 | -0.049 | [-0.217, +0.107] | 0.722 | +0.0242 | -0.048 m | 1% |
| crossed+1.0 | -0.011 | [-0.145, +0.105] | 0.557 | -0.0377 | +0.044 m | 0% |
| crossed-1.0 | -0.132 | [-0.279, +0.036] | 0.943 | +0.0246 | -0.078 m | 0% |
| crossed+2.0 | -0.301 | [-0.578, -0.062] | 0.996 | -0.0937 | +0.005 m | 0% |
| crossed-2.0 | -0.458 | [-0.699, -0.239] | 1.000 | +0.0067 | -0.069 m | 0% |
| crossed+4.0 | -0.875 | [-1.250, -0.462] | 1.000 | -0.1721 | -0.094 m | 0% |
| crossed-4.0 | -0.699 | [-1.018, -0.415] | 1.000 | -0.0757 | -0.073 m | 0% |
| crossed+8.0 | -1.446 | [-1.567, -1.279] | 1.000 | -0.2575 | -0.183 m | 0% |
| crossed-8.0 | -1.377 | [-1.551, -1.163] | 1.000 | -0.2419 | -0.152 m | 0% |
| uncrossed+0.5 | -0.062 | [-0.214, +0.094] | 0.797 | -0.0272 | +0.018 m | 0% |
| uncrossed-0.5 | -0.074 | [-0.196, +0.056] | 0.876 | +0.0196 | -0.041 m | 0% |
| uncrossed+1.0 | -0.007 | [-0.136, +0.107] | 0.524 | -0.0473 | +0.034 m | 0% |
| uncrossed-1.0 | -0.241 | [-0.353, -0.136] | 1.000 | +0.0084 | -0.076 m | 0% |
| uncrossed+2.0 | -0.362 | [-0.638, -0.112] | 0.999 | -0.0982 | +0.003 m | 0% |
| uncrossed-2.0 | -0.440 | [-0.632, -0.234] | 1.000 | +0.0097 | -0.072 m | 0% |
| uncrossed+4.0 | -0.812 | [-1.183, -0.424] | 1.000 | -0.1646 | -0.074 m | 0% |
| uncrossed-4.0 | -0.683 | [-1.007, -0.388] | 1.000 | -0.0696 | -0.059 m | 0% |
| uncrossed+8.0 | -1.484 | [-1.612, -1.328] | 1.000 | -0.2748 | -0.157 m | 0% |
| uncrossed-8.0 | -1.384 | [-1.565, -1.179] | 1.000 | -0.2422 | -0.146 m | 0% |
| sham+0.5 | -0.092 | [-0.183, +0.013] | 0.965 | -0.0237 | +0.028 m | 0% |
| sham-0.5 | +0.069 | [-0.134, +0.281] | 0.277 | +0.0476 | -0.068 m | 0% |
| sham+1.0 | -0.438 | [-0.578, -0.310] | 1.000 | -0.0747 | -0.006 m | 0% |
| sham-1.0 | -0.203 | [-0.487, +0.067] | 0.927 | +0.0372 | -0.093 m | 0% |
| sham+2.0 | -0.964 | [-1.248, -0.708] | 1.000 | -0.1565 | -0.061 m | 0% |
| sham-2.0 | -0.942 | [-1.170, -0.629] | 1.000 | -0.0165 | -0.053 m | 0% |
| sham+4.0 | -1.147 | [-1.330, -0.980] | 1.000 | -0.1585 | -0.072 m | 0% |
| sham-4.0 | -0.944 | [-1.138, -0.732] | 1.000 | -0.0171 | -0.051 m | 0% |
| sham+8.0 | -0.931 | [-1.060, -0.783] | 1.000 | -0.1323 | -0.054 m | 0% |
| sham-8.0 | -0.913 | [-1.074, -0.746] | 1.000 | -0.0315 | -0.065 m | 0% |

held-out test: best CROSSED variant chosen on 32 seeds, reported on the 32 it never saw

  crossed-0.5    chosen on pick half  Δ = +0.031 items  95% CI [-0.183, +0.250]  P(Δ≤0) = 0.409
  crossed-0.5    HELD OUT             Δ = -0.129 items  95% CI [-0.344, +0.067]  P(Δ≤0) = 0.898

per-robot held-out Δ: [0.0, 0.28, -0.09, -0.66, 0.06, -0.19, -0.31]
wrote runs/compass-spike/spike.json
