WARNING: Nan, Inf or huge value in QACC at DOF 0. The simulation is unstable. Time = 0.4700.

WARNING: Nan, Inf or huge value in QACC at DOF 2. The simulation is unstable. Time = 0.5550.

WARNING: Nan, Inf or huge value in QACC at DOF 0. The simulation is unstable. Time = 0.0750.

WARNING: Nan, Inf or huge value in QACC at DOF 0. The simulation is unstable. Time = 0.3150.

gen   0 holistic     best 0.447 mean 0.027 best-dist 1.32 m
gen   0 conventional best 0.839 mean 0.158 best-dist 0.11 m
gen   0 took 102.6s
WARNING: Nan, Inf or huge value in QACC at DOF 4. The simulation is unstable. Time = 0.5250.

WARNING: Nan, Inf or huge value in QACC at DOF 0. The simulation is unstable. Time = 0.9250.

WARNING: Nan, Inf or huge value in QACC at DOF 0. The simulation is unstable. Time = 0.0850.

WARNING: Nan, Inf or huge value in QACC at DOF 0. The simulation is unstable. Time = 0.2900.

WARNING: Nan, Inf or huge value in QACC at DOF 0. The simulation is unstable. Time = 0.2000.

WARNING: Nan, Inf or huge value in QACC at DOF 0. The simulation is unstable. Time = 0.2050.

WARNING: Nan, Inf or huge value in QACC at DOF 5. The simulation is unstable. Time = 0.3650.

WARNING: Nan, Inf or huge value in QACC at DOF 0. The simulation is unstable. Time = 0.3400.

WARNING: Nan, Inf or huge value in QACC at DOF 0. The simulation is unstable. Time = 0.1500.

WARNING: Nan, Inf or huge value in QACC at DOF 3. The simulation is unstable. Time = 0.1850.

gen   1 holistic     best 0.821 mean 0.062 best-dist 0.20 m
WARNING: Nan, Inf or huge value in QACC at DOF 0. The simulation is unstable. Time = 9.5100.

WARNING: Nan, Inf or huge value in QACC at DOF 3. The simulation is unstable. Time = 2.3000.

WARNING: Nan, Inf or huge value in QACC at DOF 3. The simulation is unstable. Time = 2.8450.

WARNING: Nan, Inf or huge value in QACC at DOF 0. The simulation is unstable. Time = 4.6650.

WARNING: Nan, Inf or huge value in QACC at DOF 3. The simulation is unstable. Time = 9.6100.

WARNING: Nan, Inf or huge value in QACC at DOF 3. The simulation is unstable. Time = 1.6700.

WARNING: Nan, Inf or huge value in QACC at DOF 0. The simulation is unstable. Time = 10.1200.

WARNING: Nan, Inf or huge value in QACC at DOF 0. The simulation is unstable. Time = 1.9000.

WARNING: Nan, Inf or huge value in QACC at DOF 3. The simulation is unstable. Time = 1.7800.

WARNING: Nan, Inf or huge value in QACC at DOF 0. The simulation is unstable. Time = 1.5750.

WARNING: Nan, Inf or huge value in QACC at DOF 0. The simulation is unstable. Time = 13.7900.

WARNING: Nan, Inf or huge value in QACC at DOF 0. The simulation is unstable. Time = 1.4000.

WARNING: Nan, Inf or huge value in QACC at DOF 0. The simulation is unstable. Time = 12.5550.

WARNING: Nan, Inf or huge value in QACC at DOF 3. The simulation is unstable. Time = 2.7600.

WARNING: Nan, Inf or huge value in QACC at DOF 2. The simulation is unstable. Time = 13.5150.

WARNING: Nan, Inf or huge value in QACC at DOF 0. The simulation is unstable. Time = 1.7000.

WARNING: Nan, Inf or huge value in QACC at DOF 0. The simulation is unstable. Time = 7.8550.

WARNING: Nan, Inf or huge value in QACC at DOF 3. The simulation is unstable. Time = 1.8900.

WARNING: Nan, Inf or huge value in QACC at DOF 0. The simulation is unstable. Time = 3.6300.

WARNING: Nan, Inf or huge value in QACC at DOF 0. The simulation is unstable. Time = 3.7100.

WARNING: Nan, Inf or huge value in QACC at DOF 0. The simulation is unstable. Time = 10.6500.

WARNING: Nan, Inf or huge value in QACC at DOF 0. The simulation is unstable. Time = 4.5350.

WARNING: Nan, Inf or huge value in QACC at DOF 0. The simulation is unstable. Time = 2.9700.

gen   1 conventional best 0.845 mean 0.247 best-dist 0.18 m
gen   1 took 198.3s
WARNING: Nan, Inf or huge value in QACC at DOF 1. The simulation is unstable. Time = 0.3950.

WARNING: Nan, Inf or huge value in QACC at DOF 0. The simulation is unstable. Time = 0.7400.

WARNING: Nan, Inf or huge value in QACC at DOF 0. The simulation is unstable. Time = 0.1500.

WARNING: Nan, Inf or huge value in QACC at DOF 1. The simulation is unstable. Time = 0.3900.

WARNING: Nan, Inf or huge value in QACC at DOF 0. The simulation is unstable. Time = 0.2200.

WARNING: Nan, Inf or huge value in QACC at DOF 0. The simulation is unstable. Time = 0.2050.

WARNING: Nan, Inf or huge value in QACC at DOF 5. The simulation is unstable. Time = 0.4650.

WARNING: Nan, Inf or huge value in QACC at DOF 0. The simulation is unstable. Time = 0.8450.

WARNING: Nan, Inf or huge value in QACC at DOF 0. The simulation is unstable. Time = 9.8700.

WARNING: Nan, Inf or huge value in QACC at DOF 6. The simulation is unstable. Time = 11.4350.

gen   2 holistic     best 0.567 mean 0.090 best-dist 2.18 m
WARNING: Nan, Inf or huge value in QACC at DOF 3. The simulation is unstable. Time = 7.0400.

WARNING: Nan, Inf or huge value in QACC at DOF 4. The simulation is unstable. Time = 8.3800.

WARNING: Nan, Inf or huge value in QACC at DOF 3. The simulation is unstable. Time = 5.6200.

WARNING: Nan, Inf or huge value in QACC at DOF 0. The simulation is unstable. Time = 10.7850.

WARNING: Nan, Inf or huge value in QACC at DOF 0. The simulation is unstable. Time = 10.9700.

gen   2 conventional best 0.888 mean 0.480 best-dist 0.13 m
gen   2 took 205.3s
WARNING: Nan, Inf or huge value in QACC at DOF 0. The simulation is unstable. Time = 0.9150.

WARNING: Nan, Inf or huge value in QACC at DOF 0. The simulation is unstable. Time = 0.8850.

WARNING: Nan, Inf or huge value in QACC at DOF 0. The simulation is unstable. Time = 0.2350.

WARNING: Nan, Inf or huge value in QACC at DOF 0. The simulation is unstable. Time = 0.2800.

WARNING: Nan, Inf or huge value in QACC at DOF 7. The simulation is unstable. Time = 0.0650.

WARNING: Nan, Inf or huge value in QACC at DOF 3. The simulation is unstable. Time = 0.0650.

gen   3 holistic     best 0.665 mean 0.144 best-dist 0.85 m
WARNING: Nan, Inf or huge value in QACC at DOF 0. The simulation is unstable. Time = 4.9900.

WARNING: Nan, Inf or huge value in QACC at DOF 3. The simulation is unstable. Time = 2.6550.

WARNING: Nan, Inf or huge value in QACC at DOF 0. The simulation is unstable. Time = 1.9750.

WARNING: Nan, Inf or huge value in QACC at DOF 0. The simulation is unstable. Time = 2.2100.

WARNING: Nan, Inf or huge value in QACC at DOF 0. The simulation is unstable. Time = 3.8250.

WARNING: Nan, Inf or huge value in QACC at DOF 0. The simulation is unstable. Time = 4.6200.

WARNING: Nan, Inf or huge value in QACC at DOF 2. The simulation is unstable. Time = 2.4000.

WARNING: Nan, Inf or huge value in QACC at DOF 0. The simulation is unstable. Time = 1.6700.

WARNING: Nan, Inf or huge value in QACC at DOF 0. The simulation is unstable. Time = 1.3850.

WARNING: Nan, Inf or huge value in QACC at DOF 0. The simulation is unstable. Time = 2.2400.

WARNING: Nan, Inf or huge value in QACC at DOF 0. The simulation is unstable. Time = 6.3450.

WARNING: Nan, Inf or huge value in QACC at DOF 0. The simulation is unstable. Time = 1.6250.

WARNING: Nan, Inf or huge value in QACC at DOF 0. The simulation is unstable. Time = 3.9900.

WARNING: Nan, Inf or huge value in QACC at DOF 0. The simulation is unstable. Time = 1.7500.

WARNING: Nan, Inf or huge value in QACC at DOF 0. The simulation is unstable. Time = 2.0600.

WARNING: Nan, Inf or huge value in QACC at DOF 3. The simulation is unstable. Time = 2.4450.

WARNING: Nan, Inf or huge value in QACC at DOF 0. The simulation is unstable. Time = 1.8400.

WARNING: Nan, Inf or huge value in QACC at DOF 0. The simulation is unstable. Time = 2.1650.

WARNING: Nan, Inf or huge value in QACC at DOF 2. The simulation is unstable. Time = 2.8650.

WARNING: Nan, Inf or huge value in QACC at DOF 0. The simulation is unstable. Time = 2.5350.

WARNING: Nan, Inf or huge value in QACC at DOF 0. The simulation is unstable. Time = 1.6650.

WARNING: Nan, Inf or huge value in QACC at DOF 0. The simulation is unstable. Time = 1.4700.

WARNING: Nan, Inf or huge value in QACC at DOF 1. The simulation is unstable. Time = 2.0900.

WARNING: Nan, Inf or huge value in QACC at DOF 0. The simulation is unstable. Time = 1.5300.

WARNING: Nan, Inf or huge value in QACC at DOF 0. The simulation is unstable. Time = 2.7500.

WARNING: Nan, Inf or huge value in QACC at DOF 3. The simulation is unstable. Time = 1.5050.

WARNING: Nan, Inf or huge value in QACC at DOF 3. The simulation is unstable. Time = 4.8950.

WARNING: Nan, Inf or huge value in QACC at DOF 3. The simulation is unstable. Time = 3.9550.

WARNING: Nan, Inf or huge value in QACC at DOF 3. The simulation is unstable. Time = 3.2800.

WARNING: Nan, Inf or huge value in QACC at DOF 1. The simulation is unstable. Time = 1.6150.

WARNING: Nan, Inf or huge value in QACC at DOF 3. The simulation is unstable. Time = 4.0350.

WARNING: Nan, Inf or huge value in QACC at DOF 0. The simulation is unstable. Time = 1.4500.

WARNING: Nan, Inf or huge value in QACC at DOF 3. The simulation is unstable. Time = 5.5900.

WARNING: Nan, Inf or huge value in QACC at DOF 3. The simulation is unstable. Time = 3.4700.

WARNING: Nan, Inf or huge value in QACC at DOF 0. The simulation is unstable. Time = 1.5500.

WARNING: Nan, Inf or huge value in QACC at DOF 3. The simulation is unstable. Time = 2.1250.

WARNING: Nan, Inf or huge value in QACC at DOF 0. The simulation is unstable. Time = 1.8050.

WARNING: Nan, Inf or huge value in QACC at DOF 0. The simulation is unstable. Time = 2.5150.

WARNING: Nan, Inf or huge value in QACC at DOF 0. The simulation is unstable. Time = 2.5400.

WARNING: Nan, Inf or huge value in QACC at DOF 1. The simulation is unstable. Time = 2.1650.

WARNING: Nan, Inf or huge value in QACC at DOF 0. The simulation is unstable. Time = 3.3200.

WARNING: Nan, Inf or huge value in QACC at DOF 0. The simulation is unstable. Time = 3.3000.

WARNING: Nan, Inf or huge value in QACC at DOF 0. The simulation is unstable. Time = 14.2200.

WARNING: Nan, Inf or huge value in QACC at DOF 0. The simulation is unstable. Time = 1.8200.

WARNING: Nan, Inf or huge value in QACC at DOF 0. The simulation is unstable. Time = 3.2550.

WARNING: Nan, Inf or huge value in QACC at DOF 0. The simulation is unstable. Time = 4.1350.

WARNING: Nan, Inf or huge value in QACC at DOF 0. The simulation is unstable. Time = 4.6850.

WARNING: Nan, Inf or huge value in QACC at DOF 0. The simulation is unstable. Time = 2.6700.

WARNING: Nan, Inf or huge value in QACC at DOF 0. The simulation is unstable. Time = 1.4000.

WARNING: Nan, Inf or huge value in QACC at DOF 3. The simulation is unstable. Time = 2.5200.

WARNING: Nan, Inf or huge value in QACC at DOF 4. The simulation is unstable. Time = 1.7900.

WARNING: Nan, Inf or huge value in QACC at DOF 0. The simulation is unstable. Time = 2.3350.

WARNING: Nan, Inf or huge value in QACC at DOF 0. The simulation is unstable. Time = 1.8400.

WARNING: Nan, Inf or huge value in QACC at DOF 3. The simulation is unstable. Time = 4.1400.

WARNING: Nan, Inf or huge value in QACC at DOF 2. The simulation is unstable. Time = 1.5200.

WARNING: Nan, Inf or huge value in QACC at DOF 4. The simulation is unstable. Time = 14.6200.

WARNING: Nan, Inf or huge value in QACC at DOF 3. The simulation is unstable. Time = 3.4950.

WARNING: Nan, Inf or huge value in QACC at DOF 1. The simulation is unstable. Time = 2.7550.

WARNING: Nan, Inf or huge value in QACC at DOF 0. The simulation is unstable. Time = 3.2700.

WARNING: Nan, Inf or huge value in QACC at DOF 0. The simulation is unstable. Time = 2.4700.

WARNING: Nan, Inf or huge value in QACC at DOF 0. The simulation is unstable. Time = 1.6950.

WARNING: Nan, Inf or huge value in QACC at DOF 0. The simulation is unstable. Time = 2.9400.

WARNING: Nan, Inf or huge value in QACC at DOF 3. The simulation is unstable. Time = 3.8500.

WARNING: Nan, Inf or huge value in QACC at DOF 0. The simulation is unstable. Time = 1.4100.

WARNING: Nan, Inf or huge value in QACC at DOF 0. The simulation is unstable. Time = 1.5850.

WARNING: Nan, Inf or huge value in QACC at DOF 0. The simulation is unstable. Time = 1.4500.

WARNING: Nan, Inf or huge value in QACC at DOF 0. The simulation is unstable. Time = 1.6000.

WARNING: Nan, Inf or huge value in QACC at DOF 0. The simulation is unstable. Time = 2.1550.

WARNING: Nan, Inf or huge value in QACC at DOF 0. The simulation is unstable. Time = 1.3900.

WARNING: Nan, Inf or huge value in QACC at DOF 1. The simulation is unstable. Time = 14.2350.

WARNING: Nan, Inf or huge value in QACC at DOF 3. The simulation is unstable. Time = 3.5650.

WARNING: Nan, Inf or huge value in QACC at DOF 0. The simulation is unstable. Time = 3.5300.

WARNING: Nan, Inf or huge value in QACC at DOF 0. The simulation is unstable. Time = 2.5400.

WARNING: Nan, Inf or huge value in QACC at DOF 3. The simulation is unstable. Time = 2.9850.

WARNING: Nan, Inf or huge value in QACC at DOF 0. The simulation is unstable. Time = 7.7200.

WARNING: Nan, Inf or huge value in QACC at DOF 0. The simulation is unstable. Time = 2.8000.

WARNING: Nan, Inf or huge value in QACC at DOF 1. The simulation is unstable. Time = 1.4700.

WARNING: Nan, Inf or huge value in QACC at DOF 1. The simulation is unstable. Time = 1.4900.

WARNING: Nan, Inf or huge value in QACC at DOF 0. The simulation is unstable. Time = 2.1350.

WARNING: Nan, Inf or huge value in QACC at DOF 0. The simulation is unstable. Time = 1.3350.

WARNING: Nan, Inf or huge value in QACC at DOF 0. The simulation is unstable. Time = 7.9600.

WARNING: Nan, Inf or huge value in QACC at DOF 0. The simulation is unstable. Time = 3.6600.

WARNING: Nan, Inf or huge value in QACC at DOF 0. The simulation is unstable. Time = 6.9700.

WARNING: Nan, Inf or huge value in QACC at DOF 4. The simulation is unstable. Time = 2.3650.

WARNING: Nan, Inf or huge value in QACC at DOF 0. The simulation is unstable. Time = 1.9900.

WARNING: Nan, Inf or huge value in QACC at DOF 0. The simulation is unstable. Time = 3.6100.

WARNING: Nan, Inf or huge value in QACC at DOF 1. The simulation is unstable. Time = 6.2850.

gen   3 conventional best 0.866 mean 0.491 best-dist 0.13 m
gen   3 took 199.2s
WARNING: Nan, Inf or huge value in QACC at DOF 0. The simulation is unstable. Time = 0.4000.

WARNING: Nan, Inf or huge value in QACC at DOF 0. The simulation is unstable. Time = 0.3600.

WARNING: Nan, Inf or huge value in QACC at DOF 0. The simulation is unstable. Time = 0.3250.

WARNING: Nan, Inf or huge value in QACC at DOF 0. The simulation is unstable. Time = 0.4850.

gen   4 holistic     best 0.705 mean 0.183 best-dist 0.61 m
gen   4 conventional best 0.828 mean 0.568 best-dist 0.12 m
gen   4 took 204.1s
gen   5 holistic     best 0.661 mean 0.216 best-dist 0.23 m
gen   5 conventional best 0.908 mean 0.630 best-dist 0.03 m
gen   5 took 204.7s
gen   6 holistic     best 0.624 mean 0.236 best-dist 0.76 m
gen   6 conventional best 0.905 mean 0.680 best-dist 0.03 m
gen   6 took 202.5s
gen   7 holistic     best 0.500 mean 0.191 best-dist 0.97 m
gen   7 conventional best 0.829 mean 0.553 best-dist 0.28 m
gen   7 took 203.1s
gen   8 holistic     best 0.491 mean 0.192 best-dist 0.96 m
gen   8 conventional best 0.797 mean 0.565 best-dist 0.76 m
gen   8 took 206.5s
gen   9 holistic     best 0.670 mean 0.225 best-dist 0.66 m
gen   9 conventional best 0.781 mean 0.511 best-dist 0.14 m
gen   9 took 202.0s
gen  10 holistic     best 0.637 mean 0.253 best-dist 0.57 m
gen  10 conventional best 0.827 mean 0.529 best-dist 0.21 m
gen  10 took 207.2s
WARNING: Nan, Inf or huge value in QACC at DOF 0. The simulation is unstable. Time = 7.7800.

gen  11 holistic     best 0.594 mean 0.265 best-dist 0.87 m
WARNING: Nan, Inf or huge value in QACC at DOF 0. The simulation is unstable. Time = 10.9200.

gen  11 conventional best 0.844 mean 0.548 best-dist 0.08 m
gen  11 took 201.9s
gen  12 holistic     best 0.577 mean 0.250 best-dist 0.51 m
gen  12 conventional best 0.831 mean 0.567 best-dist 0.08 m
gen  12 took 203.6s
gen  13 holistic     best 0.517 mean 0.212 best-dist 1.07 m
gen  13 conventional best 0.731 mean 0.463 best-dist 1.13 m
gen  13 took 208.0s
WARNING: Nan, Inf or huge value in QACC at DOF 0. The simulation is unstable. Time = 0.7850.

WARNING: Nan, Inf or huge value in QACC at DOF 0. The simulation is unstable. Time = 0.7200.

gen  14 holistic     best 0.503 mean 0.226 best-dist 0.83 m
WARNING: Nan, Inf or huge value in QACC at DOF 1. The simulation is unstable. Time = 3.6450.

WARNING: Nan, Inf or huge value in QACC at DOF 0. The simulation is unstable. Time = 5.2400.

WARNING: Nan, Inf or huge value in QACC at DOF 3. The simulation is unstable. Time = 13.9850.

gen  14 conventional best 0.840 mean 0.550 best-dist 0.13 m
gen  14 took 207.4s
WARNING: Nan, Inf or huge value in QACC at DOF 0. The simulation is unstable. Time = 4.3350.

WARNING: Nan, Inf or huge value in QACC at DOF 0. The simulation is unstable. Time = 1.1000.

gen  15 holistic     best 0.703 mean 0.250 best-dist 0.74 m
WARNING: Nan, Inf or huge value in QACC at DOF 3. The simulation is unstable. Time = 3.9200.

gen  15 conventional best 0.876 mean 0.635 best-dist 0.13 m
gen  15 took 204.4s
gen  16 holistic     best 0.565 mean 0.220 best-dist 0.76 m
gen  16 conventional best 0.710 mean 0.448 best-dist 1.45 m
gen  16 took 209.2s
gen  17 holistic     best 0.762 mean 0.251 best-dist 0.24 m
gen  17 conventional best 0.843 mean 0.546 best-dist 0.05 m
gen  17 took 205.2s
WARNING: Nan, Inf or huge value in QACC at DOF 0. The simulation is unstable. Time = 6.7100.

WARNING: Nan, Inf or huge value in QACC at DOF 0. The simulation is unstable. Time = 6.4300.

gen  18 holistic     best 0.756 mean 0.255 best-dist 0.27 m
WARNING: Nan, Inf or huge value in QACC at DOF 3. The simulation is unstable. Time = 6.4900.

WARNING: Nan, Inf or huge value in QACC at DOF 3. The simulation is unstable. Time = 3.1550.

gen  18 conventional best 0.887 mean 0.605 best-dist 0.03 m
gen  18 took 204.9s
gen  19 holistic     best 0.723 mean 0.270 best-dist 0.28 m
gen  19 conventional best 0.903 mean 0.669 best-dist 0.08 m
gen  19 took 200.1s
WARNING: Nan, Inf or huge value in QACC at DOF 0. The simulation is unstable. Time = 6.6350.

WARNING: Nan, Inf or huge value in QACC at DOF 0. The simulation is unstable. Time = 6.8200.

gen  20 holistic     best 0.712 mean 0.291 best-dist 0.47 m
gen  20 conventional best 0.889 mean 0.629 best-dist 0.11 m
gen  20 took 200.6s
gen  21 holistic     best 0.582 mean 0.256 best-dist 0.89 m
gen  21 conventional best 0.782 mean 0.534 best-dist 0.99 m
gen  21 took 205.4s
gen  22 holistic     best 0.636 mean 0.255 best-dist 0.65 m
gen  22 conventional best 0.845 mean 0.550 best-dist 0.12 m
gen  22 took 204.9s
gen  23 holistic     best 0.725 mean 0.275 best-dist 0.28 m
WARNING: Nan, Inf or huge value in QACC at DOF 0. The simulation is unstable. Time = 3.9950.

WARNING: Nan, Inf or huge value in QACC at DOF 3. The simulation is unstable. Time = 2.4600.

WARNING: Nan, Inf or huge value in QACC at DOF 3. The simulation is unstable. Time = 7.9650.

gen  23 conventional best 0.887 mean 0.611 best-dist 0.06 m
gen  23 took 205.8s
WARNING: Nan, Inf or huge value in QACC at DOF 0. The simulation is unstable. Time = 8.6400.

gen  24 holistic     best 0.754 mean 0.297 best-dist 0.25 m
gen  24 conventional best 0.844 mean 0.564 best-dist 0.18 m
gen  24 took 204.4s
WARNING: Nan, Inf or huge value in QACC at DOF 0. The simulation is unstable. Time = 3.7100.

gen  25 holistic     best 0.577 mean 0.245 best-dist 2.47 m
gen  25 conventional best 0.777 mean 0.484 best-dist 0.22 m
gen  25 took 203.3s
gen  26 holistic     best 0.530 mean 0.232 best-dist 0.71 m
WARNING: Nan, Inf or huge value in QACC at DOF 5. The simulation is unstable. Time = 2.5950.

WARNING: Nan, Inf or huge value in QACC at DOF 0. The simulation is unstable. Time = 5.5600.

WARNING: Nan, Inf or huge value in QACC at DOF 1. The simulation is unstable. Time = 4.3850.

WARNING: Nan, Inf or huge value in QACC at DOF 0. The simulation is unstable. Time = 7.8800.

WARNING: Nan, Inf or huge value in QACC at DOF 0. The simulation is unstable. Time = 8.1400.

WARNING: Nan, Inf or huge value in QACC at DOF 3. The simulation is unstable. Time = 3.3550.

WARNING: Nan, Inf or huge value in QACC at DOF 0. The simulation is unstable. Time = 11.2250.

WARNING: Nan, Inf or huge value in QACC at DOF 0. The simulation is unstable. Time = 2.1050.

WARNING: Nan, Inf or huge value in QACC at DOF 1. The simulation is unstable. Time = 5.0600.

WARNING: Nan, Inf or huge value in QACC at DOF 0. The simulation is unstable. Time = 2.7200.

WARNING: Nan, Inf or huge value in QACC at DOF 0. The simulation is unstable. Time = 5.7050.

WARNING: Nan, Inf or huge value in QACC at DOF 3. The simulation is unstable. Time = 2.7900.

WARNING: Nan, Inf or huge value in QACC at DOF 0. The simulation is unstable. Time = 2.9450.

WARNING: Nan, Inf or huge value in QACC at DOF 3. The simulation is unstable. Time = 8.4300.

WARNING: Nan, Inf or huge value in QACC at DOF 0. The simulation is unstable. Time = 2.6550.

WARNING: Nan, Inf or huge value in QACC at DOF 3. The simulation is unstable. Time = 3.3400.

WARNING: Nan, Inf or huge value in QACC at DOF 0. The simulation is unstable. Time = 3.2400.

WARNING: Nan, Inf or huge value in QACC at DOF 3. The simulation is unstable. Time = 3.0700.

WARNING: Nan, Inf or huge value in QACC at DOF 2. The simulation is unstable. Time = 2.5450.

WARNING: Nan, Inf or huge value in QACC at DOF 0. The simulation is unstable. Time = 12.7300.

WARNING: Nan, Inf or huge value in QACC at DOF 0. The simulation is unstable. Time = 7.3050.

WARNING: Nan, Inf or huge value in QACC at DOF 0. The simulation is unstable. Time = 9.9650.

WARNING: Nan, Inf or huge value in QACC at DOF 0. The simulation is unstable. Time = 5.4200.

WARNING: Nan, Inf or huge value in QACC at DOF 0. The simulation is unstable. Time = 5.5100.

WARNING: Nan, Inf or huge value in QACC at DOF 2. The simulation is unstable. Time = 4.8700.

WARNING: Nan, Inf or huge value in QACC at DOF 0. The simulation is unstable. Time = 2.3150.

WARNING: Nan, Inf or huge value in QACC at DOF 4. The simulation is unstable. Time = 4.3300.

WARNING: Nan, Inf or huge value in QACC at DOF 0. The simulation is unstable. Time = 5.6350.

WARNING: Nan, Inf or huge value in QACC at DOF 3. The simulation is unstable. Time = 5.3550.

WARNING: Nan, Inf or huge value in QACC at DOF 0. The simulation is unstable. Time = 2.4900.

WARNING: Nan, Inf or huge value in QACC at DOF 0. The simulation is unstable. Time = 4.7700.

WARNING: Nan, Inf or huge value in QACC at DOF 1. The simulation is unstable. Time = 2.7850.

WARNING: Nan, Inf or huge value in QACC at DOF 4. The simulation is unstable. Time = 14.5200.

WARNING: Nan, Inf or huge value in QACC at DOF 3. The simulation is unstable. Time = 13.7400.

WARNING: Nan, Inf or huge value in QACC at DOF 3. The simulation is unstable. Time = 3.4050.

WARNING: Nan, Inf or huge value in QACC at DOF 0. The simulation is unstable. Time = 3.8200.

WARNING: Nan, Inf or huge value in QACC at DOF 3. The simulation is unstable. Time = 10.0050.

gen  26 conventional best 0.844 mean 0.522 best-dist 0.04 m
gen  26 took 203.3s
gen  27 holistic     best 0.536 mean 0.235 best-dist 0.88 m
gen  27 conventional best 0.713 mean 0.456 best-dist 0.78 m
gen  27 took 203.0s
gen  28 holistic     best 0.741 mean 0.247 best-dist 0.42 m
gen  28 conventional best 0.847 mean 0.539 best-dist 0.06 m
gen  28 took 205.4s
WARNING: Nan, Inf or huge value in QACC at DOF 0. The simulation is unstable. Time = 4.2850.

WARNING: Nan, Inf or huge value in QACC at DOF 0. The simulation is unstable. Time = 5.0900.

gen  29 holistic     best 0.733 mean 0.240 best-dist 0.37 m
gen  29 conventional best 0.870 mean 0.586 best-dist 0.05 m
gen  29 took 202.4s
WARNING: Nan, Inf or huge value in QACC at DOF 0. The simulation is unstable. Time = 7.6300.

gen  30 holistic     best 0.718 mean 0.250 best-dist 0.25 m
WARNING: Nan, Inf or huge value in QACC at DOF 5. The simulation is unstable. Time = 2.5650.

WARNING: Nan, Inf or huge value in QACC at DOF 0. The simulation is unstable. Time = 3.0000.

WARNING: Nan, Inf or huge value in QACC at DOF 0. The simulation is unstable. Time = 13.1750.

WARNING: Nan, Inf or huge value in QACC at DOF 0. The simulation is unstable. Time = 9.5150.

WARNING: Nan, Inf or huge value in QACC at DOF 3. The simulation is unstable. Time = 14.1000.

WARNING: Nan, Inf or huge value in QACC at DOF 3. The simulation is unstable. Time = 8.6650.

WARNING: Nan, Inf or huge value in QACC at DOF 0. The simulation is unstable. Time = 4.0400.

WARNING: Nan, Inf or huge value in QACC at DOF 0. The simulation is unstable. Time = 2.5700.

WARNING: Nan, Inf or huge value in QACC at DOF 1. The simulation is unstable. Time = 5.0150.

WARNING: Nan, Inf or huge value in QACC at DOF 0. The simulation is unstable. Time = 4.8450.

WARNING: Nan, Inf or huge value in QACC at DOF 0. The simulation is unstable. Time = 11.9650.

WARNING: Nan, Inf or huge value in QACC at DOF 0. The simulation is unstable. Time = 2.2300.

WARNING: Nan, Inf or huge value in QACC at DOF 3. The simulation is unstable. Time = 7.1150.

WARNING: Nan, Inf or huge value in QACC at DOF 0. The simulation is unstable. Time = 4.5100.

WARNING: Nan, Inf or huge value in QACC at DOF 0. The simulation is unstable. Time = 11.7050.

gen  30 conventional best 0.845 mean 0.577 best-dist 0.25 m
gen  30 took 202.9s
gen  31 holistic     best 0.757 mean 0.262 best-dist 0.25 m
gen  31 conventional best 0.814 mean 0.482 best-dist 0.18 m
gen  31 took 203.8s
gen  32 holistic     best 0.679 mean 0.227 best-dist 0.43 m
gen  32 conventional best 0.861 mean 0.588 best-dist 0.07 m
gen  32 took 204.2s
gen  33 holistic     best 0.671 mean 0.245 best-dist 0.62 m
WARNING: Nan, Inf or huge value in QACC at DOF 0. The simulation is unstable. Time = 4.9700.

gen  33 conventional best 0.771 mean 0.480 best-dist 0.23 m
gen  33 took 205.7s
WARNING: Nan, Inf or huge value in QACC at DOF 3. The simulation is unstable. Time = 0.1200.

WARNING: Nan, Inf or huge value in QACC at DOF 1. The simulation is unstable. Time = 0.1050.

WARNING: Nan, Inf or huge value in QACC at DOF 1. The simulation is unstable. Time = 13.7150.

gen  34 holistic     best 0.650 mean 0.243 best-dist 0.50 m
WARNING: Nan, Inf or huge value in QACC at DOF 3. The simulation is unstable. Time = 6.6850.

WARNING: Nan, Inf or huge value in QACC at DOF 0. The simulation is unstable. Time = 11.6200.

WARNING: Nan, Inf or huge value in QACC at DOF 0. The simulation is unstable. Time = 4.6400.

WARNING: Nan, Inf or huge value in QACC at DOF 0. The simulation is unstable. Time = 12.6750.

WARNING: Nan, Inf or huge value in QACC at DOF 3. The simulation is unstable. Time = 6.2850.

WARNING: Nan, Inf or huge value in QACC at DOF 0. The simulation is unstable. Time = 7.4050.

WARNING: Nan, Inf or huge value in QACC at DOF 0. The simulation is unstable. Time = 10.6600.

WARNING: Nan, Inf or huge value in QACC at DOF 0. The simulation is unstable. Time = 8.5150.

WARNING: Nan, Inf or huge value in QACC at DOF 0. The simulation is unstable. Time = 10.7500.

WARNING: Nan, Inf or huge value in QACC at DOF 0. The simulation is unstable. Time = 11.7850.

WARNING: Nan, Inf or huge value in QACC at DOF 0. The simulation is unstable. Time = 5.0850.

WARNING: Nan, Inf or huge value in QACC at DOF 0. The simulation is unstable. Time = 4.0400.

WARNING: Nan, Inf or huge value in QACC at DOF 0. The simulation is unstable. Time = 9.2900.

WARNING: Nan, Inf or huge value in QACC at DOF 0. The simulation is unstable. Time = 6.0500.

WARNING: Nan, Inf or huge value in QACC at DOF 2. The simulation is unstable. Time = 12.8300.

WARNING: Nan, Inf or huge value in QACC at DOF 0. The simulation is unstable. Time = 7.0300.

WARNING: Nan, Inf or huge value in QACC at DOF 0. The simulation is unstable. Time = 5.9300.

WARNING: Nan, Inf or huge value in QACC at DOF 0. The simulation is unstable. Time = 8.8350.

WARNING: Nan, Inf or huge value in QACC at DOF 3. The simulation is unstable. Time = 4.3400.

gen  34 conventional best 0.804 mean 0.560 best-dist 0.11 m
gen  34 took 201.0s
gen  35 holistic     best 0.674 mean 0.255 best-dist 0.45 m
gen  35 conventional best 0.838 mean 0.587 best-dist 0.12 m
gen  35 took 202.9s
WARNING: Nan, Inf or huge value in QACC at DOF 0. The simulation is unstable. Time = 0.7700.

WARNING: Nan, Inf or huge value in QACC at DOF 0. The simulation is unstable. Time = 0.8250.

gen  36 holistic     best 0.622 mean 0.225 best-dist 0.43 m
gen  36 conventional best 0.749 mean 0.489 best-dist 0.25 m
gen  36 took 203.8s
gen  37 holistic     best 0.715 mean 0.270 best-dist 0.37 m
gen  37 conventional best 0.837 mean 0.542 best-dist 0.12 m
gen  37 took 204.8s
gen  38 holistic     best 0.778 mean 0.294 best-dist 0.14 m
gen  38 conventional best 0.860 mean 0.565 best-dist 0.17 m
gen  38 took 203.6s
WARNING: Nan, Inf or huge value in QACC at DOF 0. The simulation is unstable. Time = 0.5400.

WARNING: Nan, Inf or huge value in QACC at DOF 0. The simulation is unstable. Time = 0.4200.

gen  39 holistic     best 0.653 mean 0.240 best-dist 0.62 m
WARNING: Nan, Inf or huge value in QACC at DOF 0. The simulation is unstable. Time = 7.4250.

WARNING: Nan, Inf or huge value in QACC at DOF 3. The simulation is unstable. Time = 6.3700.

WARNING: Nan, Inf or huge value in QACC at DOF 4. The simulation is unstable. Time = 8.6050.

WARNING: Nan, Inf or huge value in QACC at DOF 0. The simulation is unstable. Time = 10.3450.

WARNING: Nan, Inf or huge value in QACC at DOF 0. The simulation is unstable. Time = 12.0200.

WARNING: Nan, Inf or huge value in QACC at DOF 0. The simulation is unstable. Time = 13.1000.

WARNING: Nan, Inf or huge value in QACC at DOF 0. The simulation is unstable. Time = 13.4550.

WARNING: Nan, Inf or huge value in QACC at DOF 0. The simulation is unstable. Time = 9.3350.

WARNING: Nan, Inf or huge value in QACC at DOF 0. The simulation is unstable. Time = 3.1150.

WARNING: Nan, Inf or huge value in QACC at DOF 0. The simulation is unstable. Time = 2.5750.

gen  39 conventional best 0.839 mean 0.555 best-dist 0.07 m
gen  39 took 201.9s
WARNING: Nan, Inf or huge value in QACC at DOF 1. The simulation is unstable. Time = 8.9000.

WARNING: Nan, Inf or huge value in QACC at DOF 0. The simulation is unstable. Time = 13.3750.

gen  40 holistic     best 0.628 mean 0.274 best-dist 0.57 m
gen  40 conventional best 0.866 mean 0.571 best-dist 0.10 m
gen  40 took 201.8s
WARNING: Nan, Inf or huge value in QACC at DOF 0. The simulation is unstable. Time = 7.0850.

WARNING: Nan, Inf or huge value in QACC at DOF 12. The simulation is unstable. Time = 9.8150.

WARNING: Nan, Inf or huge value in QACC at DOF 0. The simulation is unstable. Time = 9.9150.

gen  41 holistic     best 0.624 mean 0.277 best-dist 0.66 m
gen  41 conventional best 0.797 mean 0.564 best-dist 0.17 m
gen  41 took 202.2s
gen  42 holistic     best 0.578 mean 0.270 best-dist 0.97 m
gen  42 conventional best 0.844 mean 0.495 best-dist 0.17 m
gen  42 took 200.8s
WARNING: Nan, Inf or huge value in QACC at DOF 3. The simulation is unstable. Time = 7.0500.

WARNING: Nan, Inf or huge value in QACC at DOF 0. The simulation is unstable. Time = 6.7500.

gen  43 holistic     best 0.766 mean 0.268 best-dist 0.38 m
gen  43 conventional best 0.892 mean 0.612 best-dist 0.03 m
gen  43 took 199.6s
gen  44 holistic     best 0.565 mean 0.246 best-dist 0.57 m
WARNING: Nan, Inf or huge value in QACC at DOF 0. The simulation is unstable. Time = 2.4000.

WARNING: Nan, Inf or huge value in QACC at DOF 3. The simulation is unstable. Time = 3.7200.

WARNING: Nan, Inf or huge value in QACC at DOF 0. The simulation is unstable. Time = 2.3450.

WARNING: Nan, Inf or huge value in QACC at DOF 2. The simulation is unstable. Time = 5.9000.

WARNING: Nan, Inf or huge value in QACC at DOF 3. The simulation is unstable. Time = 3.9550.

WARNING: Nan, Inf or huge value in QACC at DOF 0. The simulation is unstable. Time = 3.8450.

WARNING: Nan, Inf or huge value in QACC at DOF 4. The simulation is unstable. Time = 1.9200.

WARNING: Nan, Inf or huge value in QACC at DOF 0. The simulation is unstable. Time = 10.9100.

WARNING: Nan, Inf or huge value in QACC at DOF 3. The simulation is unstable. Time = 5.3950.

WARNING: Nan, Inf or huge value in QACC at DOF 0. The simulation is unstable. Time = 2.6850.

WARNING: Nan, Inf or huge value in QACC at DOF 0. The simulation is unstable. Time = 7.6050.

WARNING: Nan, Inf or huge value in QACC at DOF 0. The simulation is unstable. Time = 5.2000.

gen  44 conventional best 0.841 mean 0.571 best-dist 0.13 m
gen  44 took 204.4s
gen  45 holistic     best 0.540 mean 0.232 best-dist 0.46 m
gen  45 conventional best 0.821 mean 0.577 best-dist 0.14 m
gen  45 took 202.1s
gen  46 holistic     best 0.646 mean 0.253 best-dist 0.45 m
gen  46 conventional best 0.803 mean 0.589 best-dist 0.46 m
gen  46 took 204.7s
gen  47 holistic     best 0.610 mean 0.261 best-dist 0.53 m
gen  47 conventional best 0.849 mean 0.591 best-dist 0.03 m
gen  47 took 200.5s
gen  48 holistic     best 0.670 mean 0.269 best-dist 0.16 m
gen  48 conventional best 0.872 mean 0.581 best-dist 0.04 m
gen  48 took 203.0s
gen  49 holistic     best 0.700 mean 0.273 best-dist 0.29 m
WARNING: Nan, Inf or huge value in QACC at DOF 3. The simulation is unstable. Time = 6.3300.

WARNING: Nan, Inf or huge value in QACC at DOF 0. The simulation is unstable. Time = 13.1000.

WARNING: Nan, Inf or huge value in QACC at DOF 3. The simulation is unstable. Time = 6.6800.

WARNING: Nan, Inf or huge value in QACC at DOF 0. The simulation is unstable. Time = 9.2450.

WARNING: Nan, Inf or huge value in QACC at DOF 0. The simulation is unstable. Time = 8.8000.

WARNING: Nan, Inf or huge value in QACC at DOF 4. The simulation is unstable. Time = 10.7000.

WARNING: Nan, Inf or huge value in QACC at DOF 3. The simulation is unstable. Time = 7.7500.

gen  49 conventional best 0.859 mean 0.588 best-dist 0.03 m
gen  49 took 205.0s
WARNING: Nan, Inf or huge value in QACC at DOF 0. The simulation is unstable. Time = 11.0500.

gen  50 holistic     best 0.517 mean 0.244 best-dist 0.97 m
gen  50 conventional best 0.836 mean 0.540 best-dist 0.11 m
gen  50 took 201.5s
gen  51 holistic     best 0.718 mean 0.272 best-dist 0.34 m
WARNING: Nan, Inf or huge value in QACC at DOF 2. The simulation is unstable. Time = 6.6350.

gen  51 conventional best 0.870 mean 0.614 best-dist 0.08 m
gen  51 took 199.2s
WARNING: Nan, Inf or huge value in QACC at DOF 1. The simulation is unstable. Time = 6.1650.

gen  52 holistic     best 0.684 mean 0.277 best-dist 0.35 m
gen  52 conventional best 0.859 mean 0.628 best-dist 0.07 m
gen  52 took 201.3s
gen  53 holistic     best 0.530 mean 0.216 best-dist 2.11 m
WARNING: Nan, Inf or huge value in QACC at DOF 3. The simulation is unstable. Time = 4.2750.

WARNING: Nan, Inf or huge value in QACC at DOF 3. The simulation is unstable. Time = 14.3550.

WARNING: Nan, Inf or huge value in QACC at DOF 0. The simulation is unstable. Time = 10.6950.

WARNING: Nan, Inf or huge value in QACC at DOF 3. The simulation is unstable. Time = 11.0550.

gen  53 conventional best 0.814 mean 0.514 best-dist 2.04 m
gen  53 took 201.3s
WARNING: Nan, Inf or huge value in QACC at DOF 12. The simulation is unstable. Time = 3.9400.

WARNING: Nan, Inf or huge value in QACC at DOF 0. The simulation is unstable. Time = 7.3350.

gen  54 holistic     best 0.618 mean 0.237 best-dist 0.72 m
gen  54 conventional best 0.859 mean 0.626 best-dist 0.06 m
gen  54 took 200.7s
gen  55 holistic     best 0.527 mean 0.232 best-dist 0.55 m
WARNING: Nan, Inf or huge value in QACC at DOF 3. The simulation is unstable. Time = 10.1950.

WARNING: Nan, Inf or huge value in QACC at DOF 0. The simulation is unstable. Time = 9.6650.

WARNING: Nan, Inf or huge value in QACC at DOF 2. The simulation is unstable. Time = 4.7250.

WARNING: Nan, Inf or huge value in QACC at DOF 0. The simulation is unstable. Time = 7.2750.

gen  55 conventional best 0.839 mean 0.543 best-dist 0.09 m
gen  55 took 199.9s
WARNING: Nan, Inf or huge value in QACC at DOF 3. The simulation is unstable. Time = 10.2650.

gen  56 holistic     best 0.472 mean 0.211 best-dist 1.68 m
gen  56 conventional best 0.821 mean 0.579 best-dist 0.05 m
gen  56 took 200.5s
WARNING: Nan, Inf or huge value in QACC at DOF 0. The simulation is unstable. Time = 12.8550.

WARNING: Nan, Inf or huge value in QACC at DOF 3. The simulation is unstable. Time = 5.1650.

WARNING: Nan, Inf or huge value in QACC at DOF 0. The simulation is unstable. Time = 7.4200.

WARNING: Nan, Inf or huge value in QACC at DOF 0. The simulation is unstable. Time = 6.9850.

WARNING: Nan, Inf or huge value in QACC at DOF 0. The simulation is unstable. Time = 9.0050.

gen  57 holistic     best 0.721 mean 0.249 best-dist 0.32 m
gen  57 conventional best 0.875 mean 0.631 best-dist 0.06 m
gen  57 took 200.9s
WARNING: Nan, Inf or huge value in QACC at DOF 0. The simulation is unstable. Time = 5.7000.

WARNING: Nan, Inf or huge value in QACC at DOF 3. The simulation is unstable. Time = 4.4550.

gen  58 holistic     best 0.635 mean 0.262 best-dist 0.48 m
gen  58 conventional best 0.858 mean 0.606 best-dist 0.10 m
gen  58 took 207.3s
WARNING: Nan, Inf or huge value in QACC at DOF 0. The simulation is unstable. Time = 1.4850.

gen  59 holistic     best 0.594 mean 0.242 best-dist 0.80 m
gen  59 conventional best 0.844 mean 0.545 best-dist 0.10 m
gen  59 took 202.0s
gen  60 holistic     best 0.698 mean 0.273 best-dist 0.59 m
gen  60 conventional best 0.882 mean 0.663 best-dist 0.04 m
gen  60 took 199.9s
gen  61 holistic     best 0.555 mean 0.227 best-dist 0.73 m
gen  61 conventional best 0.823 mean 0.551 best-dist 0.17 m
gen  61 took 203.9s
WARNING: Nan, Inf or huge value in QACC at DOF 0. The simulation is unstable. Time = 4.3050.

WARNING: Nan, Inf or huge value in QACC at DOF 0. The simulation is unstable. Time = 8.4400.

gen  62 holistic     best 0.765 mean 0.270 best-dist 0.21 m
WARNING: Nan, Inf or huge value in QACC at DOF 0. The simulation is unstable. Time = 2.0400.

WARNING: Nan, Inf or huge value in QACC at DOF 0. The simulation is unstable. Time = 2.6050.

gen  62 conventional best 0.859 mean 0.598 best-dist 0.09 m
gen  62 took 202.3s
WARNING: Nan, Inf or huge value in QACC at DOF 0. The simulation is unstable. Time = 0.4000.

WARNING: Nan, Inf or huge value in QACC at DOF 0. The simulation is unstable. Time = 0.3250.

WARNING: Nan, Inf or huge value in QACC at DOF 2. The simulation is unstable. Time = 2.9800.

WARNING: Nan, Inf or huge value in QACC at DOF 0. The simulation is unstable. Time = 2.3450.

gen  63 holistic     best 0.627 mean 0.247 best-dist 0.64 m
gen  63 conventional best 0.848 mean 0.599 best-dist 0.12 m
gen  63 took 202.2s
gen  64 holistic     best 0.528 mean 0.228 best-dist 1.03 m
WARNING: Nan, Inf or huge value in QACC at DOF 0. The simulation is unstable. Time = 4.4350.

WARNING: Nan, Inf or huge value in QACC at DOF 0. The simulation is unstable. Time = 5.1350.

WARNING: Nan, Inf or huge value in QACC at DOF 0. The simulation is unstable. Time = 7.4100.

WARNING: Nan, Inf or huge value in QACC at DOF 3. The simulation is unstable. Time = 5.0300.

WARNING: Nan, Inf or huge value in QACC at DOF 0. The simulation is unstable. Time = 5.3450.

WARNING: Nan, Inf or huge value in QACC at DOF 3. The simulation is unstable. Time = 12.5450.

WARNING: Nan, Inf or huge value in QACC at DOF 3. The simulation is unstable. Time = 6.0900.

WARNING: Nan, Inf or huge value in QACC at DOF 3. The simulation is unstable. Time = 7.4500.

WARNING: Nan, Inf or huge value in QACC at DOF 0. The simulation is unstable. Time = 4.9850.

gen  64 conventional best 0.834 mean 0.571 best-dist 0.08 m
gen  64 took 200.7s
gen  65 holistic     best 0.549 mean 0.229 best-dist 0.78 m
WARNING: Nan, Inf or huge value in QACC at DOF 0. The simulation is unstable. Time = 7.4700.

WARNING: Nan, Inf or huge value in QACC at DOF 0. The simulation is unstable. Time = 6.3300.

WARNING: Nan, Inf or huge value in QACC at DOF 4. The simulation is unstable. Time = 4.2650.

WARNING: Nan, Inf or huge value in QACC at DOF 0. The simulation is unstable. Time = 5.4050.

WARNING: Nan, Inf or huge value in QACC at DOF 0. The simulation is unstable. Time = 4.1500.

WARNING: Nan, Inf or huge value in QACC at DOF 0. The simulation is unstable. Time = 3.7600.

WARNING: Nan, Inf or huge value in QACC at DOF 0. The simulation is unstable. Time = 4.1950.

WARNING: Nan, Inf or huge value in QACC at DOF 0. The simulation is unstable. Time = 3.7250.

WARNING: Nan, Inf or huge value in QACC at DOF 3. The simulation is unstable. Time = 4.7250.

WARNING: Nan, Inf or huge value in QACC at DOF 1. The simulation is unstable. Time = 4.9450.

WARNING: Nan, Inf or huge value in QACC at DOF 0. The simulation is unstable. Time = 5.9800.

WARNING: Nan, Inf or huge value in QACC at DOF 0. The simulation is unstable. Time = 7.8250.

WARNING: Nan, Inf or huge value in QACC at DOF 3. The simulation is unstable. Time = 6.4400.

WARNING: Nan, Inf or huge value in QACC at DOF 0. The simulation is unstable. Time = 7.7600.

WARNING: Nan, Inf or huge value in QACC at DOF 3. The simulation is unstable. Time = 7.9800.

WARNING: Nan, Inf or huge value in QACC at DOF 3. The simulation is unstable. Time = 5.8400.

WARNING: Nan, Inf or huge value in QACC at DOF 0. The simulation is unstable. Time = 5.3350.

WARNING: Nan, Inf or huge value in QACC at DOF 0. The simulation is unstable. Time = 9.5900.

WARNING: Nan, Inf or huge value in QACC at DOF 4. The simulation is unstable. Time = 4.6800.

WARNING: Nan, Inf or huge value in QACC at DOF 2. The simulation is unstable. Time = 10.3750.

WARNING: Nan, Inf or huge value in QACC at DOF 0. The simulation is unstable. Time = 8.0350.

WARNING: Nan, Inf or huge value in QACC at DOF 4. The simulation is unstable. Time = 6.1700.

gen  65 conventional best 0.849 mean 0.590 best-dist 0.16 m
gen  65 took 204.2s
gen  66 holistic     best 0.686 mean 0.239 best-dist 0.32 m
gen  66 conventional best 0.834 mean 0.585 best-dist 0.09 m
gen  66 took 200.1s
WARNING: Nan, Inf or huge value in QACC at DOF 0. The simulation is unstable. Time = 0.1900.

WARNING: Nan, Inf or huge value in QACC at DOF 0. The simulation is unstable. Time = 0.1900.

gen  67 holistic     best 0.612 mean 0.231 best-dist 0.42 m
gen  67 conventional best 0.838 mean 0.543 best-dist 0.12 m
gen  67 took 205.2s
gen  68 holistic     best 0.521 mean 0.223 best-dist 1.50 m
gen  68 conventional best 0.806 mean 0.567 best-dist 0.09 m
gen  68 took 203.0s
gen  69 holistic     best 0.531 mean 0.230 best-dist 0.71 m
gen  69 conventional best 0.850 mean 0.572 best-dist 0.06 m
gen  69 took 199.3s
gen  70 holistic     best 0.517 mean 0.211 best-dist 0.83 m
gen  70 conventional best 0.809 mean 0.557 best-dist 0.24 m
gen  70 took 201.1s
gen  71 holistic     best 0.485 mean 0.215 best-dist 0.81 m
gen  71 conventional best 0.824 mean 0.568 best-dist 0.15 m
gen  71 took 200.1s
WARNING: Nan, Inf or huge value in QACC at DOF 3. The simulation is unstable. Time = 10.3600.

WARNING: Nan, Inf or huge value in QACC at DOF 0. The simulation is unstable. Time = 0.3850.

WARNING: Nan, Inf or huge value in QACC at DOF 0. The simulation is unstable. Time = 0.1850.

WARNING: Nan, Inf or huge value in QACC at DOF 1. The simulation is unstable. Time = 6.0650.

gen  72 holistic     best 0.636 mean 0.221 best-dist 0.57 m
gen  72 conventional best 0.767 mean 0.531 best-dist 0.53 m
gen  72 took 201.4s
gen  73 holistic     best 0.613 mean 0.236 best-dist 0.54 m
gen  73 conventional best 0.874 mean 0.618 best-dist 0.04 m
gen  73 took 198.5s
gen  74 holistic     best 0.611 mean 0.215 best-dist 1.12 m
WARNING: Nan, Inf or huge value in QACC at DOF 0. The simulation is unstable. Time = 5.8900.

WARNING: Nan, Inf or huge value in QACC at DOF 0. The simulation is unstable. Time = 8.4450.

gen  74 conventional best 0.835 mean 0.551 best-dist 0.09 m
gen  74 took 199.3s
gen  75 holistic     best 0.551 mean 0.189 best-dist 0.68 m
gen  75 conventional best 0.807 mean 0.582 best-dist 0.21 m
gen  75 took 199.3s
WARNING: Nan, Inf or huge value in QACC at DOF 0. The simulation is unstable. Time = 6.2450.

gen  76 holistic     best 0.593 mean 0.216 best-dist 0.68 m
gen  76 conventional best 0.766 mean 0.539 best-dist 0.45 m
gen  76 took 200.7s
gen  77 holistic     best 0.637 mean 0.232 best-dist 0.53 m
WARNING: Nan, Inf or huge value in QACC at DOF 0. The simulation is unstable. Time = 9.0850.

WARNING: Nan, Inf or huge value in QACC at DOF 0. The simulation is unstable. Time = 11.0200.

WARNING: Nan, Inf or huge value in QACC at DOF 2. The simulation is unstable. Time = 10.5350.

WARNING: Nan, Inf or huge value in QACC at DOF 0. The simulation is unstable. Time = 13.4550.

WARNING: Nan, Inf or huge value in QACC at DOF 0. The simulation is unstable. Time = 13.9650.

WARNING: Nan, Inf or huge value in QACC at DOF 0. The simulation is unstable. Time = 7.2200.

WARNING: Nan, Inf or huge value in QACC at DOF 0. The simulation is unstable. Time = 11.3700.

WARNING: Nan, Inf or huge value in QACC at DOF 3. The simulation is unstable. Time = 10.0350.

WARNING: Nan, Inf or huge value in QACC at DOF 0. The simulation is unstable. Time = 5.8800.

WARNING: Nan, Inf or huge value in QACC at DOF 3. The simulation is unstable. Time = 12.8550.

WARNING: Nan, Inf or huge value in QACC at DOF 0. The simulation is unstable. Time = 8.7350.

WARNING: Nan, Inf or huge value in QACC at DOF 3. The simulation is unstable. Time = 8.3750.

WARNING: Nan, Inf or huge value in QACC at DOF 0. The simulation is unstable. Time = 7.3500.

WARNING: Nan, Inf or huge value in QACC at DOF 0. The simulation is unstable. Time = 10.4800.

WARNING: Nan, Inf or huge value in QACC at DOF 0. The simulation is unstable. Time = 13.2900.

WARNING: Nan, Inf or huge value in QACC at DOF 2. The simulation is unstable. Time = 7.1600.

WARNING: Nan, Inf or huge value in QACC at DOF 0. The simulation is unstable. Time = 6.9000.

WARNING: Nan, Inf or huge value in QACC at DOF 0. The simulation is unstable. Time = 8.0350.

gen  77 conventional best 0.837 mean 0.540 best-dist 0.10 m
gen  77 took 197.1s
gen  78 holistic     best 0.530 mean 0.229 best-dist 1.13 m
gen  78 conventional best 0.742 mean 0.501 best-dist 0.95 m
gen  78 took 197.3s
gen  79 holistic     best 0.567 mean 0.224 best-dist 0.55 m
WARNING: Nan, Inf or huge value in QACC at DOF 0. The simulation is unstable. Time = 11.5050.

WARNING: Nan, Inf or huge value in QACC at DOF 0. The simulation is unstable. Time = 4.3600.

WARNING: Nan, Inf or huge value in QACC at DOF 0. The simulation is unstable. Time = 6.0900.

WARNING: Nan, Inf or huge value in QACC at DOF 3. The simulation is unstable. Time = 13.8400.

WARNING: Nan, Inf or huge value in QACC at DOF 0. The simulation is unstable. Time = 9.0300.

WARNING: Nan, Inf or huge value in QACC at DOF 0. The simulation is unstable. Time = 10.7600.

WARNING: Nan, Inf or huge value in QACC at DOF 3. The simulation is unstable. Time = 7.1250.

WARNING: Nan, Inf or huge value in QACC at DOF 0. The simulation is unstable. Time = 8.3800.

WARNING: Nan, Inf or huge value in QACC at DOF 1. The simulation is unstable. Time = 12.8000.

WARNING: Nan, Inf or huge value in QACC at DOF 0. The simulation is unstable. Time = 9.9950.

WARNING: Nan, Inf or huge value in QACC at DOF 4. The simulation is unstable. Time = 6.7650.

WARNING: Nan, Inf or huge value in QACC at DOF 3. The simulation is unstable. Time = 6.0450.

WARNING: Nan, Inf or huge value in QACC at DOF 0. The simulation is unstable. Time = 6.5450.

WARNING: Nan, Inf or huge value in QACC at DOF 0. The simulation is unstable. Time = 5.4050.

WARNING: Nan, Inf or huge value in QACC at DOF 0. The simulation is unstable. Time = 9.0450.

WARNING: Nan, Inf or huge value in QACC at DOF 0. The simulation is unstable. Time = 4.9150.

WARNING: Nan, Inf or huge value in QACC at DOF 3. The simulation is unstable. Time = 13.4300.

WARNING: Nan, Inf or huge value in QACC at DOF 4. The simulation is unstable. Time = 4.9850.

WARNING: Nan, Inf or huge value in QACC at DOF 3. The simulation is unstable. Time = 12.6900.

WARNING: Nan, Inf or huge value in QACC at DOF 0. The simulation is unstable. Time = 14.6200.

WARNING: Nan, Inf or huge value in QACC at DOF 3. The simulation is unstable. Time = 6.9550.

WARNING: Nan, Inf or huge value in QACC at DOF 0. The simulation is unstable. Time = 9.0450.

WARNING: Nan, Inf or huge value in QACC at DOF 3. The simulation is unstable. Time = 4.6700.

WARNING: Nan, Inf or huge value in QACC at DOF 0. The simulation is unstable. Time = 9.4850.

WARNING: Nan, Inf or huge value in QACC at DOF 3. The simulation is unstable. Time = 6.0900.

WARNING: Nan, Inf or huge value in QACC at DOF 0. The simulation is unstable. Time = 4.9700.

WARNING: Nan, Inf or huge value in QACC at DOF 0. The simulation is unstable. Time = 8.8500.

WARNING: Nan, Inf or huge value in QACC at DOF 0. The simulation is unstable. Time = 11.7950.

WARNING: Nan, Inf or huge value in QACC at DOF 5. The simulation is unstable. Time = 8.0400.

WARNING: Nan, Inf or huge value in QACC at DOF 0. The simulation is unstable. Time = 5.1900.

WARNING: Nan, Inf or huge value in QACC at DOF 3. The simulation is unstable. Time = 10.5000.

WARNING: Nan, Inf or huge value in QACC at DOF 0. The simulation is unstable. Time = 8.8400.

WARNING: Nan, Inf or huge value in QACC at DOF 0. The simulation is unstable. Time = 13.0850.

WARNING: Nan, Inf or huge value in QACC at DOF 4. The simulation is unstable. Time = 8.3150.

WARNING: Nan, Inf or huge value in QACC at DOF 4. The simulation is unstable. Time = 6.0650.

WARNING: Nan, Inf or huge value in QACC at DOF 1. The simulation is unstable. Time = 14.2950.

WARNING: Nan, Inf or huge value in QACC at DOF 0. The simulation is unstable. Time = 9.8350.

gen  79 conventional best 0.749 mean 0.496 best-dist 0.44 m
gen  79 took 193.2s
WARNING: Nan, Inf or huge value in QACC at DOF 0. The simulation is unstable. Time = 3.3800.

WARNING: Nan, Inf or huge value in QACC at DOF 0. The simulation is unstable. Time = 4.5550.

WARNING: Nan, Inf or huge value in QACC at DOF 0. The simulation is unstable. Time = 6.4850.

WARNING: Nan, Inf or huge value in QACC at DOF 0. The simulation is unstable. Time = 5.5950.

WARNING: Nan, Inf or huge value in QACC at DOF 0. The simulation is unstable. Time = 9.6900.

gen  80 holistic     best 0.599 mean 0.255 best-dist 0.52 m
WARNING: Nan, Inf or huge value in QACC at DOF 3. The simulation is unstable. Time = 2.9400.

WARNING: Nan, Inf or huge value in QACC at DOF 3. The simulation is unstable. Time = 8.5250.

WARNING: Nan, Inf or huge value in QACC at DOF 4. The simulation is unstable. Time = 2.2500.

WARNING: Nan, Inf or huge value in QACC at DOF 0. The simulation is unstable. Time = 3.0050.

WARNING: Nan, Inf or huge value in QACC at DOF 0. The simulation is unstable. Time = 5.0050.

WARNING: Nan, Inf or huge value in QACC at DOF 3. The simulation is unstable. Time = 12.9450.

WARNING: Nan, Inf or huge value in QACC at DOF 3. The simulation is unstable. Time = 3.1650.

WARNING: Nan, Inf or huge value in QACC at DOF 0. The simulation is unstable. Time = 2.5800.

WARNING: Nan, Inf or huge value in QACC at DOF 0. The simulation is unstable. Time = 2.6550.

WARNING: Nan, Inf or huge value in QACC at DOF 0. The simulation is unstable. Time = 1.8350.

WARNING: Nan, Inf or huge value in QACC at DOF 3. The simulation is unstable. Time = 3.0500.

WARNING: Nan, Inf or huge value in QACC at DOF 4. The simulation is unstable. Time = 2.3150.

gen  80 conventional best 0.822 mean 0.497 best-dist 0.11 m
gen  80 took 195.7s
gen  81 holistic     best 0.499 mean 0.193 best-dist 0.61 m
WARNING: Nan, Inf or huge value in QACC at DOF 1. The simulation is unstable. Time = 5.1250.

WARNING: Nan, Inf or huge value in QACC at DOF 1. The simulation is unstable. Time = 3.7950.

WARNING: Nan, Inf or huge value in QACC at DOF 2. The simulation is unstable. Time = 3.7900.

WARNING: Nan, Inf or huge value in QACC at DOF 0. The simulation is unstable. Time = 4.6750.

WARNING: Nan, Inf or huge value in QACC at DOF 3. The simulation is unstable. Time = 4.9450.

WARNING: Nan, Inf or huge value in QACC at DOF 0. The simulation is unstable. Time = 6.6800.

WARNING: Nan, Inf or huge value in QACC at DOF 3. The simulation is unstable. Time = 8.0400.

WARNING: Nan, Inf or huge value in QACC at DOF 4. The simulation is unstable. Time = 4.4700.

WARNING: Nan, Inf or huge value in QACC at DOF 0. The simulation is unstable. Time = 3.2950.

WARNING: Nan, Inf or huge value in QACC at DOF 4. The simulation is unstable. Time = 7.3700.

WARNING: Nan, Inf or huge value in QACC at DOF 0. The simulation is unstable. Time = 11.2100.

WARNING: Nan, Inf or huge value in QACC at DOF 0. The simulation is unstable. Time = 8.2850.

WARNING: Nan, Inf or huge value in QACC at DOF 0. The simulation is unstable. Time = 5.8000.

WARNING: Nan, Inf or huge value in QACC at DOF 0. The simulation is unstable. Time = 5.6700.

WARNING: Nan, Inf or huge value in QACC at DOF 0. The simulation is unstable. Time = 5.9950.

WARNING: Nan, Inf or huge value in QACC at DOF 0. The simulation is unstable. Time = 12.8850.

WARNING: Nan, Inf or huge value in QACC at DOF 0. The simulation is unstable. Time = 7.0250.

WARNING: Nan, Inf or huge value in QACC at DOF 1. The simulation is unstable. Time = 5.7650.

WARNING: Nan, Inf or huge value in QACC at DOF 0. The simulation is unstable. Time = 6.0950.

WARNING: Nan, Inf or huge value in QACC at DOF 4. The simulation is unstable. Time = 11.0850.

gen  81 conventional best 0.714 mean 0.445 best-dist 0.39 m
gen  81 took 194.8s
gen  82 holistic     best 0.460 mean 0.202 best-dist 1.06 m
gen  82 conventional best 0.710 mean 0.494 best-dist 0.74 m
gen  82 took 196.5s
gen  83 holistic     best 0.558 mean 0.214 best-dist 0.66 m
WARNING: Nan, Inf or huge value in QACC at DOF 0. The simulation is unstable. Time = 8.3950.

WARNING: Nan, Inf or huge value in QACC at DOF 0. The simulation is unstable. Time = 6.5550.

gen  83 conventional best 0.800 mean 0.522 best-dist 0.11 m
gen  83 took 197.9s
WARNING: Nan, Inf or huge value in QACC at DOF 5. The simulation is unstable. Time = 0.2500.

WARNING: Nan, Inf or huge value in QACC at DOF 0. The simulation is unstable. Time = 0.2650.

gen  84 holistic     best 0.569 mean 0.226 best-dist 0.72 m
WARNING: Nan, Inf or huge value in QACC at DOF 0. The simulation is unstable. Time = 9.3350.

gen  84 conventional best 0.794 mean 0.600 best-dist 0.17 m
gen  84 took 194.0s
gen  85 holistic     best 0.482 mean 0.201 best-dist 0.97 m
gen  85 conventional best 0.791 mean 0.531 best-dist 0.28 m
gen  85 took 192.8s
WARNING: Nan, Inf or huge value in QACC at DOF 0. The simulation is unstable. Time = 2.6950.

WARNING: Nan, Inf or huge value in QACC at DOF 0. The simulation is unstable. Time = 8.2700.

WARNING: Nan, Inf or huge value in QACC at DOF 3. The simulation is unstable. Time = 7.5950.

gen  86 holistic     best 0.494 mean 0.185 best-dist 0.87 m
gen  86 conventional best 0.777 mean 0.485 best-dist 0.11 m
gen  86 took 192.5s
WARNING: Nan, Inf or huge value in QACC at DOF 0. The simulation is unstable. Time = 7.5800.

WARNING: Nan, Inf or huge value in QACC at DOF 0. The simulation is unstable. Time = 9.1100.

WARNING: Nan, Inf or huge value in QACC at DOF 7. The simulation is unstable. Time = 13.8050.

WARNING: Nan, Inf or huge value in QACC at DOF 0. The simulation is unstable. Time = 5.8100.

WARNING: Nan, Inf or huge value in QACC at DOF 4. The simulation is unstable. Time = 11.5850.

WARNING: Nan, Inf or huge value in QACC at DOF 0. The simulation is unstable. Time = 10.7000.

gen  87 holistic     best 0.566 mean 0.216 best-dist 0.51 m
gen  87 conventional best 0.820 mean 0.589 best-dist 0.17 m
gen  87 took 193.3s
gen  88 holistic     best 0.531 mean 0.213 best-dist 0.31 m
WARNING: Nan, Inf or huge value in QACC at DOF 3. The simulation is unstable. Time = 4.7650.

gen  88 conventional best 0.878 mean 0.553 best-dist 0.05 m
gen  88 took 191.3s
WARNING: Nan, Inf or huge value in QACC at DOF 0. The simulation is unstable. Time = 11.2950.

WARNING: Nan, Inf or huge value in QACC at DOF 0. The simulation is unstable. Time = 13.7400.

WARNING: EPA: out of memory for faces on expanding polytope

gen  89 holistic     best 0.605 mean 0.217 best-dist 0.62 m
WARNING: Nan, Inf or huge value in QACC at DOF 3. The simulation is unstable. Time = 14.6700.

WARNING: Nan, Inf or huge value in QACC at DOF 0. The simulation is unstable. Time = 4.2900.

gen  89 conventional best 0.826 mean 0.647 best-dist 0.08 m
gen  89 took 195.0s
WARNING: Nan, Inf or huge value in QACC at DOF 3. The simulation is unstable. Time = 0.2850.

WARNING: Nan, Inf or huge value in QACC at DOF 0. The simulation is unstable. Time = 0.2900.

gen  90 holistic     best 0.481 mean 0.203 best-dist 0.85 m
gen  90 conventional best 0.773 mean 0.519 best-dist 0.10 m
gen  90 took 191.4s
gen  91 holistic     best 0.601 mean 0.227 best-dist 0.47 m
WARNING: Nan, Inf or huge value in QACC at DOF 1. The simulation is unstable. Time = 11.0600.

WARNING: Nan, Inf or huge value in QACC at DOF 0. The simulation is unstable. Time = 6.4800.

WARNING: Nan, Inf or huge value in QACC at DOF 0. The simulation is unstable. Time = 4.6700.

WARNING: Nan, Inf or huge value in QACC at DOF 0. The simulation is unstable. Time = 9.6000.

WARNING: Nan, Inf or huge value in QACC at DOF 0. The simulation is unstable. Time = 2.3400.

WARNING: Nan, Inf or huge value in QACC at DOF 3. The simulation is unstable. Time = 7.4300.

WARNING: Nan, Inf or huge value in QACC at DOF 0. The simulation is unstable. Time = 7.0650.

WARNING: Nan, Inf or huge value in QACC at DOF 0. The simulation is unstable. Time = 3.5550.

WARNING: Nan, Inf or huge value in QACC at DOF 1. The simulation is unstable. Time = 3.2550.

WARNING: Nan, Inf or huge value in QACC at DOF 3. The simulation is unstable. Time = 11.4750.

WARNING: Nan, Inf or huge value in QACC at DOF 1. The simulation is unstable. Time = 4.7800.

WARNING: Nan, Inf or huge value in QACC at DOF 2. The simulation is unstable. Time = 12.4500.

WARNING: Nan, Inf or huge value in QACC at DOF 0. The simulation is unstable. Time = 3.0450.

WARNING: Nan, Inf or huge value in QACC at DOF 2. The simulation is unstable. Time = 6.3700.

WARNING: Nan, Inf or huge value in QACC at DOF 0. The simulation is unstable. Time = 11.5650.

gen  91 conventional best 0.842 mean 0.557 best-dist 0.07 m
gen  91 took 195.6s
gen  92 holistic     best 0.672 mean 0.243 best-dist 0.53 m
gen  92 conventional best 0.888 mean 0.687 best-dist 0.05 m
gen  92 took 192.4s
WARNING: Nan, Inf or huge value in QACC at DOF 3. The simulation is unstable. Time = 8.4600.

gen  93 holistic     best 0.661 mean 0.262 best-dist 0.51 m
WARNING: Nan, Inf or huge value in QACC at DOF 0. The simulation is unstable. Time = 11.8150.

WARNING: Nan, Inf or huge value in QACC at DOF 0. The simulation is unstable. Time = 12.5500.

WARNING: Nan, Inf or huge value in QACC at DOF 3. The simulation is unstable. Time = 9.0350.

WARNING: Nan, Inf or huge value in QACC at DOF 1. The simulation is unstable. Time = 5.3650.

WARNING: Nan, Inf or huge value in QACC at DOF 0. The simulation is unstable. Time = 10.7350.

WARNING: Nan, Inf or huge value in QACC at DOF 0. The simulation is unstable. Time = 7.4000.

WARNING: Nan, Inf or huge value in QACC at DOF 0. The simulation is unstable. Time = 8.3150.

WARNING: Nan, Inf or huge value in QACC at DOF 3. The simulation is unstable. Time = 11.7450.

WARNING: Nan, Inf or huge value in QACC at DOF 0. The simulation is unstable. Time = 9.5300.

WARNING: Nan, Inf or huge value in QACC at DOF 3. The simulation is unstable. Time = 8.3750.

WARNING: Nan, Inf or huge value in QACC at DOF 0. The simulation is unstable. Time = 8.6800.

WARNING: Nan, Inf or huge value in QACC at DOF 0. The simulation is unstable. Time = 7.2450.

WARNING: Nan, Inf or huge value in QACC at DOF 0. The simulation is unstable. Time = 10.2700.

gen  93 conventional best 0.860 mean 0.617 best-dist 0.05 m
gen  93 took 197.3s
gen  94 holistic     best 0.558 mean 0.221 best-dist 1.23 m
WARNING: Nan, Inf or huge value in QACC at DOF 0. The simulation is unstable. Time = 3.5050.

gen  94 conventional best 0.780 mean 0.549 best-dist 0.20 m
gen  94 took 197.6s
gen  95 holistic     best 0.535 mean 0.220 best-dist 0.75 m
gen  95 conventional best 0.739 mean 0.566 best-dist 0.37 m
gen  95 took 193.0s
gen  96 holistic     best 0.630 mean 0.233 best-dist 0.53 m
WARNING: Nan, Inf or huge value in QACC at DOF 0. The simulation is unstable. Time = 10.6200.

WARNING: Nan, Inf or huge value in QACC at DOF 0. The simulation is unstable. Time = 10.6050.

WARNING: Nan, Inf or huge value in QACC at DOF 0. The simulation is unstable. Time = 7.1300.

gen  96 conventional best 0.842 mean 0.654 best-dist 0.12 m
gen  96 took 193.6s
WARNING: Nan, Inf or huge value in QACC at DOF 0. The simulation is unstable. Time = 8.8200.

WARNING: Nan, Inf or huge value in QACC at DOF 1. The simulation is unstable. Time = 7.4000.

WARNING: Nan, Inf or huge value in QACC at DOF 0. The simulation is unstable. Time = 9.5350.

gen  97 holistic     best 0.745 mean 0.249 best-dist 0.11 m
gen  97 conventional best 0.894 mean 0.762 best-dist 0.03 m
gen  97 took 196.6s
gen  98 holistic     best 0.572 mean 0.212 best-dist 0.74 m
gen  98 conventional best 0.806 mean 0.580 best-dist 0.40 m
gen  98 took 196.0s
gen  99 holistic     best 0.689 mean 0.254 best-dist 0.12 m
gen  99 conventional best 0.824 mean 0.639 best-dist 0.07 m
gen  99 took 195.3s
gen 100 holistic     best 0.697 mean 0.248 best-dist 0.25 m
WARNING: Nan, Inf or huge value in QACC at DOF 3. The simulation is unstable. Time = 11.9400.

WARNING: Nan, Inf or huge value in QACC at DOF 3. The simulation is unstable. Time = 5.2700.

WARNING: Nan, Inf or huge value in QACC at DOF 0. The simulation is unstable. Time = 5.0850.

WARNING: Nan, Inf or huge value in QACC at DOF 4. The simulation is unstable. Time = 8.2950.

WARNING: Nan, Inf or huge value in QACC at DOF 0. The simulation is unstable. Time = 10.3200.

WARNING: Nan, Inf or huge value in QACC at DOF 0. The simulation is unstable. Time = 6.3300.

WARNING: Nan, Inf or huge value in QACC at DOF 4. The simulation is unstable. Time = 7.5700.

WARNING: Nan, Inf or huge value in QACC at DOF 1. The simulation is unstable. Time = 10.3500.

WARNING: Nan, Inf or huge value in QACC at DOF 2. The simulation is unstable. Time = 4.8550.

WARNING: Nan, Inf or huge value in QACC at DOF 1. The simulation is unstable. Time = 7.1400.

WARNING: Nan, Inf or huge value in QACC at DOF 3. The simulation is unstable. Time = 8.7550.

WARNING: Nan, Inf or huge value in QACC at DOF 3. The simulation is unstable. Time = 8.1200.

WARNING: Nan, Inf or huge value in QACC at DOF 0. The simulation is unstable. Time = 9.4600.

WARNING: Nan, Inf or huge value in QACC at DOF 3. The simulation is unstable. Time = 4.5850.

WARNING: Nan, Inf or huge value in QACC at DOF 0. The simulation is unstable. Time = 12.3300.

WARNING: Nan, Inf or huge value in QACC at DOF 0. The simulation is unstable. Time = 12.3600.

WARNING: Nan, Inf or huge value in QACC at DOF 0. The simulation is unstable. Time = 6.9000.

WARNING: Nan, Inf or huge value in QACC at DOF 3. The simulation is unstable. Time = 5.0550.

WARNING: Nan, Inf or huge value in QACC at DOF 0. The simulation is unstable. Time = 13.3600.

WARNING: Nan, Inf or huge value in QACC at DOF 0. The simulation is unstable. Time = 6.8250.

gen 100 conventional best 0.850 mean 0.627 best-dist 0.09 m
gen 100 took 193.1s
WARNING: Nan, Inf or huge value in QACC at DOF 0. The simulation is unstable. Time = 14.6350.

WARNING: Nan, Inf or huge value in QACC at DOF 0. The simulation is unstable. Time = 11.6200.

WARNING: Nan, Inf or huge value in QACC at DOF 0. The simulation is unstable. Time = 12.1250.

gen 101 holistic     best 0.622 mean 0.238 best-dist 0.48 m
gen 101 conventional best 0.846 mean 0.590 best-dist 0.10 m
gen 101 took 194.5s
gen 102 holistic     best 0.570 mean 0.240 best-dist 0.64 m
gen 102 conventional best 0.752 mean 0.559 best-dist 0.55 m
gen 102 took 201.8s
WARNING: Nan, Inf or huge value in QACC at DOF 0. The simulation is unstable. Time = 10.7750.

gen 103 holistic     best 0.560 mean 0.234 best-dist 0.28 m
gen 103 conventional best 0.837 mean 0.588 best-dist 0.07 m
gen 103 took 203.8s
gen 104 holistic     best 0.737 mean 0.292 best-dist 0.13 m
gen 104 conventional best 0.873 mean 0.666 best-dist 0.07 m
gen 104 took 194.5s
WARNING: Nan, Inf or huge value in QACC at DOF 6. The simulation is unstable. Time = 13.0150.

WARNING: Nan, Inf or huge value in QACC at DOF 0. The simulation is unstable. Time = 9.0800.

gen 105 holistic     best 0.630 mean 0.220 best-dist 0.52 m
gen 105 conventional best 0.789 mean 0.505 best-dist 0.24 m
gen 105 took 199.1s
gen 106 holistic     best 0.564 mean 0.227 best-dist 0.68 m
gen 106 conventional best 0.817 mean 0.681 best-dist 0.10 m
gen 106 took 195.9s
gen 107 holistic     best 0.560 mean 0.213 best-dist 0.28 m
WARNING: Nan, Inf or huge value in QACC at DOF 0. The simulation is unstable. Time = 6.6600.

gen 107 conventional best 0.793 mean 0.608 best-dist 0.21 m
gen 107 took 205.8s
gen 108 holistic     best 0.469 mean 0.210 best-dist 0.88 m
WARNING: Nan, Inf or huge value in QACC at DOF 0. The simulation is unstable. Time = 3.7850.

WARNING: Nan, Inf or huge value in QACC at DOF 0. The simulation is unstable. Time = 4.1300.

WARNING: Nan, Inf or huge value in QACC at DOF 2. The simulation is unstable. Time = 5.3550.

WARNING: Nan, Inf or huge value in QACC at DOF 0. The simulation is unstable. Time = 9.9450.

WARNING: Nan, Inf or huge value in QACC at DOF 0. The simulation is unstable. Time = 3.6400.

WARNING: Nan, Inf or huge value in QACC at DOF 4. The simulation is unstable. Time = 3.8100.

WARNING: Nan, Inf or huge value in QACC at DOF 3. The simulation is unstable. Time = 5.7500.

WARNING: Nan, Inf or huge value in QACC at DOF 3. The simulation is unstable. Time = 2.9250.

WARNING: Nan, Inf or huge value in QACC at DOF 0. The simulation is unstable. Time = 2.8550.

WARNING: Nan, Inf or huge value in QACC at DOF 4. The simulation is unstable. Time = 2.6550.

gen 108 conventional best 0.782 mean 0.653 best-dist 0.06 m
gen 108 took 190.5s
gen 109 holistic     best 0.512 mean 0.201 best-dist 0.88 m
gen 109 conventional best 0.829 mean 0.643 best-dist 0.05 m
gen 109 took 193.9s
gen 110 holistic     best 0.664 mean 0.231 best-dist 0.43 m
gen 110 conventional best 0.857 mean 0.721 best-dist 0.04 m
gen 110 took 196.2s
gen 111 holistic     best 0.594 mean 0.242 best-dist 0.73 m
WARNING: Nan, Inf or huge value in QACC at DOF 4. The simulation is unstable. Time = 12.7500.

gen 111 conventional best 0.866 mean 0.603 best-dist 0.03 m
gen 111 took 196.7s
gen 112 holistic     best 0.490 mean 0.209 best-dist 1.27 m
gen 112 conventional best 0.827 mean 0.614 best-dist 0.20 m
gen 112 took 194.0s
gen 113 holistic     best 0.628 mean 0.237 best-dist 0.54 m
gen 113 conventional best 0.810 mean 0.668 best-dist 0.10 m
gen 113 took 204.1s
gen 114 holistic     best 0.552 mean 0.182 best-dist 0.51 m
gen 114 conventional best 0.820 mean 0.637 best-dist 0.04 m
gen 114 took 200.0s
WARNING: Nan, Inf or huge value in QACC at DOF 0. The simulation is unstable. Time = 9.2100.

WARNING: Nan, Inf or huge value in QACC at DOF 0. The simulation is unstable. Time = 5.7700.

WARNING: Nan, Inf or huge value in QACC at DOF 0. The simulation is unstable. Time = 13.6700.

gen 115 holistic     best 0.500 mean 0.201 best-dist 0.80 m
WARNING: Nan, Inf or huge value in QACC at DOF 0. The simulation is unstable. Time = 3.0550.

WARNING: Nan, Inf or huge value in QACC at DOF 0. The simulation is unstable. Time = 2.9450.

WARNING: Nan, Inf or huge value in QACC at DOF 2. The simulation is unstable. Time = 6.4350.

WARNING: Nan, Inf or huge value in QACC at DOF 0. The simulation is unstable. Time = 3.8600.

WARNING: Nan, Inf or huge value in QACC at DOF 0. The simulation is unstable. Time = 3.1100.

WARNING: Nan, Inf or huge value in QACC at DOF 4. The simulation is unstable. Time = 2.2000.

WARNING: Nan, Inf or huge value in QACC at DOF 0. The simulation is unstable. Time = 6.3500.

WARNING: Nan, Inf or huge value in QACC at DOF 3. The simulation is unstable. Time = 9.1700.

WARNING: Nan, Inf or huge value in QACC at DOF 3. The simulation is unstable. Time = 2.8650.

WARNING: Nan, Inf or huge value in QACC at DOF 0. The simulation is unstable. Time = 3.3850.

WARNING: Nan, Inf or huge value in QACC at DOF 0. The simulation is unstable. Time = 3.1800.

WARNING: Nan, Inf or huge value in QACC at DOF 0. The simulation is unstable. Time = 7.3550.

WARNING: Nan, Inf or huge value in QACC at DOF 3. The simulation is unstable. Time = 3.5300.

WARNING: Nan, Inf or huge value in QACC at DOF 0. The simulation is unstable. Time = 2.8900.

WARNING: Nan, Inf or huge value in QACC at DOF 0. The simulation is unstable. Time = 2.1450.

WARNING: Nan, Inf or huge value in QACC at DOF 0. The simulation is unstable. Time = 1.9900.

WARNING: Nan, Inf or huge value in QACC at DOF 2. The simulation is unstable. Time = 2.8200.

WARNING: Nan, Inf or huge value in QACC at DOF 0. The simulation is unstable. Time = 4.2100.

gen 115 conventional best 0.827 mean 0.630 best-dist 0.01 m
gen 115 took 196.7s
gen 116 holistic     best 0.639 mean 0.239 best-dist 0.53 m
WARNING: Nan, Inf or huge value in QACC at DOF 0. The simulation is unstable. Time = 5.9700.

gen 116 conventional best 0.875 mean 0.720 best-dist 0.02 m
gen 116 took 200.5s
gen 117 holistic     best 0.534 mean 0.210 best-dist 0.42 m
gen 117 conventional best 0.807 mean 0.679 best-dist 0.25 m
gen 117 took 200.8s
gen 118 holistic     best 0.551 mean 0.231 best-dist 0.84 m
gen 118 conventional best 0.857 mean 0.701 best-dist 0.02 m
gen 118 took 200.3s
gen 119 holistic     best 0.469 mean 0.229 best-dist 0.99 m
gen 119 conventional best 0.812 mean 0.541 best-dist 0.03 m
gen 119 took 201.6s
gen 120 holistic     best 0.632 mean 0.221 best-dist 0.53 m
WARNING: Nan, Inf or huge value in QACC at DOF 2. The simulation is unstable. Time = 6.1150.

gen 120 conventional best 0.783 mean 0.546 best-dist 0.36 m
gen 120 took 198.1s
gen 121 holistic     best 0.626 mean 0.247 best-dist 0.60 m
WARNING: Nan, Inf or huge value in QACC at DOF 4. The simulation is unstable. Time = 3.1900.

WARNING: Nan, Inf or huge value in QACC at DOF 0. The simulation is unstable. Time = 3.3450.

WARNING: Nan, Inf or huge value in QACC at DOF 0. The simulation is unstable. Time = 3.0800.

WARNING: Nan, Inf or huge value in QACC at DOF 3. The simulation is unstable. Time = 6.0750.

WARNING: Nan, Inf or huge value in QACC at DOF 0. The simulation is unstable. Time = 7.0000.

WARNING: Nan, Inf or huge value in QACC at DOF 0. The simulation is unstable. Time = 2.6850.

WARNING: Nan, Inf or huge value in QACC at DOF 4. The simulation is unstable. Time = 3.5750.

WARNING: Nan, Inf or huge value in QACC at DOF 3. The simulation is unstable. Time = 2.8250.

WARNING: Nan, Inf or huge value in QACC at DOF 0. The simulation is unstable. Time = 3.4800.

WARNING: Nan, Inf or huge value in QACC at DOF 0. The simulation is unstable. Time = 3.3000.

WARNING: Nan, Inf or huge value in QACC at DOF 3. The simulation is unstable. Time = 3.4650.

WARNING: Nan, Inf or huge value in QACC at DOF 0. The simulation is unstable. Time = 2.9050.

WARNING: Nan, Inf or huge value in QACC at DOF 3. The simulation is unstable. Time = 3.6100.

WARNING: Nan, Inf or huge value in QACC at DOF 0. The simulation is unstable. Time = 4.3500.

WARNING: Nan, Inf or huge value in QACC at DOF 3. The simulation is unstable. Time = 4.0900.

WARNING: Nan, Inf or huge value in QACC at DOF 0. The simulation is unstable. Time = 2.4050.

WARNING: Nan, Inf or huge value in QACC at DOF 3. The simulation is unstable. Time = 11.4950.

WARNING: Nan, Inf or huge value in QACC at DOF 1. The simulation is unstable. Time = 7.9750.

WARNING: Nan, Inf or huge value in QACC at DOF 0. The simulation is unstable. Time = 2.9500.

WARNING: Nan, Inf or huge value in QACC at DOF 0. The simulation is unstable. Time = 6.4850.

WARNING: Nan, Inf or huge value in QACC at DOF 1. The simulation is unstable. Time = 2.5200.

WARNING: Nan, Inf or huge value in QACC at DOF 3. The simulation is unstable. Time = 3.0700.

WARNING: Nan, Inf or huge value in QACC at DOF 0. The simulation is unstable. Time = 5.0650.

WARNING: Nan, Inf or huge value in QACC at DOF 0. The simulation is unstable. Time = 8.6400.

WARNING: Nan, Inf or huge value in QACC at DOF 0. The simulation is unstable. Time = 3.2050.

WARNING: Nan, Inf or huge value in QACC at DOF 0. The simulation is unstable. Time = 12.2950.

WARNING: Nan, Inf or huge value in QACC at DOF 0. The simulation is unstable. Time = 5.3500.

WARNING: Nan, Inf or huge value in QACC at DOF 3. The simulation is unstable. Time = 3.0650.

WARNING: Nan, Inf or huge value in QACC at DOF 0. The simulation is unstable. Time = 3.6800.

WARNING: Nan, Inf or huge value in QACC at DOF 0. The simulation is unstable. Time = 5.0400.

WARNING: Nan, Inf or huge value in QACC at DOF 4. The simulation is unstable. Time = 2.6150.

WARNING: Nan, Inf or huge value in QACC at DOF 0. The simulation is unstable. Time = 4.5500.

WARNING: Nan, Inf or huge value in QACC at DOF 0. The simulation is unstable. Time = 3.0850.

WARNING: Nan, Inf or huge value in QACC at DOF 0. The simulation is unstable. Time = 3.1750.

WARNING: Nan, Inf or huge value in QACC at DOF 1. The simulation is unstable. Time = 2.5950.

WARNING: Nan, Inf or huge value in QACC at DOF 0. The simulation is unstable. Time = 2.5900.

WARNING: Nan, Inf or huge value in QACC at DOF 0. The simulation is unstable. Time = 3.1050.

WARNING: Nan, Inf or huge value in QACC at DOF 0. The simulation is unstable. Time = 2.8300.

WARNING: Nan, Inf or huge value in QACC at DOF 0. The simulation is unstable. Time = 2.8450.

WARNING: Nan, Inf or huge value in QACC at DOF 0. The simulation is unstable. Time = 5.2400.

WARNING: Nan, Inf or huge value in QACC at DOF 0. The simulation is unstable. Time = 4.3100.

WARNING: Nan, Inf or huge value in QACC at DOF 3. The simulation is unstable. Time = 5.1950.

WARNING: Nan, Inf or huge value in QACC at DOF 0. The simulation is unstable. Time = 5.3250.

WARNING: Nan, Inf or huge value in QACC at DOF 3. The simulation is unstable. Time = 12.1450.

WARNING: Nan, Inf or huge value in QACC at DOF 0. The simulation is unstable. Time = 4.7800.

WARNING: Nan, Inf or huge value in QACC at DOF 4. The simulation is unstable. Time = 3.7250.

WARNING: Nan, Inf or huge value in QACC at DOF 0. The simulation is unstable. Time = 3.8100.

WARNING: Nan, Inf or huge value in QACC at DOF 0. The simulation is unstable. Time = 7.2400.

WARNING: Nan, Inf or huge value in QACC at DOF 0. The simulation is unstable. Time = 2.4950.

WARNING: Nan, Inf or huge value in QACC at DOF 0. The simulation is unstable. Time = 3.2450.

WARNING: Nan, Inf or huge value in QACC at DOF 4. The simulation is unstable. Time = 2.9400.

WARNING: Nan, Inf or huge value in QACC at DOF 3. The simulation is unstable. Time = 3.6850.

WARNING: Nan, Inf or huge value in QACC at DOF 5. The simulation is unstable. Time = 5.2350.

WARNING: Nan, Inf or huge value in QACC at DOF 0. The simulation is unstable. Time = 3.8800.

WARNING: Nan, Inf or huge value in QACC at DOF 0. The simulation is unstable. Time = 4.1000.

WARNING: Nan, Inf or huge value in QACC at DOF 1. The simulation is unstable. Time = 9.9600.

WARNING: Nan, Inf or huge value in QACC at DOF 0. The simulation is unstable. Time = 2.7850.

WARNING: Nan, Inf or huge value in QACC at DOF 3. The simulation is unstable. Time = 2.3050.

WARNING: Nan, Inf or huge value in QACC at DOF 3. The simulation is unstable. Time = 2.8800.

WARNING: Nan, Inf or huge value in QACC at DOF 0. The simulation is unstable. Time = 2.8950.

WARNING: Nan, Inf or huge value in QACC at DOF 0. The simulation is unstable. Time = 3.3350.

WARNING: Nan, Inf or huge value in QACC at DOF 0. The simulation is unstable. Time = 5.7950.

WARNING: Nan, Inf or huge value in QACC at DOF 3. The simulation is unstable. Time = 3.5250.

WARNING: Nan, Inf or huge value in QACC at DOF 0. The simulation is unstable. Time = 4.9100.

WARNING: Nan, Inf or huge value in QACC at DOF 0. The simulation is unstable. Time = 4.5300.

WARNING: Nan, Inf or huge value in QACC at DOF 4. The simulation is unstable. Time = 10.9200.

WARNING: Nan, Inf or huge value in QACC at DOF 0. The simulation is unstable. Time = 5.7250.

WARNING: Nan, Inf or huge value in QACC at DOF 0. The simulation is unstable. Time = 5.0250.

WARNING: Nan, Inf or huge value in QACC at DOF 3. The simulation is unstable. Time = 4.7950.

WARNING: Nan, Inf or huge value in QACC at DOF 0. The simulation is unstable. Time = 13.2950.

WARNING: Nan, Inf or huge value in QACC at DOF 0. The simulation is unstable. Time = 2.2050.

WARNING: Nan, Inf or huge value in QACC at DOF 0. The simulation is unstable. Time = 3.4150.

WARNING: Nan, Inf or huge value in QACC at DOF 3. The simulation is unstable. Time = 3.9800.

WARNING: Nan, Inf or huge value in QACC at DOF 3. The simulation is unstable. Time = 4.1750.

WARNING: Nan, Inf or huge value in QACC at DOF 0. The simulation is unstable. Time = 8.3700.

WARNING: Nan, Inf or huge value in QACC at DOF 0. The simulation is unstable. Time = 4.3100.

WARNING: Nan, Inf or huge value in QACC at DOF 1. The simulation is unstable. Time = 5.5800.

WARNING: Nan, Inf or huge value in QACC at DOF 0. The simulation is unstable. Time = 11.1050.

WARNING: Nan, Inf or huge value in QACC at DOF 3. The simulation is unstable. Time = 2.3450.

WARNING: Nan, Inf or huge value in QACC at DOF 3. The simulation is unstable. Time = 2.9900.

WARNING: Nan, Inf or huge value in QACC at DOF 0. The simulation is unstable. Time = 5.8600.

WARNING: Nan, Inf or huge value in QACC at DOF 0. The simulation is unstable. Time = 7.6300.

WARNING: Nan, Inf or huge value in QACC at DOF 3. The simulation is unstable. Time = 9.9300.

gen 121 conventional best 0.789 mean 0.557 best-dist 0.23 m
gen 121 took 197.0s
WARNING: Nan, Inf or huge value in QACC at DOF 0. The simulation is unstable. Time = 5.2650.

WARNING: Nan, Inf or huge value in QACC at DOF 1. The simulation is unstable. Time = 6.5600.

gen 122 holistic     best 0.505 mean 0.216 best-dist 0.52 m
WARNING: Nan, Inf or huge value in QACC at DOF 0. The simulation is unstable. Time = 2.9700.

WARNING: Nan, Inf or huge value in QACC at DOF 4. The simulation is unstable. Time = 3.9050.

WARNING: Nan, Inf or huge value in QACC at DOF 4. The simulation is unstable. Time = 2.5700.

WARNING: Nan, Inf or huge value in QACC at DOF 1. The simulation is unstable. Time = 4.2250.

WARNING: Nan, Inf or huge value in QACC at DOF 3. The simulation is unstable. Time = 4.3200.

WARNING: Nan, Inf or huge value in QACC at DOF 0. The simulation is unstable. Time = 3.1300.

WARNING: Nan, Inf or huge value in QACC at DOF 4. The simulation is unstable. Time = 2.2650.

WARNING: Nan, Inf or huge value in QACC at DOF 3. The simulation is unstable. Time = 2.1850.

WARNING: Nan, Inf or huge value in QACC at DOF 0. The simulation is unstable. Time = 3.0350.

WARNING: Nan, Inf or huge value in QACC at DOF 0. The simulation is unstable. Time = 2.2750.

WARNING: Nan, Inf or huge value in QACC at DOF 4. The simulation is unstable. Time = 3.3450.

WARNING: Nan, Inf or huge value in QACC at DOF 0. The simulation is unstable. Time = 3.9650.

WARNING: Nan, Inf or huge value in QACC at DOF 4. The simulation is unstable. Time = 4.4500.

WARNING: Nan, Inf or huge value in QACC at DOF 0. The simulation is unstable. Time = 2.9950.

WARNING: Nan, Inf or huge value in QACC at DOF 0. The simulation is unstable. Time = 3.4250.

WARNING: Nan, Inf or huge value in QACC at DOF 0. The simulation is unstable. Time = 3.1000.

WARNING: Nan, Inf or huge value in QACC at DOF 3. The simulation is unstable. Time = 2.5600.

WARNING: Nan, Inf or huge value in QACC at DOF 4. The simulation is unstable. Time = 3.1900.

WARNING: Nan, Inf or huge value in QACC at DOF 1. The simulation is unstable. Time = 3.5800.

WARNING: Nan, Inf or huge value in QACC at DOF 3. The simulation is unstable. Time = 2.3600.

WARNING: Nan, Inf or huge value in QACC at DOF 0. The simulation is unstable. Time = 2.3600.

WARNING: Nan, Inf or huge value in QACC at DOF 4. The simulation is unstable. Time = 4.2750.

WARNING: Nan, Inf or huge value in QACC at DOF 0. The simulation is unstable. Time = 2.8050.

WARNING: Nan, Inf or huge value in QACC at DOF 0. The simulation is unstable. Time = 2.8350.

WARNING: Nan, Inf or huge value in QACC at DOF 4. The simulation is unstable. Time = 4.6750.

WARNING: Nan, Inf or huge value in QACC at DOF 3. The simulation is unstable. Time = 2.7450.

WARNING: Nan, Inf or huge value in QACC at DOF 0. The simulation is unstable. Time = 3.6000.

WARNING: Nan, Inf or huge value in QACC at DOF 0. The simulation is unstable. Time = 2.6450.

WARNING: Nan, Inf or huge value in QACC at DOF 0. The simulation is unstable. Time = 2.5650.

WARNING: Nan, Inf or huge value in QACC at DOF 0. The simulation is unstable. Time = 2.6600.

WARNING: Nan, Inf or huge value in QACC at DOF 0. The simulation is unstable. Time = 4.2750.

WARNING: Nan, Inf or huge value in QACC at DOF 0. The simulation is unstable. Time = 3.3700.

WARNING: Nan, Inf or huge value in QACC at DOF 0. The simulation is unstable. Time = 4.6500.

WARNING: Nan, Inf or huge value in QACC at DOF 0. The simulation is unstable. Time = 4.7800.

WARNING: Nan, Inf or huge value in QACC at DOF 3. The simulation is unstable. Time = 2.7250.

WARNING: Nan, Inf or huge value in QACC at DOF 0. The simulation is unstable. Time = 3.6850.

WARNING: Nan, Inf or huge value in QACC at DOF 0. The simulation is unstable. Time = 2.6200.

WARNING: Nan, Inf or huge value in QACC at DOF 0. The simulation is unstable. Time = 3.2600.

WARNING: Nan, Inf or huge value in QACC at DOF 3. The simulation is unstable. Time = 2.6700.

WARNING: Nan, Inf or huge value in QACC at DOF 0. The simulation is unstable. Time = 7.0000.

WARNING: Nan, Inf or huge value in QACC at DOF 1. The simulation is unstable. Time = 2.9600.

WARNING: Nan, Inf or huge value in QACC at DOF 0. The simulation is unstable. Time = 9.0050.

WARNING: Nan, Inf or huge value in QACC at DOF 0. The simulation is unstable. Time = 2.7550.

WARNING: Nan, Inf or huge value in QACC at DOF 0. The simulation is unstable. Time = 3.5700.

WARNING: Nan, Inf or huge value in QACC at DOF 0. The simulation is unstable. Time = 3.6800.

WARNING: Nan, Inf or huge value in QACC at DOF 3. The simulation is unstable. Time = 2.3950.

WARNING: Nan, Inf or huge value in QACC at DOF 0. The simulation is unstable. Time = 6.1950.

WARNING: Nan, Inf or huge value in QACC at DOF 0. The simulation is unstable. Time = 5.7900.

WARNING: Nan, Inf or huge value in QACC at DOF 3. The simulation is unstable. Time = 4.4650.

WARNING: Nan, Inf or huge value in QACC at DOF 0. The simulation is unstable. Time = 2.9100.

WARNING: Nan, Inf or huge value in QACC at DOF 0. The simulation is unstable. Time = 2.9750.

WARNING: Nan, Inf or huge value in QACC at DOF 0. The simulation is unstable. Time = 5.5100.

WARNING: Nan, Inf or huge value in QACC at DOF 0. The simulation is unstable. Time = 14.0900.

WARNING: Nan, Inf or huge value in QACC at DOF 1. The simulation is unstable. Time = 3.0050.

WARNING: Nan, Inf or huge value in QACC at DOF 1. The simulation is unstable. Time = 2.9100.

gen 122 conventional best 0.861 mean 0.591 best-dist 0.04 m
gen 122 took 200.1s
gen 123 holistic     best 0.439 mean 0.188 best-dist 1.12 m
gen 123 conventional best 0.803 mean 0.617 best-dist 0.26 m
gen 123 took 201.4s
gen 124 holistic     best 0.611 mean 0.219 best-dist 0.29 m
WARNING: Nan, Inf or huge value in QACC at DOF 3. The simulation is unstable. Time = 2.8750.

WARNING: Nan, Inf or huge value in QACC at DOF 0. The simulation is unstable. Time = 3.5900.

WARNING: Nan, Inf or huge value in QACC at DOF 0. The simulation is unstable. Time = 9.1400.

WARNING: Nan, Inf or huge value in QACC at DOF 0. The simulation is unstable. Time = 5.4800.

WARNING: Nan, Inf or huge value in QACC at DOF 3. The simulation is unstable. Time = 8.4600.

WARNING: Nan, Inf or huge value in QACC at DOF 0. The simulation is unstable. Time = 5.0650.

WARNING: Nan, Inf or huge value in QACC at DOF 0. The simulation is unstable. Time = 2.2050.

WARNING: Nan, Inf or huge value in QACC at DOF 3. The simulation is unstable. Time = 13.1150.

WARNING: Nan, Inf or huge value in QACC at DOF 0. The simulation is unstable. Time = 3.1500.

WARNING: Nan, Inf or huge value in QACC at DOF 0. The simulation is unstable. Time = 4.6100.

WARNING: Nan, Inf or huge value in QACC at DOF 0. The simulation is unstable. Time = 5.2550.

WARNING: Nan, Inf or huge value in QACC at DOF 0. The simulation is unstable. Time = 3.4700.

WARNING: Nan, Inf or huge value in QACC at DOF 4. The simulation is unstable. Time = 5.2800.

WARNING: Nan, Inf or huge value in QACC at DOF 0. The simulation is unstable. Time = 4.8950.

WARNING: Nan, Inf or huge value in QACC at DOF 0. The simulation is unstable. Time = 4.3550.

WARNING: Nan, Inf or huge value in QACC at DOF 0. The simulation is unstable. Time = 3.6250.

WARNING: Nan, Inf or huge value in QACC at DOF 0. The simulation is unstable. Time = 7.8350.

WARNING: Nan, Inf or huge value in QACC at DOF 4. The simulation is unstable. Time = 9.7400.

WARNING: Nan, Inf or huge value in QACC at DOF 4. The simulation is unstable. Time = 4.4450.

WARNING: Nan, Inf or huge value in QACC at DOF 3. The simulation is unstable. Time = 3.5950.

WARNING: Nan, Inf or huge value in QACC at DOF 0. The simulation is unstable. Time = 3.4650.

gen 124 conventional best 0.783 mean 0.555 best-dist 0.14 m
gen 124 took 194.4s
gen 125 holistic     best 0.620 mean 0.254 best-dist 0.28 m
WARNING: Nan, Inf or huge value in QACC at DOF 0. The simulation is unstable. Time = 3.0700.

gen 125 conventional best 0.846 mean 0.700 best-dist 0.06 m
gen 125 took 198.6s
gen 126 holistic     best 0.506 mean 0.201 best-dist 0.59 m
WARNING: Nan, Inf or huge value in QACC at DOF 3. The simulation is unstable. Time = 13.6600.

WARNING: Nan, Inf or huge value in QACC at DOF 0. The simulation is unstable. Time = 7.5700.

gen 126 conventional best 0.761 mean 0.596 best-dist 0.55 m
gen 126 took 199.5s
WARNING: Nan, Inf or huge value in QACC at DOF 5. The simulation is unstable. Time = 0.2650.

WARNING: Nan, Inf or huge value in QACC at DOF 0. The simulation is unstable. Time = 0.3050.

WARNING: Nan, Inf or huge value in QACC at DOF 0. The simulation is unstable. Time = 0.9450.

WARNING: Nan, Inf or huge value in QACC at DOF 0. The simulation is unstable. Time = 2.4000.

gen 127 holistic     best 0.676 mean 0.218 best-dist 0.51 m
gen 127 conventional best 0.852 mean 0.634 best-dist 0.03 m
gen 127 took 201.5s
gen 128 holistic     best 0.690 mean 0.270 best-dist 0.41 m
gen 128 conventional best 0.832 mean 0.719 best-dist 0.09 m
gen 128 took 198.6s
gen 129 holistic     best 0.564 mean 0.219 best-dist 0.66 m
gen 129 conventional best 0.817 mean 0.713 best-dist 0.05 m
gen 129 took 200.5s
gen 130 holistic     best 0.684 mean 0.256 best-dist 0.46 m
gen 130 conventional best 0.845 mean 0.746 best-dist 0.10 m
gen 130 took 202.1s
gen 131 holistic     best 0.734 mean 0.270 best-dist 0.25 m
WARNING: Nan, Inf or huge value in QACC at DOF 0. The simulation is unstable. Time = 3.4150.

gen 131 conventional best 0.846 mean 0.717 best-dist 0.03 m
gen 131 took 202.4s
gen 132 holistic     best 0.659 mean 0.236 best-dist 0.42 m
WARNING: Nan, Inf or huge value in QACC at DOF 0. The simulation is unstable. Time = 6.6750.

WARNING: Nan, Inf or huge value in QACC at DOF 4. The simulation is unstable. Time = 8.9650.

WARNING: Nan, Inf or huge value in QACC at DOF 4. The simulation is unstable. Time = 5.7650.

WARNING: Nan, Inf or huge value in QACC at DOF 0. The simulation is unstable. Time = 3.4900.

gen 132 conventional best 0.797 mean 0.634 best-dist 0.07 m
gen 132 took 200.8s
gen 133 holistic     best 0.609 mean 0.232 best-dist 0.39 m
WARNING: Nan, Inf or huge value in QACC at DOF 0. The simulation is unstable. Time = 13.3500.

gen 133 conventional best 0.805 mean 0.631 best-dist 0.07 m
gen 133 took 204.7s
gen 134 holistic     best 0.791 mean 0.252 best-dist 0.06 m
gen 134 conventional best 0.857 mean 0.724 best-dist 0.05 m
gen 134 took 201.3s
gen 135 holistic     best 0.643 mean 0.270 best-dist 0.46 m
gen 135 conventional best 0.816 mean 0.582 best-dist 0.13 m
gen 135 took 203.6s
gen 136 holistic     best 0.639 mean 0.237 best-dist 0.13 m
gen 136 conventional best 0.829 mean 0.684 best-dist 0.13 m
gen 136 took 201.8s
gen 137 holistic     best 0.636 mean 0.246 best-dist 0.33 m
gen 137 conventional best 0.830 mean 0.677 best-dist 0.02 m
gen 137 took 200.7s
gen 138 holistic     best 0.625 mean 0.263 best-dist 0.25 m
gen 138 conventional best 0.851 mean 0.583 best-dist 0.02 m
gen 138 took 209.2s
gen 139 holistic     best 0.620 mean 0.243 best-dist 0.50 m
WARNING: Nan, Inf or huge value in QACC at DOF 0. The simulation is unstable. Time = 13.2750.

WARNING: Nan, Inf or huge value in QACC at DOF 0. The simulation is unstable. Time = 4.6200.

WARNING: Nan, Inf or huge value in QACC at DOF 3. The simulation is unstable. Time = 5.8000.

gen 139 conventional best 0.864 mean 0.680 best-dist 0.05 m
gen 139 took 207.4s
gen 140 holistic     best 0.681 mean 0.249 best-dist 0.26 m
gen 140 conventional best 0.808 mean 0.610 best-dist 0.18 m
gen 140 took 202.8s
WARNING: Nan, Inf or huge value in QACC at DOF 0. The simulation is unstable. Time = 10.5600.

gen 141 holistic     best 0.593 mean 0.244 best-dist 0.79 m
WARNING: Nan, Inf or huge value in QACC at DOF 0. The simulation is unstable. Time = 8.9950.

WARNING: Nan, Inf or huge value in QACC at DOF 4. The simulation is unstable. Time = 10.6900.

WARNING: Nan, Inf or huge value in QACC at DOF 2. The simulation is unstable. Time = 12.2850.

WARNING: Nan, Inf or huge value in QACC at DOF 0. The simulation is unstable. Time = 6.1600.

WARNING: Nan, Inf or huge value in QACC at DOF 0. The simulation is unstable. Time = 6.7200.

WARNING: Nan, Inf or huge value in QACC at DOF 0. The simulation is unstable. Time = 4.1750.

gen 141 conventional best 0.739 mean 0.537 best-dist 0.63 m
gen 141 took 202.0s
gen 142 holistic     best 0.590 mean 0.244 best-dist 0.52 m
gen 142 conventional best 0.813 mean 0.600 best-dist 0.17 m
gen 142 took 203.6s
gen 143 holistic     best 0.528 mean 0.207 best-dist 0.71 m
gen 143 conventional best 0.780 mean 0.605 best-dist 0.11 m
gen 143 took 199.7s
gen 144 holistic     best 0.570 mean 0.236 best-dist 0.41 m
WARNING: Nan, Inf or huge value in QACC at DOF 0. The simulation is unstable. Time = 10.2450.

WARNING: Nan, Inf or huge value in QACC at DOF 2. The simulation is unstable. Time = 8.1750.

gen 144 conventional best 0.839 mean 0.668 best-dist 0.01 m
gen 144 took 201.5s
gen 145 holistic     best 0.583 mean 0.212 best-dist 0.68 m
gen 145 conventional best 0.823 mean 0.634 best-dist 0.02 m
gen 145 took 202.5s
gen 146 holistic     best 0.763 mean 0.288 best-dist 0.19 m
gen 146 conventional best 0.895 mean 0.719 best-dist 0.04 m
gen 146 took 198.9s
WARNING: Nan, Inf or huge value in QACC at DOF 0. The simulation is unstable. Time = 14.6300.

gen 147 holistic     best 0.694 mean 0.281 best-dist 0.10 m
gen 147 conventional best 0.901 mean 0.712 best-dist 0.02 m
gen 147 took 196.1s
gen 148 holistic     best 0.879 mean 0.332 best-dist 0.04 m
gen 148 conventional best 0.907 mean 0.741 best-dist 0.02 m
gen 148 took 197.8s
gen 149 holistic     best 0.656 mean 0.279 best-dist 0.81 m
WARNING: Nan, Inf or huge value in QACC at DOF 0. The simulation is unstable. Time = 5.3950.

WARNING: Nan, Inf or huge value in QACC at DOF 0. The simulation is unstable. Time = 11.2850.

WARNING: Nan, Inf or huge value in QACC at DOF 1. The simulation is unstable. Time = 13.0550.

WARNING: Nan, Inf or huge value in QACC at DOF 0. The simulation is unstable. Time = 9.1550.

WARNING: Nan, Inf or huge value in QACC at DOF 3. The simulation is unstable. Time = 13.8250.

WARNING: Nan, Inf or huge value in QACC at DOF 0. The simulation is unstable. Time = 5.0000.

WARNING: Nan, Inf or huge value in QACC at DOF 0. The simulation is unstable. Time = 9.3700.

WARNING: Nan, Inf or huge value in QACC at DOF 0. The simulation is unstable. Time = 9.3000.

WARNING: Nan, Inf or huge value in QACC at DOF 3. The simulation is unstable. Time = 7.6400.

WARNING: Nan, Inf or huge value in QACC at DOF 0. The simulation is unstable. Time = 8.2000.

WARNING: Nan, Inf or huge value in QACC at DOF 0. The simulation is unstable. Time = 11.0300.

WARNING: Nan, Inf or huge value in QACC at DOF 1. The simulation is unstable. Time = 4.9000.

WARNING: Nan, Inf or huge value in QACC at DOF 3. The simulation is unstable. Time = 6.6350.

gen 149 conventional best 0.868 mean 0.635 best-dist 0.05 m
gen 149 took 191.9s
results in runs/RBT-11/sims-901/history.json
