gen   0 holistic     best 0.015 mean 0.002 best-dist 1.80 m
gen   0 conventional best 0.432 mean 0.074 best-dist 0.50 m
gen   0 took 26.6s
gen   1 holistic     best 0.017 mean 0.002 best-dist 1.76 m
gen   1 conventional best 0.835 mean 0.151 best-dist 0.24 m
gen   1 took 36.1s
gen   2 holistic     best 0.140 mean 0.008 best-dist 1.30 m
gen   2 conventional best 0.900 mean 0.233 best-dist 0.23 m
gen   2 took 22.9s
gen   3 holistic     best 0.049 mean 0.005 best-dist 2.25 m
gen   3 conventional best 0.795 mean 0.271 best-dist 0.46 m
gen   3 took 23.8s
gen   4 holistic     best 0.032 mean 0.006 best-dist 1.46 m
gen   4 conventional best 0.557 mean 0.212 best-dist 0.36 m
gen   4 took 24.8s
gen   5 holistic     best 0.014 mean 0.005 best-dist 1.71 m
gen   5 conventional best 0.846 mean 0.466 best-dist 0.25 m
gen   5 took 24.6s
gen   6 holistic     best 0.022 mean 0.006 best-dist 1.43 m
gen   6 conventional best 0.400 mean 0.219 best-dist 0.45 m
gen   6 took 24.4s
gen   7 holistic     best 0.016 mean 0.004 best-dist 2.70 m
gen   7 conventional best 0.514 mean 0.266 best-dist 0.47 m
gen   7 took 25.2s
gen   8 holistic     best 0.065 mean 0.009 best-dist 1.72 m
gen   8 conventional best 0.592 mean 0.263 best-dist 0.35 m
gen   8 took 17.3s
gen   9 holistic     best 0.018 mean 0.004 best-dist 2.18 m
gen   9 conventional best 0.873 mean 0.401 best-dist 0.33 m
gen   9 took 12.5s
gen  10 holistic     best 0.126 mean 0.012 best-dist 2.04 m
gen  10 conventional best 0.504 mean 0.214 best-dist 0.63 m
gen  10 took 11.7s
gen  11 holistic     best 0.030 mean 0.006 best-dist 2.30 m
gen  11 conventional best 0.866 mean 0.375 best-dist 0.17 m
gen  11 took 14.0s
gen  12 holistic     best 0.037 mean 0.009 best-dist 1.54 m
gen  12 conventional best 0.679 mean 0.251 best-dist 0.72 m
gen  12 took 24.6s
gen  13 holistic     best 0.249 mean 0.029 best-dist 1.04 m
gen  13 conventional best 0.799 mean 0.396 best-dist 0.32 m
gen  13 took 23.9s
gen  14 holistic     best 0.025 mean 0.006 best-dist 2.83 m
gen  14 conventional best 0.807 mean 0.375 best-dist 0.23 m
gen  14 took 23.9s
gen  15 holistic     best 0.040 mean 0.008 best-dist 1.28 m
gen  15 conventional best 0.696 mean 0.321 best-dist 0.16 m
gen  15 took 24.2s
gen  16 holistic     best 0.035 mean 0.009 best-dist 2.37 m
gen  16 conventional best 0.787 mean 0.268 best-dist 0.20 m
gen  16 took 24.2s
gen  17 holistic     best 0.437 mean 0.041 best-dist 2.78 m
gen  17 conventional best 0.604 mean 0.247 best-dist 0.41 m
gen  17 took 23.2s
gen  18 holistic     best 0.206 mean 0.028 best-dist 2.06 m
gen  18 conventional best 0.863 mean 0.388 best-dist 0.26 m
gen  18 took 23.5s
gen  19 holistic     best 0.136 mean 0.012 best-dist 1.81 m
gen  19 conventional best 0.417 mean 0.191 best-dist 0.49 m
gen  19 took 21.8s
gen  20 holistic     best 0.047 mean 0.008 best-dist 1.52 m
gen  20 conventional best 0.850 mean 0.257 best-dist 0.22 m
gen  20 took 23.6s
gen  21 holistic     best 0.127 mean 0.010 best-dist 1.18 m
gen  21 conventional best 0.379 mean 0.164 best-dist 0.76 m
gen  21 took 24.1s
gen  22 holistic     best 0.066 mean 0.013 best-dist 4.15 m
gen  22 conventional best 0.771 mean 0.402 best-dist 0.28 m
gen  22 took 23.2s
gen  23 holistic     best 0.142 mean 0.023 best-dist 1.85 m
gen  23 conventional best 0.788 mean 0.345 best-dist 0.19 m
gen  23 took 23.9s
gen  24 holistic     best 0.120 mean 0.015 best-dist 2.78 m
gen  24 conventional best 0.691 mean 0.193 best-dist 0.18 m
gen  24 took 22.9s
gen  25 holistic     best 0.030 mean 0.008 best-dist 2.89 m
gen  25 conventional best 0.667 mean 0.276 best-dist 0.60 m
gen  25 took 24.4s
gen  26 holistic     best 0.170 mean 0.033 best-dist 1.37 m
gen  26 conventional best 0.474 mean 0.248 best-dist 0.51 m
gen  26 took 23.4s
gen  27 holistic     best 0.102 mean 0.024 best-dist 1.50 m
gen  27 conventional best 0.375 mean 0.157 best-dist 0.45 m
gen  27 took 23.5s
gen  28 holistic     best 0.167 mean 0.027 best-dist 1.27 m
WARNING: Nan, Inf or huge value in QACC at DOF 0. The simulation is unstable. Time = 6.0550.

gen  28 conventional best 0.555 mean 0.215 best-dist 0.54 m
gen  28 took 23.4s
gen  29 holistic     best 0.029 mean 0.009 best-dist 1.43 m
gen  29 conventional best 0.711 mean 0.292 best-dist 0.33 m
gen  29 took 23.6s
gen  30 holistic     best 0.176 mean 0.027 best-dist 0.92 m
gen  30 conventional best 0.804 mean 0.376 best-dist 0.31 m
gen  30 took 23.5s
gen  31 holistic     best 0.151 mean 0.033 best-dist 4.90 m
gen  31 conventional best 0.693 mean 0.313 best-dist 0.54 m
gen  31 took 23.1s
gen  32 holistic     best 0.163 mean 0.034 best-dist 1.18 m
gen  32 conventional best 0.909 mean 0.353 best-dist 0.31 m
gen  32 took 22.6s
gen  33 holistic     best 0.129 mean 0.020 best-dist 1.02 m
gen  33 conventional best 0.648 mean 0.236 best-dist 0.46 m
gen  33 took 22.6s
gen  34 holistic     best 0.050 mean 0.009 best-dist 2.73 m
gen  34 conventional best 0.464 mean 0.177 best-dist 0.49 m
gen  34 took 21.8s
gen  35 holistic     best 0.125 mean 0.020 best-dist 2.05 m
gen  35 conventional best 0.717 mean 0.339 best-dist 0.19 m
gen  35 took 22.2s
gen  36 holistic     best 0.052 mean 0.015 best-dist 1.94 m
gen  36 conventional best 0.675 mean 0.247 best-dist 0.37 m
gen  36 took 22.7s
gen  37 holistic     best 0.048 mean 0.014 best-dist 1.86 m
gen  37 conventional best 0.708 mean 0.331 best-dist 0.33 m
gen  37 took 22.3s
gen  38 holistic     best 0.036 mean 0.008 best-dist 1.35 m
gen  38 conventional best 0.749 mean 0.308 best-dist 0.22 m
gen  38 took 22.4s
gen  39 holistic     best 0.160 mean 0.023 best-dist 1.38 m
gen  39 conventional best 0.739 mean 0.442 best-dist 0.34 m
gen  39 took 22.4s
gen  40 holistic     best 0.060 mean 0.014 best-dist 2.24 m
gen  40 conventional best 0.688 mean 0.431 best-dist 0.28 m
gen  40 took 22.1s
gen  41 holistic     best 0.079 mean 0.016 best-dist 1.86 m
gen  41 conventional best 0.713 mean 0.414 best-dist 0.28 m
gen  41 took 22.0s
gen  42 holistic     best 0.171 mean 0.020 best-dist 1.49 m
gen  42 conventional best 0.788 mean 0.555 best-dist 0.26 m
gen  42 took 21.4s
gen  43 holistic     best 0.076 mean 0.014 best-dist 2.45 m
gen  43 conventional best 0.750 mean 0.460 best-dist 0.31 m
gen  43 took 22.5s
gen  44 holistic     best 0.069 mean 0.011 best-dist 1.66 m
gen  44 conventional best 0.538 mean 0.312 best-dist 0.38 m
gen  44 took 22.8s
gen  45 holistic     best 0.133 mean 0.027 best-dist 0.79 m
gen  45 conventional best 0.717 mean 0.502 best-dist 0.31 m
gen  45 took 22.8s
gen  46 holistic     best 0.090 mean 0.020 best-dist 1.71 m
gen  46 conventional best 0.883 mean 0.497 best-dist 0.40 m
gen  46 took 22.5s
gen  47 holistic     best 0.039 mean 0.010 best-dist 1.24 m
gen  47 conventional best 0.642 mean 0.322 best-dist 0.42 m
gen  47 took 23.3s
gen  48 holistic     best 0.049 mean 0.009 best-dist 2.93 m
gen  48 conventional best 0.715 mean 0.397 best-dist 0.22 m
gen  48 took 24.5s
gen  49 holistic     best 0.049 mean 0.009 best-dist 2.19 m
gen  49 conventional best 0.797 mean 0.474 best-dist 0.25 m
gen  49 took 24.3s
gen  50 holistic     best 0.105 mean 0.012 best-dist 3.92 m
gen  50 conventional best 0.816 mean 0.549 best-dist 0.20 m
gen  50 took 23.4s
gen  51 holistic     best 0.078 mean 0.019 best-dist 1.90 m
gen  51 conventional best 0.586 mean 0.358 best-dist 0.43 m
gen  51 took 25.3s
gen  52 holistic     best 0.069 mean 0.009 best-dist 2.73 m
gen  52 conventional best 0.668 mean 0.430 best-dist 0.32 m
gen  52 took 23.9s
gen  53 holistic     best 0.081 mean 0.028 best-dist 1.82 m
gen  53 conventional best 0.803 mean 0.504 best-dist 0.35 m
gen  53 took 23.6s
gen  54 holistic     best 0.130 mean 0.019 best-dist 3.65 m
gen  54 conventional best 0.726 mean 0.453 best-dist 0.33 m
gen  54 took 24.9s
gen  55 holistic     best 0.090 mean 0.022 best-dist 1.81 m
gen  55 conventional best 0.835 mean 0.556 best-dist 0.20 m
gen  55 took 23.8s
gen  56 holistic     best 0.157 mean 0.032 best-dist 1.58 m
gen  56 conventional best 0.920 mean 0.620 best-dist 0.16 m
gen  56 took 22.4s
gen  57 holistic     best 0.170 mean 0.024 best-dist 1.90 m
gen  57 conventional best 0.764 mean 0.530 best-dist 0.19 m
gen  57 took 21.8s
gen  58 holistic     best 0.232 mean 0.025 best-dist 2.06 m
gen  58 conventional best 0.532 mean 0.324 best-dist 0.45 m
gen  58 took 21.3s
gen  59 holistic     best 0.047 mean 0.015 best-dist 3.87 m
gen  59 conventional best 0.694 mean 0.330 best-dist 0.36 m
gen  59 took 21.9s
gen  60 holistic     best 0.073 mean 0.016 best-dist 2.15 m
gen  60 conventional best 0.765 mean 0.400 best-dist 0.38 m
gen  60 took 22.9s
gen  61 holistic     best 0.030 mean 0.009 best-dist 1.78 m
gen  61 conventional best 0.565 mean 0.295 best-dist 0.42 m
gen  61 took 23.8s
gen  62 holistic     best 0.090 mean 0.016 best-dist 1.84 m
gen  62 conventional best 0.789 mean 0.485 best-dist 0.29 m
gen  62 took 23.6s
gen  63 holistic     best 0.102 mean 0.024 best-dist 1.46 m
gen  63 conventional best 0.811 mean 0.488 best-dist 0.21 m
gen  63 took 23.2s
gen  64 holistic     best 0.152 mean 0.032 best-dist 1.52 m
gen  64 conventional best 0.879 mean 0.599 best-dist 0.24 m
gen  64 took 23.4s
gen  65 holistic     best 0.303 mean 0.038 best-dist 4.59 m
gen  65 conventional best 0.659 mean 0.450 best-dist 0.30 m
gen  65 took 23.4s
gen  66 holistic     best 0.087 mean 0.014 best-dist 3.36 m
gen  66 conventional best 0.762 mean 0.472 best-dist 0.22 m
gen  66 took 23.0s
gen  67 holistic     best 0.096 mean 0.017 best-dist 2.65 m
gen  67 conventional best 0.814 mean 0.489 best-dist 0.37 m
gen  67 took 22.6s
gen  68 holistic     best 0.132 mean 0.033 best-dist 1.76 m
gen  68 conventional best 0.917 mean 0.610 best-dist 0.17 m
gen  68 took 23.3s
gen  69 holistic     best 0.241 mean 0.034 best-dist 1.99 m
gen  69 conventional best 0.820 mean 0.491 best-dist 0.22 m
gen  69 took 22.7s
gen  70 holistic     best 0.087 mean 0.012 best-dist 1.88 m
gen  70 conventional best 0.842 mean 0.533 best-dist 0.29 m
gen  70 took 22.6s
gen  71 holistic     best 0.144 mean 0.021 best-dist 2.21 m
gen  71 conventional best 0.867 mean 0.701 best-dist 0.24 m
gen  71 took 23.4s
gen  72 holistic     best 0.165 mean 0.021 best-dist 0.90 m
gen  72 conventional best 0.746 mean 0.443 best-dist 0.16 m
gen  72 took 22.5s
gen  73 holistic     best 0.106 mean 0.032 best-dist 2.31 m
gen  73 conventional best 0.716 mean 0.497 best-dist 0.76 m
gen  73 took 24.2s
gen  74 holistic     best 0.097 mean 0.023 best-dist 1.45 m
gen  74 conventional best 0.831 mean 0.625 best-dist 0.31 m
gen  74 took 25.3s
gen  75 holistic     best 0.123 mean 0.031 best-dist 1.38 m
gen  75 conventional best 0.730 mean 0.543 best-dist 0.24 m
gen  75 took 22.0s
gen  76 holistic     best 0.161 mean 0.018 best-dist 2.03 m
gen  76 conventional best 0.777 mean 0.481 best-dist 5.60 m
gen  76 took 22.5s
gen  77 holistic     best 0.035 mean 0.010 best-dist 1.47 m
gen  77 conventional best 0.824 mean 0.583 best-dist 0.31 m
gen  77 took 22.4s
gen  78 holistic     best 0.175 mean 0.028 best-dist 2.58 m
WARNING: Nan, Inf or huge value in QACC at DOF 3. The simulation is unstable. Time = 9.3050.

gen  78 conventional best 0.759 mean 0.577 best-dist 0.27 m
gen  78 took 22.9s
gen  79 holistic     best 0.124 mean 0.016 best-dist 1.87 m
gen  79 conventional best 0.839 mean 0.591 best-dist 0.21 m
gen  79 took 23.7s
gen  80 holistic     best 0.137 mean 0.015 best-dist 1.77 m
gen  80 conventional best 0.631 mean 0.408 best-dist 0.40 m
gen  80 took 21.8s
gen  81 holistic     best 0.122 mean 0.021 best-dist 2.32 m
gen  81 conventional best 0.828 mean 0.572 best-dist 0.17 m
gen  81 took 21.9s
gen  82 holistic     best 0.176 mean 0.026 best-dist 1.62 m
gen  82 conventional best 0.796 mean 0.615 best-dist 0.15 m
gen  82 took 22.6s
gen  83 holistic     best 0.064 mean 0.015 best-dist 2.53 m
WARNING: Nan, Inf or huge value in QACC at DOF 0. The simulation is unstable. Time = 9.4950.

gen  83 conventional best 0.839 mean 0.498 best-dist 0.23 m
gen  83 took 22.3s
gen  84 holistic     best 0.075 mean 0.015 best-dist 3.07 m
gen  84 conventional best 0.740 mean 0.522 best-dist 0.31 m
gen  84 took 22.5s
gen  85 holistic     best 0.090 mean 0.022 best-dist 1.68 m
gen  85 conventional best 0.732 mean 0.455 best-dist 0.35 m
gen  85 took 23.6s
gen  86 holistic     best 0.154 mean 0.032 best-dist 1.60 m
gen  86 conventional best 0.895 mean 0.545 best-dist 0.23 m
gen  86 took 24.7s
gen  87 holistic     best 0.200 mean 0.022 best-dist 2.07 m
gen  87 conventional best 0.740 mean 0.460 best-dist 0.27 m
gen  87 took 25.1s
gen  88 holistic     best 0.040 mean 0.011 best-dist 2.20 m
gen  88 conventional best 0.689 mean 0.344 best-dist 0.26 m
gen  88 took 25.7s
gen  89 holistic     best 0.098 mean 0.017 best-dist 2.09 m
gen  89 conventional best 0.609 mean 0.440 best-dist 0.29 m
gen  89 took 26.1s
gen  90 holistic     best 0.063 mean 0.017 best-dist 3.14 m
gen  90 conventional best 0.763 mean 0.518 best-dist 0.46 m
gen  90 took 24.9s
gen  91 holistic     best 0.077 mean 0.009 best-dist 2.01 m
gen  91 conventional best 0.724 mean 0.469 best-dist 0.26 m
gen  91 took 24.6s
gen  92 holistic     best 0.089 mean 0.016 best-dist 2.20 m
gen  92 conventional best 0.692 mean 0.428 best-dist 0.21 m
gen  92 took 24.0s
gen  93 holistic     best 0.131 mean 0.021 best-dist 1.69 m
gen  93 conventional best 0.792 mean 0.387 best-dist 0.25 m
gen  93 took 23.2s
gen  94 holistic     best 0.029 mean 0.009 best-dist 2.92 m
gen  94 conventional best 0.698 mean 0.296 best-dist 0.23 m
gen  94 took 22.0s
gen  95 holistic     best 0.038 mean 0.010 best-dist 2.02 m
gen  95 conventional best 0.747 mean 0.364 best-dist 0.31 m
gen  95 took 24.5s
gen  96 holistic     best 0.143 mean 0.017 best-dist 2.67 m
gen  96 conventional best 0.687 mean 0.461 best-dist 0.22 m
gen  96 took 24.5s
gen  97 holistic     best 0.096 mean 0.016 best-dist 1.34 m
gen  97 conventional best 0.745 mean 0.472 best-dist 0.31 m
gen  97 took 23.6s
gen  98 holistic     best 0.032 mean 0.009 best-dist 1.56 m
gen  98 conventional best 0.726 mean 0.442 best-dist 0.33 m
gen  98 took 21.9s
gen  99 holistic     best 0.219 mean 0.023 best-dist 0.83 m
gen  99 conventional best 0.768 mean 0.492 best-dist 0.40 m
gen  99 took 21.8s
results in runs/RBT-37/reevolve-403body/history.json
