WARNING: Nan, Inf or huge value in QACC at DOF 0. The simulation is unstable. Time = 0.2800.

WARNING: Nan, Inf or huge value in QACC at DOF 0. The simulation is unstable. Time = 0.2800.

WARNING: Nan, Inf or huge value in QACC at DOF 0. The simulation is unstable. Time = 6.7300.

WARNING: Nan, Inf or huge value in QACC at DOF 9. The simulation is unstable. Time = 0.2450.

gen   0 holistic     best 0.298 mean 0.019 best-dist 1.35 m
WARNING: Nan, Inf or huge value in QACC at DOF 3. The simulation is unstable. Time = 2.9750.

WARNING: Nan, Inf or huge value in QACC at DOF 0. The simulation is unstable. Time = 4.4050.

WARNING: Nan, Inf or huge value in QACC at DOF 0. The simulation is unstable. Time = 2.9650.

WARNING: Nan, Inf or huge value in QACC at DOF 1. The simulation is unstable. Time = 4.8400.

gen   0 conventional best 0.777 mean 0.124 best-dist 0.20 m
gen   0 took 184.4s
WARNING: Nan, Inf or huge value in QACC at DOF 0. The simulation is unstable. Time = 3.8600.

WARNING: Nan, Inf or huge value in QACC at DOF 0. The simulation is unstable. Time = 6.2250.

WARNING: Nan, Inf or huge value in QACC at DOF 0. The simulation is unstable. Time = 12.0300.

WARNING: Nan, Inf or huge value in QACC at DOF 0. The simulation is unstable. Time = 0.3150.

WARNING: Nan, Inf or huge value in QACC at DOF 2. The simulation is unstable. Time = 0.3050.

WARNING: Nan, Inf or huge value in QACC at DOF 0. The simulation is unstable. Time = 0.1500.

WARNING: Nan, Inf or huge value in QACC at DOF 0. The simulation is unstable. Time = 0.1450.

WARNING: Nan, Inf or huge value in QACC at DOF 0. The simulation is unstable. Time = 11.4150.

WARNING: Nan, Inf or huge value in QACC at DOF 0. The simulation is unstable. Time = 0.5300.

WARNING: Nan, Inf or huge value in QACC at DOF 10. The simulation is unstable. Time = 0.3400.

WARNING: Nan, Inf or huge value in QACC at DOF 2. The simulation is unstable. Time = 0.3500.

WARNING: Nan, Inf or huge value in QACC at DOF 0. The simulation is unstable. Time = 0.7500.

WARNING: Nan, Inf or huge value in QACC at DOF 0. The simulation is unstable. Time = 0.1500.

WARNING: Nan, Inf or huge value in QACC at DOF 0. The simulation is unstable. Time = 0.5250.

WARNING: Nan, Inf or huge value in QACC at DOF 0. The simulation is unstable. Time = 0.1100.

WARNING: Nan, Inf or huge value in QACC at DOF 6. The simulation is unstable. Time = 0.1050.

WARNING: Nan, Inf or huge value in QACC at DOF 0. The simulation is unstable. Time = 0.6250.

WARNING: Nan, Inf or huge value in QACC at DOF 0. The simulation is unstable. Time = 0.7900.

WARNING: Nan, Inf or huge value in QACC at DOF 0. The simulation is unstable. Time = 0.1850.

WARNING: Nan, Inf or huge value in QACC at DOF 0. The simulation is unstable. Time = 0.1350.

gen   1 holistic     best 0.296 mean 0.028 best-dist 0.99 m
WARNING: Nan, Inf or huge value in QACC at DOF 0. The simulation is unstable. Time = 12.5950.

WARNING: Nan, Inf or huge value in QACC at DOF 2. The simulation is unstable. Time = 12.5800.

gen   1 conventional best 0.803 mean 0.259 best-dist 0.52 m
gen   1 took 384.7s
WARNING: Nan, Inf or huge value in QACC at DOF 0. The simulation is unstable. Time = 3.7500.

WARNING: Nan, Inf or huge value in QACC at DOF 0. The simulation is unstable. Time = 0.1300.

WARNING: Nan, Inf or huge value in QACC at DOF 0. The simulation is unstable. Time = 0.5650.

WARNING: Nan, Inf or huge value in QACC at DOF 0. The simulation is unstable. Time = 0.1900.

WARNING: Nan, Inf or huge value in QACC at DOF 0. The simulation is unstable. Time = 0.6750.

WARNING: Nan, Inf or huge value in QACC at DOF 0. The simulation is unstable. Time = 0.5050.

WARNING: Nan, Inf or huge value in QACC at DOF 0. The simulation is unstable. Time = 0.5300.

WARNING: Nan, Inf or huge value in QACC at DOF 0. The simulation is unstable. Time = 0.1100.

WARNING: Nan, Inf or huge value in QACC at DOF 0. The simulation is unstable. Time = 0.1100.

WARNING: Nan, Inf or huge value in QACC at DOF 3. The simulation is unstable. Time = 0.4450.

WARNING: Nan, Inf or huge value in QACC at DOF 0. The simulation is unstable. Time = 13.0000.

WARNING: Nan, Inf or huge value in QACC at DOF 5. The simulation is unstable. Time = 0.4850.

WARNING: Nan, Inf or huge value in QACC at DOF 0. The simulation is unstable. Time = 0.1550.

WARNING: Nan, Inf or huge value in QACC at DOF 0. The simulation is unstable. Time = 0.9300.

WARNING: Nan, Inf or huge value in QACC at DOF 0. The simulation is unstable. Time = 0.7350.

WARNING: Nan, Inf or huge value in QACC at DOF 0. The simulation is unstable. Time = 1.0850.

WARNING: Nan, Inf or huge value in QACC at DOF 1. The simulation is unstable. Time = 0.9000.

WARNING: EPA: out of memory for faces on expanding polytope

WARNING: Nan, Inf or huge value in QACC at DOF 8. The simulation is unstable. Time = 0.6000.

WARNING: Nan, Inf or huge value in QACC at DOF 0. The simulation is unstable. Time = 0.6000.

gen   2 holistic     best 0.351 mean 0.048 best-dist 0.70 m
WARNING: Nan, Inf or huge value in QACC at DOF 3. The simulation is unstable. Time = 2.6300.

WARNING: Nan, Inf or huge value in QACC at DOF 4. The simulation is unstable. Time = 2.8050.

WARNING: Nan, Inf or huge value in QACC at DOF 0. The simulation is unstable. Time = 4.2950.

WARNING: Nan, Inf or huge value in QACC at DOF 1. The simulation is unstable. Time = 14.1300.

gen   2 conventional best 0.789 mean 0.404 best-dist 0.31 m
gen   2 took 408.9s
WARNING: EPA: out of memory for faces on expanding polytope

WARNING: Nan, Inf or huge value in QACC at DOF 3. The simulation is unstable. Time = 0.3600.

WARNING: Nan, Inf or huge value in QACC at DOF 3. The simulation is unstable. Time = 14.6150.

WARNING: Nan, Inf or huge value in QACC at DOF 0. The simulation is unstable. Time = 0.9200.

WARNING: Nan, Inf or huge value in QACC at DOF 1. The simulation is unstable. Time = 0.8550.

WARNING: Nan, Inf or huge value in QACC at DOF 8. The simulation is unstable. Time = 0.1450.

WARNING: Nan, Inf or huge value in QACC at DOF 0. The simulation is unstable. Time = 0.2100.

WARNING: Nan, Inf or huge value in QACC at DOF 10. The simulation is unstable. Time = 0.5900.

WARNING: Nan, Inf or huge value in QACC at DOF 0. The simulation is unstable. Time = 0.6450.

gen   3 holistic     best 0.530 mean 0.079 best-dist 0.88 m
WARNING: Nan, Inf or huge value in QACC at DOF 3. The simulation is unstable. Time = 11.6900.

WARNING: Nan, Inf or huge value in QACC at DOF 4. The simulation is unstable. Time = 11.3600.

gen   3 conventional best 0.824 mean 0.493 best-dist 0.17 m
gen   3 took 409.4s
WARNING: EPA: out of memory for faces on expanding polytope

WARNING: Nan, Inf or huge value in QACC at DOF 10. The simulation is unstable. Time = 11.7900.

WARNING: Nan, Inf or huge value in QACC at DOF 1. The simulation is unstable. Time = 1.6800.

WARNING: Nan, Inf or huge value in QACC at DOF 0. The simulation is unstable. Time = 2.0300.

WARNING: EPA: out of memory for faces on expanding polytope

gen   4 holistic     best 0.658 mean 0.096 best-dist 0.42 m
gen   4 conventional best 0.888 mean 0.551 best-dist 0.08 m
gen   4 took 418.7s
WARNING: EPA: out of memory for faces on expanding polytope

WARNING: EPA: out of memory for faces on expanding polytope

WARNING: Nan, Inf or huge value in QACC at DOF 1. The simulation is unstable. Time = 0.6150.

gen   5 holistic     best 0.485 mean 0.104 best-dist 1.11 m
gen   5 conventional best 0.848 mean 0.561 best-dist 0.08 m
gen   5 took 392.6s
WARNING: Nan, Inf or huge value in QACC at DOF 6. The simulation is unstable. Time = 0.1250.

WARNING: Nan, Inf or huge value in QACC at DOF 0. The simulation is unstable. Time = 0.1300.

WARNING: Nan, Inf or huge value in QACC at DOF 0. The simulation is unstable. Time = 0.2150.

WARNING: Nan, Inf or huge value in QACC at DOF 0. The simulation is unstable. Time = 0.2150.

gen   6 holistic     best 0.747 mean 0.128 best-dist 0.28 m
WARNING: Nan, Inf or huge value in QACC at DOF 0. The simulation is unstable. Time = 12.5400.

WARNING: Nan, Inf or huge value in QACC at DOF 0. The simulation is unstable. Time = 13.3650.

gen   6 conventional best 0.889 mean 0.621 best-dist 0.05 m
gen   6 took 396.0s
WARNING: EPA: out of memory for faces on expanding polytope

WARNING: Nan, Inf or huge value in QACC at DOF 6. The simulation is unstable. Time = 0.1100.

WARNING: Nan, Inf or huge value in QACC at DOF 1. The simulation is unstable. Time = 0.1100.

WARNING: Nan, Inf or huge value in QACC at DOF 0. The simulation is unstable. Time = 0.2400.

WARNING: Nan, Inf or huge value in QACC at DOF 0. The simulation is unstable. Time = 0.2650.

gen   7 holistic     best 0.625 mean 0.152 best-dist 0.44 m
WARNING: Nan, Inf or huge value in QACC at DOF 3. The simulation is unstable. Time = 5.5800.

WARNING: Nan, Inf or huge value in QACC at DOF 3. The simulation is unstable. Time = 4.8150.

gen   7 conventional best 0.815 mean 0.539 best-dist 0.36 m
gen   7 took 398.6s
WARNING: Nan, Inf or huge value in QACC at DOF 0. The simulation is unstable. Time = 0.1650.

WARNING: Nan, Inf or huge value in QACC at DOF 0. The simulation is unstable. Time = 0.1650.

WARNING: Nan, Inf or huge value in QACC at DOF 0. The simulation is unstable. Time = 0.2800.

WARNING: Nan, Inf or huge value in QACC at DOF 0. The simulation is unstable. Time = 0.2150.

WARNING: Nan, Inf or huge value in QACC at DOF 0. The simulation is unstable. Time = 0.1650.

WARNING: Nan, Inf or huge value in QACC at DOF 0. The simulation is unstable. Time = 0.1600.

gen   8 holistic     best 0.756 mean 0.167 best-dist 0.37 m
WARNING: Nan, Inf or huge value in QACC at DOF 0. The simulation is unstable. Time = 11.2100.

WARNING: Nan, Inf or huge value in QACC at DOF 4. The simulation is unstable. Time = 8.0900.

WARNING: Nan, Inf or huge value in QACC at DOF 0. The simulation is unstable. Time = 5.3700.

gen   8 conventional best 0.855 mean 0.587 best-dist 0.04 m
gen   8 took 399.9s
WARNING: Nan, Inf or huge value in QACC at DOF 0. The simulation is unstable. Time = 0.3250.

WARNING: Nan, Inf or huge value in QACC at DOF 4. The simulation is unstable. Time = 0.3550.

gen   9 holistic     best 0.785 mean 0.191 best-dist 0.25 m
gen   9 conventional best 0.799 mean 0.594 best-dist 0.35 m
gen   9 took 386.4s
WARNING: Nan, Inf or huge value in QACC at DOF 0. The simulation is unstable. Time = 0.0800.

WARNING: Nan, Inf or huge value in QACC at DOF 0. The simulation is unstable. Time = 0.0800.

gen  10 holistic     best 0.604 mean 0.191 best-dist 1.13 m
gen  10 conventional best 0.749 mean 0.492 best-dist 0.98 m
gen  10 took 395.7s
WARNING: Nan, Inf or huge value in QACC at DOF 0. The simulation is unstable. Time = 10.5150.

gen  11 holistic     best 0.737 mean 0.204 best-dist 0.15 m
WARNING: Nan, Inf or huge value in QACC at DOF 0. The simulation is unstable. Time = 6.4800.

WARNING: Nan, Inf or huge value in QACC at DOF 0. The simulation is unstable. Time = 6.6050.

WARNING: Nan, Inf or huge value in QACC at DOF 0. The simulation is unstable. Time = 4.4100.

WARNING: Nan, Inf or huge value in QACC at DOF 0. The simulation is unstable. Time = 4.9100.

WARNING: Nan, Inf or huge value in QACC at DOF 0. The simulation is unstable. Time = 11.0600.

WARNING: Nan, Inf or huge value in QACC at DOF 0. The simulation is unstable. Time = 7.6300.

WARNING: Nan, Inf or huge value in QACC at DOF 4. The simulation is unstable. Time = 4.8300.

WARNING: Nan, Inf or huge value in QACC at DOF 3. The simulation is unstable. Time = 10.4200.

WARNING: Nan, Inf or huge value in QACC at DOF 0. The simulation is unstable. Time = 3.9500.

WARNING: Nan, Inf or huge value in QACC at DOF 1. The simulation is unstable. Time = 9.4000.

gen  11 conventional best 0.905 mean 0.604 best-dist 0.02 m
gen  11 took 401.1s
gen  12 holistic     best 0.706 mean 0.223 best-dist 0.80 m
WARNING: Nan, Inf or huge value in QACC at DOF 3. The simulation is unstable. Time = 5.4700.

WARNING: Nan, Inf or huge value in QACC at DOF 1. The simulation is unstable. Time = 6.3700.

gen  12 conventional best 0.853 mean 0.588 best-dist 0.08 m
gen  12 took 391.7s
WARNING: Nan, Inf or huge value in QACC at DOF 1. The simulation is unstable. Time = 0.2100.

WARNING: Nan, Inf or huge value in QACC at DOF 0. The simulation is unstable. Time = 0.2500.

gen  13 holistic     best 0.731 mean 0.234 best-dist 0.47 m
gen  13 conventional best 0.865 mean 0.606 best-dist 0.06 m
gen  13 took 383.7s
WARNING: Nan, Inf or huge value in QACC at DOF 0. The simulation is unstable. Time = 0.9950.

WARNING: Nan, Inf or huge value in QACC at DOF 0. The simulation is unstable. Time = 2.0750.

gen  14 holistic     best 0.675 mean 0.232 best-dist 0.53 m
gen  14 conventional best 0.777 mean 0.548 best-dist 0.05 m
gen  14 took 399.6s
WARNING: Nan, Inf or huge value in QACC at DOF 0. The simulation is unstable. Time = 0.1400.

WARNING: Nan, Inf or huge value in QACC at DOF 0. The simulation is unstable. Time = 0.1400.

WARNING: Nan, Inf or huge value in QACC at DOF 0. The simulation is unstable. Time = 0.2300.

WARNING: Nan, Inf or huge value in QACC at DOF 4. The simulation is unstable. Time = 0.2300.

gen  15 holistic     best 0.741 mean 0.252 best-dist 0.33 m
gen  15 conventional best 0.887 mean 0.607 best-dist 0.05 m
gen  15 took 377.2s
gen  16 holistic     best 0.822 mean 0.258 best-dist 0.26 m
gen  16 conventional best 0.880 mean 0.564 best-dist 0.06 m
gen  16 took 381.8s
gen  17 holistic     best 0.711 mean 0.261 best-dist 0.91 m
gen  17 conventional best 0.832 mean 0.614 best-dist 0.41 m
gen  17 took 376.8s
gen  18 holistic     best 0.713 mean 0.288 best-dist 0.45 m
WARNING: Nan, Inf or huge value in QACC at DOF 0. The simulation is unstable. Time = 10.9800.

WARNING: Nan, Inf or huge value in QACC at DOF 0. The simulation is unstable. Time = 11.2450.

WARNING: Nan, Inf or huge value in QACC at DOF 0. The simulation is unstable. Time = 6.1550.

gen  18 conventional best 0.912 mean 0.649 best-dist 0.03 m
gen  18 took 372.5s
gen  19 holistic     best 0.768 mean 0.289 best-dist 0.19 m
WARNING: Nan, Inf or huge value in QACC at DOF 0. The simulation is unstable. Time = 9.8650.

gen  19 conventional best 0.908 mean 0.694 best-dist 0.06 m
gen  19 took 378.0s
WARNING: Nan, Inf or huge value in QACC at DOF 0. The simulation is unstable. Time = 0.2700.

WARNING: Nan, Inf or huge value in QACC at DOF 0. The simulation is unstable. Time = 0.3000.

gen  20 holistic     best 0.669 mean 0.275 best-dist 0.98 m
gen  20 conventional best 0.820 mean 0.568 best-dist 0.48 m
gen  20 took 377.6s
