season   0 holistic     alive  58 births  3 deaths  5 best lifetime 1.866 mean -0.017 max age 57  season   0 conventional alive  31 births  1 deaths 30 best lifetime 1.561 mean -1.596 max age 58  (9.0s)
season   1 holistic     alive  60 births  3 deaths  1 best lifetime 1.844 mean 0.036 max age 58  season   1 conventional alive   8 births  0 deaths 23 best lifetime -0.145 mean -0.806 max age 57  (6.2s)
season   2 holistic     alive  60 births  1 deaths  1 best lifetime 1.187 mean 0.036 max age 59  season   2 conventional alive   2 births  0 deaths  6 best lifetime -0.334 mean -0.471 max age 58  (5.4s)
season   3 holistic     alive  60 births  1 deaths  1 best lifetime 0.867 mean 0.017 max age 59  season   3 conventional alive   0 births  0 deaths  2 best lifetime 0.000 mean 0.000 max age  0  (4.7s)
season   4 holistic     alive  55 births  0 deaths  5 best lifetime 0.677 mean 0.013 max age 59  (3.9s)
season   5 holistic     alive  50 births  0 deaths  5 best lifetime 0.550 mean 0.024 max age 59  (3.5s)
season   6 holistic     alive  47 births  0 deaths  3 best lifetime 0.457 mean 0.013 max age 58  (3.4s)
season   7 holistic     alive  44 births  0 deaths  3 best lifetime 0.386 mean 0.015 max age 59  (2.9s)
season   8 holistic     alive  42 births  1 deaths  3 best lifetime 0.497 mean 0.012 max age 59  (3.1s)
season   9 holistic     alive  39 births  0 deaths  3 best lifetime 0.530 mean 0.013 max age 59  (2.6s)
season  10 holistic     alive  37 births  0 deaths  2 best lifetime 0.467 mean 0.013 max age 59  (2.6s)
season  11 holistic     alive   2 births  0 deaths 35 best lifetime 0.414 mean 0.286 max age 46  (2.4s)
season  12 holistic     alive   2 births  0 deaths  0 best lifetime 0.446 mean 0.296 max age 47  (0.6s)
season  13 holistic     alive   2 births  0 deaths  0 best lifetime 0.402 mean 0.269 max age 48  (0.6s)
season  14 holistic     alive   2 births  0 deaths  0 best lifetime 0.367 mean 0.246 max age 49  (0.6s)
season  15 holistic     alive   1 births  0 deaths  1 best lifetime 0.396 mean 0.396 max age 42  (0.6s)
season  16 holistic     alive   1 births  0 deaths  0 best lifetime 0.363 mean 0.363 max age 43  (0.4s)
season  17 holistic     alive   1 births  0 deaths  0 best lifetime 0.333 mean 0.333 max age 44  (0.4s)
season  18 holistic     alive   1 births  0 deaths  0 best lifetime 0.307 mean 0.307 max age 45  (0.4s)
season  19 holistic     alive   1 births  0 deaths  0 best lifetime 0.283 mean 0.283 max age 46  (0.4s)
season  20 holistic     alive   2 births  1 deaths  0 best lifetime 0.452 mean 0.226 max age 47  (0.4s)
season  21 holistic     alive   3 births  1 deaths  0 best lifetime 0.469 mean 0.098 max age 48  (0.5s)
season  22 holistic     alive   3 births  0 deaths  0 best lifetime 0.442 mean 0.195 max age 49  (0.7s)
season  23 holistic     alive   3 births  0 deaths  0 best lifetime 0.821 mean 0.465 max age 50  (0.6s)
season  24 holistic     alive   3 births  0 deaths  0 best lifetime 0.821 mean 0.443 max age 51  (0.7s)
season  25 holistic     alive   2 births  0 deaths  1 best lifetime 0.571 mean 0.490 max age 52  (0.7s)
season  26 holistic     alive   2 births  0 deaths  0 best lifetime 0.420 mean 0.404 max age 53  (0.6s)
season  27 holistic     alive   2 births  0 deaths  0 best lifetime 0.368 mean 0.344 max age 54  (0.5s)
season  28 holistic     alive   2 births  0 deaths  0 best lifetime 0.350 mean 0.299 max age 55  (0.5s)
season  29 holistic     alive   2 births  0 deaths  0 best lifetime 0.332 mean 0.264 max age 56  (0.5s)
season  30 holistic     alive   2 births  0 deaths  0 best lifetime 0.348 mean 0.251 max age 57  (0.5s)
season  31 holistic     alive   1 births  0 deaths  1 best lifetime 0.332 mean 0.332 max age 58  (0.5s)
season  32 holistic     alive   1 births  0 deaths  0 best lifetime 0.317 mean 0.317 max age 59  (0.4s)
season  33 holistic     alive   0 births  0 deaths  1 best lifetime 0.000 mean 0.000 max age  0  (0.4s)
everyone died
results in runs/RBT-18/W6-801/history.json
