season   0 holistic     alive  56 births  0 deaths  4 best lifetime 0.000 mean -0.029 max age 57  season   0 conventional alive  60 births  2 deaths  2 best lifetime 1.065 mean -0.377 max age 58  (5.3s)
season   1 holistic     alive  56 births  0 deaths  0 best lifetime 0.000 mean -0.029 max age 58  season   1 conventional alive  60 births  0 deaths  0 best lifetime 0.867 mean -0.419 max age 59  (5.3s)
season   2 holistic     alive  57 births  1 deaths  0 best lifetime 0.297 mean -0.023 max age 59  season   2 conventional alive  54 births  3 deaths  9 best lifetime 0.701 mean -0.315 max age 59  (5.3s)
season   3 holistic     alive  55 births  0 deaths  2 best lifetime 0.210 mean -0.013 max age 59  season   3 conventional alive  37 births  4 deaths 21 best lifetime 2.423 mean -0.052 max age 59  (5.4s)
season   4 holistic     alive  54 births  0 deaths  1 best lifetime 0.149 mean -0.015 max age 59  season   4 conventional alive  30 births  3 deaths 10 best lifetime 1.926 mean 0.042 max age 55  (4.4s)
season   5 holistic     alive  52 births  0 deaths  2 best lifetime 0.110 mean -0.010 max age 59  season   5 conventional alive  26 births  3 deaths  7 best lifetime 1.091 mean 0.023 max age 56  (3.7s)
season   6 holistic     alive  49 births  0 deaths  3 best lifetime 0.230 mean 0.002 max age 58  season   6 conventional alive  20 births  1 deaths  7 best lifetime 0.925 mean 0.158 max age 57  (3.5s)
season   7 holistic     alive  49 births  0 deaths  0 best lifetime 0.195 mean 0.003 max age 59  season   7 conventional alive  14 births  1 deaths  7 best lifetime 0.815 mean 0.248 max age 58  (3.4s)
season   8 holistic     alive  45 births  0 deaths  4 best lifetime 0.145 mean 0.005 max age 59  season   8 conventional alive  11 births  1 deaths  4 best lifetime 0.590 mean 0.274 max age 45  (2.6s)
season   9 holistic     alive  44 births  0 deaths  1 best lifetime 0.166 mean 0.006 max age 59  season   9 conventional alive   9 births  1 deaths  3 best lifetime 0.674 mean 0.110 max age 46  (2.9s)
season  10 holistic     alive  39 births  0 deaths  5 best lifetime 0.148 mean 0.005 max age 59  season  10 conventional alive   8 births  1 deaths  2 best lifetime 0.656 mean 0.280 max age 47  (2.8s)
season  11 holistic     alive   2 births  0 deaths 37 best lifetime 0.216 mean 0.149 max age 38  season  11 conventional alive   7 births  0 deaths  1 best lifetime 0.557 mean 0.148 max age 48  (2.1s)
season  12 holistic     alive   2 births  0 deaths  0 best lifetime 0.197 mean 0.136 max age 39  season  12 conventional alive   6 births  0 deaths  1 best lifetime 0.520 mean 0.249 max age 39  (1.1s)
season  13 holistic     alive   2 births  0 deaths  0 best lifetime 0.180 mean 0.125 max age 40  season  13 conventional alive   5 births  1 deaths  2 best lifetime 0.581 mean 0.291 max age 38  (1.1s)
season  14 holistic     alive   2 births  0 deaths  0 best lifetime 0.166 mean 0.116 max age 41  season  14 conventional alive   4 births  0 deaths  1 best lifetime 1.302 mean 0.601 max age 39  (1.1s)
season  15 holistic     alive   1 births  0 deaths  1 best lifetime 0.154 mean 0.154 max age 42  season  15 conventional alive   4 births  0 deaths  0 best lifetime 0.491 mean 0.358 max age 40  (1.1s)
season  16 holistic     alive   1 births  0 deaths  0 best lifetime 0.143 mean 0.143 max age 43  season  16 conventional alive   3 births  0 deaths  1 best lifetime 0.425 mean 0.270 max age 41  (1.0s)
season  17 holistic     alive   1 births  0 deaths  0 best lifetime 0.188 mean 0.188 max age 44  season  17 conventional alive   3 births  0 deaths  0 best lifetime 0.477 mean 0.336 max age 42  (0.8s)
season  18 holistic     alive   1 births  0 deaths  0 best lifetime 0.229 mean 0.229 max age 45  season  18 conventional alive   3 births  0 deaths  0 best lifetime 0.419 mean 0.382 max age 43  (0.8s)
season  19 holistic     alive   2 births  1 deaths  0 best lifetime 0.266 mean 0.133 max age 46  season  19 conventional alive   3 births  0 deaths  0 best lifetime 0.421 mean 0.310 max age 44  (0.8s)
season  20 holistic     alive   3 births  1 deaths  0 best lifetime 0.299 mean 0.089 max age 47  season  20 conventional alive   2 births  0 deaths  1 best lifetime 0.376 mean 0.342 max age 26  (0.9s)
season  21 holistic     alive   3 births  0 deaths  0 best lifetime 0.468 mean 0.240 max age 48  season  21 conventional alive   2 births  0 deaths  0 best lifetime 0.380 mean 0.282 max age 27  (0.8s)
season  22 holistic     alive   3 births  0 deaths  0 best lifetime 0.302 mean 0.180 max age 49  season  22 conventional alive   1 births  0 deaths  1 best lifetime 0.340 mean 0.340 max age 28  (0.8s)
season  23 holistic     alive   3 births  0 deaths  0 best lifetime 0.258 mean 0.147 max age 50  season  23 conventional alive   0 births  0 deaths  1 best lifetime 0.000 mean 0.000 max age  0  (0.6s)
season  24 holistic     alive   2 births  0 deaths  1 best lifetime 0.246 mean 0.207 max age 51  (0.3s)
season  25 holistic     alive   2 births  0 deaths  0 best lifetime 0.235 mean 0.185 max age 52  (0.3s)
season  26 holistic     alive   2 births  0 deaths  0 best lifetime 0.225 mean 0.168 max age 53  (0.3s)
season  27 holistic     alive   2 births  0 deaths  0 best lifetime 0.252 mean 0.234 max age 54  (0.3s)
season  28 holistic     alive   2 births  0 deaths  0 best lifetime 0.242 mean 0.216 max age 55  (0.3s)
season  29 holistic     alive   2 births  0 deaths  0 best lifetime 0.233 mean 0.200 max age 56  (0.3s)
season  30 holistic     alive   1 births  0 deaths  1 best lifetime 0.224 mean 0.224 max age 57  (0.3s)
season  31 holistic     alive   0 births  0 deaths  1 best lifetime 0.000 mean 0.000 max age  0  (0.2s)
everyone died
results in runs/RBT-14/W2-801/history.json
