gen   0 holistic     best 0.012 mean 0.001 best-dist 1.88 m
gen   0 conventional best 0.034 mean 0.009 best-dist 1.41 m
gen   0 took 42.4s
gen   1 holistic     best 0.019 mean 0.002 best-dist 1.57 m
gen   1 conventional best 0.118 mean 0.023 best-dist 0.63 m
gen   1 took 43.9s
gen   2 holistic     best 0.066 mean 0.008 best-dist 1.99 m
gen   2 conventional best 0.048 mean 0.017 best-dist 1.25 m
gen   2 took 43.3s
gen   3 holistic     best 0.040 mean 0.011 best-dist 1.17 m
gen   3 conventional best 0.152 mean 0.032 best-dist 1.20 m
gen   3 took 47.6s
gen   4 holistic     best 0.220 mean 0.020 best-dist 0.83 m
gen   4 conventional best 0.192 mean 0.035 best-dist 0.91 m
gen   4 took 47.9s
gen   5 holistic     best 0.146 mean 0.026 best-dist 0.96 m
gen   5 conventional best 0.159 mean 0.036 best-dist 1.02 m
gen   5 took 48.9s
gen   6 holistic     best 0.066 mean 0.014 best-dist 1.29 m
gen   6 conventional best 0.151 mean 0.022 best-dist 0.55 m
gen   6 took 52.0s
gen   7 holistic     best 0.129 mean 0.023 best-dist 1.41 m
gen   7 conventional best 0.025 mean 0.010 best-dist 1.71 m
gen   7 took 29.7s
gen   8 holistic     best 0.059 mean 0.013 best-dist 3.02 m
gen   8 conventional best 0.076 mean 0.022 best-dist 0.67 m
gen   8 took 27.5s
gen   9 holistic     best 0.074 mean 0.015 best-dist 1.48 m
gen   9 conventional best 0.040 mean 0.019 best-dist 1.32 m
gen   9 took 28.6s
gen  10 holistic     best 0.129 mean 0.027 best-dist 1.08 m
gen  10 conventional best 0.308 mean 0.043 best-dist 0.87 m
gen  10 took 28.8s
WARNING: Nan, Inf or huge value in QACC at DOF 1. The simulation is unstable. Time = 12.9350.

gen  11 holistic     best 0.042 mean 0.008 best-dist 2.36 m
gen  11 conventional best 0.359 mean 0.044 best-dist 0.45 m
gen  11 took 27.3s
WARNING: Nan, Inf or huge value in QACC at DOF 0. The simulation is unstable. Time = 7.7900.

WARNING: Nan, Inf or huge value in QACC at DOF 0. The simulation is unstable. Time = 9.3850.

WARNING: Nan, Inf or huge value in QACC at DOF 0. The simulation is unstable. Time = 12.2600.

gen  12 holistic     best 0.176 mean 0.020 best-dist 1.54 m
gen  12 conventional best 0.271 mean 0.056 best-dist 0.92 m
gen  12 took 28.2s
WARNING: Nan, Inf or huge value in QACC at DOF 0. The simulation is unstable. Time = 7.4450.

WARNING: Nan, Inf or huge value in QACC at DOF 0. The simulation is unstable. Time = 5.5450.

WARNING: Nan, Inf or huge value in QACC at DOF 0. The simulation is unstable. Time = 8.8200.

WARNING: Nan, Inf or huge value in QACC at DOF 0. The simulation is unstable. Time = 11.0550.

gen  13 holistic     best 0.225 mean 0.026 best-dist 1.22 m
gen  13 conventional best 0.221 mean 0.052 best-dist 0.40 m
gen  13 took 27.1s
WARNING: Nan, Inf or huge value in QACC at DOF 0. The simulation is unstable. Time = 6.5500.

WARNING: Nan, Inf or huge value in QACC at DOF 1. The simulation is unstable. Time = 9.5900.

gen  14 holistic     best 0.076 mean 0.014 best-dist 2.48 m
gen  14 conventional best 0.218 mean 0.046 best-dist 0.79 m
gen  14 took 29.0s
gen  15 holistic     best 0.117 mean 0.021 best-dist 1.77 m
gen  15 conventional best 0.172 mean 0.028 best-dist 1.06 m
gen  15 took 26.8s
gen  16 holistic     best 0.108 mean 0.016 best-dist 1.52 m
gen  16 conventional best 0.361 mean 0.078 best-dist 0.57 m
gen  16 took 31.5s
gen  17 holistic     best 0.133 mean 0.014 best-dist 1.68 m
gen  17 conventional best 0.298 mean 0.100 best-dist 0.77 m
gen  17 took 30.7s
gen  18 holistic     best 0.034 mean 0.008 best-dist 1.34 m
gen  18 conventional best 0.301 mean 0.105 best-dist 0.99 m
gen  18 took 31.4s
gen  19 holistic     best 0.095 mean 0.014 best-dist 2.45 m
gen  19 conventional best 0.164 mean 0.047 best-dist 1.08 m
gen  19 took 28.3s
gen  20 holistic     best 0.091 mean 0.018 best-dist 2.05 m
gen  20 conventional best 0.052 mean 0.026 best-dist 1.06 m
gen  20 took 24.0s
gen  21 holistic     best 0.087 mean 0.016 best-dist 1.62 m
gen  21 conventional best 0.409 mean 0.106 best-dist 0.60 m
gen  21 took 24.8s
gen  22 holistic     best 0.169 mean 0.034 best-dist 1.58 m
gen  22 conventional best 0.182 mean 0.077 best-dist 0.70 m
gen  22 took 24.5s
gen  23 holistic     best 0.020 mean 0.008 best-dist 1.48 m
gen  23 conventional best 0.112 mean 0.041 best-dist 1.12 m
gen  23 took 28.9s
gen  24 holistic     best 0.028 mean 0.007 best-dist 1.58 m
gen  24 conventional best 0.367 mean 0.078 best-dist 0.41 m
gen  24 took 30.3s
gen  25 holistic     best 0.132 mean 0.017 best-dist 1.42 m
gen  25 conventional best 0.125 mean 0.050 best-dist 1.04 m
gen  25 took 24.9s
gen  26 holistic     best 0.124 mean 0.041 best-dist 1.24 m
gen  26 conventional best 0.132 mean 0.053 best-dist 1.30 m
gen  26 took 22.1s
gen  27 holistic     best 0.047 mean 0.016 best-dist 1.56 m
gen  27 conventional best 0.211 mean 0.062 best-dist 0.79 m
gen  27 took 22.3s
gen  28 holistic     best 0.045 mean 0.016 best-dist 1.72 m
gen  28 conventional best 0.314 mean 0.070 best-dist 0.64 m
gen  28 took 22.0s
gen  29 holistic     best 0.048 mean 0.014 best-dist 1.67 m
gen  29 conventional best 0.275 mean 0.114 best-dist 0.94 m
gen  29 took 23.7s
gen  30 holistic     best 0.103 mean 0.018 best-dist 2.75 m
gen  30 conventional best 0.267 mean 0.100 best-dist 1.00 m
gen  30 took 27.6s
gen  31 holistic     best 0.135 mean 0.023 best-dist 1.20 m
gen  31 conventional best 0.420 mean 0.193 best-dist 0.64 m
gen  31 took 25.9s
gen  32 holistic     best 0.137 mean 0.026 best-dist 2.05 m
gen  32 conventional best 0.393 mean 0.167 best-dist 0.34 m
gen  32 took 23.9s
gen  33 holistic     best 0.145 mean 0.027 best-dist 1.76 m
gen  33 conventional best 0.177 mean 0.060 best-dist 1.24 m
gen  33 took 21.3s
gen  34 holistic     best 0.042 mean 0.011 best-dist 2.70 m
gen  34 conventional best 0.144 mean 0.036 best-dist 1.08 m
gen  34 took 22.2s
gen  35 holistic     best 0.205 mean 0.029 best-dist 1.42 m
gen  35 conventional best 0.359 mean 0.103 best-dist 0.83 m
gen  35 took 23.5s
gen  36 holistic     best 0.092 mean 0.025 best-dist 2.37 m
gen  36 conventional best 0.200 mean 0.057 best-dist 0.84 m
gen  36 took 22.7s
gen  37 holistic     best 0.209 mean 0.038 best-dist 1.75 m
gen  37 conventional best 0.408 mean 0.139 best-dist 0.91 m
gen  37 took 22.7s
gen  38 holistic     best 0.133 mean 0.032 best-dist 1.49 m
gen  38 conventional best 0.288 mean 0.086 best-dist 0.91 m
gen  38 took 22.5s
gen  39 holistic     best 0.082 mean 0.009 best-dist 2.24 m
gen  39 conventional best 0.078 mean 0.020 best-dist 0.92 m
gen  39 took 22.4s
gen  40 holistic     best 0.079 mean 0.016 best-dist 1.80 m
gen  40 conventional best 0.150 mean 0.039 best-dist 0.60 m
gen  40 took 23.2s
gen  41 holistic     best 0.153 mean 0.026 best-dist 1.89 m
gen  41 conventional best 0.199 mean 0.045 best-dist 1.06 m
gen  41 took 22.8s
gen  42 holistic     best 0.037 mean 0.009 best-dist 1.41 m
gen  42 conventional best 0.046 mean 0.027 best-dist 1.22 m
gen  42 took 23.1s
gen  43 holistic     best 0.166 mean 0.026 best-dist 1.08 m
gen  43 conventional best 0.200 mean 0.064 best-dist 1.11 m
gen  43 took 22.7s
gen  44 holistic     best 0.214 mean 0.040 best-dist 1.06 m
gen  44 conventional best 0.347 mean 0.102 best-dist 0.90 m
gen  44 took 22.6s
gen  45 holistic     best 0.222 mean 0.030 best-dist 1.54 m
gen  45 conventional best 0.498 mean 0.139 best-dist 0.68 m
gen  45 took 23.4s
gen  46 holistic     best 0.104 mean 0.024 best-dist 1.80 m
gen  46 conventional best 0.200 mean 0.056 best-dist 0.94 m
gen  46 took 23.3s
gen  47 holistic     best 0.120 mean 0.026 best-dist 1.99 m
gen  47 conventional best 0.450 mean 0.142 best-dist 0.51 m
gen  47 took 23.4s
gen  48 holistic     best 0.160 mean 0.014 best-dist 1.20 m
gen  48 conventional best 0.292 mean 0.067 best-dist 0.82 m
gen  48 took 23.6s
gen  49 holistic     best 0.151 mean 0.038 best-dist 1.01 m
gen  49 conventional best 0.198 mean 0.072 best-dist 1.01 m
gen  49 took 27.9s
WARNING: Nan, Inf or huge value in QACC at DOF 1. The simulation is unstable. Time = 2.3800.

gen  50 holistic     best 0.201 mean 0.045 best-dist 1.46 m
gen  50 conventional best 0.377 mean 0.137 best-dist 0.65 m
gen  50 took 29.0s
gen  51 holistic     best 0.119 mean 0.022 best-dist 1.37 m
gen  51 conventional best 0.265 mean 0.092 best-dist 0.77 m
gen  51 took 29.9s
gen  52 holistic     best 0.099 mean 0.019 best-dist 1.53 m
gen  52 conventional best 0.271 mean 0.082 best-dist 0.54 m
gen  52 took 30.6s
gen  53 holistic     best 0.132 mean 0.031 best-dist 0.85 m
gen  53 conventional best 0.346 mean 0.116 best-dist 0.43 m
gen  53 took 32.4s
gen  54 holistic     best 0.041 mean 0.013 best-dist 1.21 m
gen  54 conventional best 0.094 mean 0.037 best-dist 0.71 m
gen  54 took 29.7s
gen  55 holistic     best 0.152 mean 0.027 best-dist 1.39 m
gen  55 conventional best 0.466 mean 0.202 best-dist 0.85 m
gen  55 took 26.9s
gen  56 holistic     best 0.184 mean 0.034 best-dist 1.55 m
gen  56 conventional best 0.185 mean 0.066 best-dist 1.13 m
gen  56 took 27.2s
gen  57 holistic     best 0.058 mean 0.011 best-dist 3.57 m
gen  57 conventional best 0.267 mean 0.134 best-dist 0.95 m
gen  57 took 25.5s
gen  58 holistic     best 0.090 mean 0.018 best-dist 2.89 m
gen  58 conventional best 0.240 mean 0.058 best-dist 0.68 m
gen  58 took 28.0s
gen  59 holistic     best 0.172 mean 0.027 best-dist 3.19 m
gen  59 conventional best 0.317 mean 0.080 best-dist 0.67 m
gen  59 took 27.8s
gen  60 holistic     best 0.168 mean 0.035 best-dist 1.95 m
gen  60 conventional best 0.301 mean 0.110 best-dist 0.82 m
gen  60 took 26.4s
gen  61 holistic     best 0.182 mean 0.033 best-dist 1.45 m
gen  61 conventional best 0.296 mean 0.063 best-dist 0.95 m
gen  61 took 26.0s
gen  62 holistic     best 0.170 mean 0.033 best-dist 1.86 m
gen  62 conventional best 0.354 mean 0.110 best-dist 0.69 m
gen  62 took 25.5s
WARNING: Nan, Inf or huge value in QACC at DOF 7. The simulation is unstable. Time = 10.8600.

gen  63 holistic     best 0.146 mean 0.031 best-dist 0.88 m
gen  63 conventional best 0.164 mean 0.055 best-dist 0.96 m
gen  63 took 24.6s
gen  64 holistic     best 0.136 mean 0.020 best-dist 1.17 m
gen  64 conventional best 0.202 mean 0.098 best-dist 1.09 m
gen  64 took 24.4s
gen  65 holistic     best 0.120 mean 0.022 best-dist 1.63 m
gen  65 conventional best 0.221 mean 0.083 best-dist 1.26 m
gen  65 took 24.9s
gen  66 holistic     best 0.076 mean 0.019 best-dist 1.11 m
gen  66 conventional best 0.202 mean 0.075 best-dist 1.05 m
gen  66 took 24.9s
gen  67 holistic     best 0.075 mean 0.018 best-dist 1.33 m
gen  67 conventional best 0.233 mean 0.069 best-dist 1.77 m
gen  67 took 24.1s
gen  68 holistic     best 0.079 mean 0.020 best-dist 1.65 m
gen  68 conventional best 0.163 mean 0.060 best-dist 1.10 m
gen  68 took 24.9s
gen  69 holistic     best 0.024 mean 0.008 best-dist 2.29 m
gen  69 conventional best 0.073 mean 0.028 best-dist 1.07 m
gen  69 took 26.5s
gen  70 holistic     best 0.063 mean 0.015 best-dist 1.60 m
gen  70 conventional best 0.184 mean 0.076 best-dist 1.80 m
gen  70 took 25.0s
gen  71 holistic     best 0.168 mean 0.029 best-dist 1.92 m
gen  71 conventional best 0.190 mean 0.068 best-dist 1.78 m
gen  71 took 24.8s
gen  72 holistic     best 0.041 mean 0.015 best-dist 1.66 m
gen  72 conventional best 0.184 mean 0.082 best-dist 1.88 m
gen  72 took 26.7s
gen  73 holistic     best 0.024 mean 0.009 best-dist 2.07 m
gen  73 conventional best 0.150 mean 0.026 best-dist 1.01 m
gen  73 took 25.0s
gen  74 holistic     best 0.057 mean 0.011 best-dist 1.37 m
gen  74 conventional best 0.097 mean 0.027 best-dist 1.45 m
gen  74 took 25.0s
gen  75 holistic     best 0.141 mean 0.021 best-dist 1.39 m
gen  75 conventional best 0.265 mean 0.046 best-dist 1.20 m
gen  75 took 24.0s
gen  76 holistic     best 0.022 mean 0.006 best-dist 2.05 m
gen  76 conventional best 0.186 mean 0.035 best-dist 3.91 m
gen  76 took 26.1s
gen  77 holistic     best 0.259 mean 0.051 best-dist 1.59 m
gen  77 conventional best 0.302 mean 0.059 best-dist 0.52 m
gen  77 took 27.4s
gen  78 holistic     best 0.083 mean 0.017 best-dist 1.74 m
gen  78 conventional best 0.164 mean 0.059 best-dist 0.98 m
gen  78 took 24.9s
gen  79 holistic     best 0.180 mean 0.032 best-dist 1.70 m
gen  79 conventional best 0.196 mean 0.100 best-dist 1.36 m
gen  79 took 26.8s
gen  80 holistic     best 0.058 mean 0.019 best-dist 1.99 m
gen  80 conventional best 0.263 mean 0.030 best-dist 0.48 m
gen  80 took 25.5s
gen  81 holistic     best 0.069 mean 0.015 best-dist 2.10 m
gen  81 conventional best 0.029 mean 0.014 best-dist 1.44 m
gen  81 took 24.1s
gen  82 holistic     best 0.056 mean 0.015 best-dist 1.24 m
gen  82 conventional best 0.016 mean 0.009 best-dist 2.49 m
gen  82 took 23.3s
WARNING: Nan, Inf or huge value in QACC at DOF 0. The simulation is unstable. Time = 7.0600.

gen  83 holistic     best 0.113 mean 0.029 best-dist 2.07 m
gen  83 conventional best 0.196 mean 0.063 best-dist 2.00 m
gen  83 took 22.8s
gen  84 holistic     best 0.105 mean 0.032 best-dist 1.87 m
gen  84 conventional best 0.139 mean 0.033 best-dist 2.12 m
gen  84 took 22.6s
gen  85 holistic     best 0.112 mean 0.022 best-dist 2.76 m
gen  85 conventional best 0.051 mean 0.005 best-dist 1.27 m
gen  85 took 21.9s
gen  86 holistic     best 0.053 mean 0.021 best-dist 3.38 m
gen  86 conventional best 0.176 mean 0.067 best-dist 1.14 m
gen  86 took 21.8s
gen  87 holistic     best 0.144 mean 0.027 best-dist 1.29 m
gen  87 conventional best 0.110 mean 0.042 best-dist 2.48 m
gen  87 took 22.0s
gen  88 holistic     best 0.188 mean 0.034 best-dist 2.31 m
gen  88 conventional best 0.207 mean 0.043 best-dist 0.60 m
gen  88 took 23.4s
gen  89 holistic     best 0.030 mean 0.010 best-dist 1.40 m
gen  89 conventional best 0.166 mean 0.042 best-dist 1.00 m
gen  89 took 21.3s
gen  90 holistic     best 0.023 mean 0.008 best-dist 1.73 m
gen  90 conventional best 0.106 mean 0.038 best-dist 0.87 m
gen  90 took 22.8s
gen  91 holistic     best 0.100 mean 0.024 best-dist 1.51 m
gen  91 conventional best 0.119 mean 0.036 best-dist 1.52 m
gen  91 took 22.5s
gen  92 holistic     best 0.050 mean 0.012 best-dist 1.73 m
gen  92 conventional best 0.013 mean 0.003 best-dist 1.65 m
gen  92 took 22.2s
gen  93 holistic     best 0.094 mean 0.029 best-dist 2.13 m
gen  93 conventional best 0.386 mean 0.105 best-dist 1.05 m
gen  93 took 22.1s
gen  94 holistic     best 0.079 mean 0.025 best-dist 2.24 m
gen  94 conventional best 0.221 mean 0.037 best-dist 1.15 m
gen  94 took 24.0s
gen  95 holistic     best 0.120 mean 0.024 best-dist 1.45 m
gen  95 conventional best 0.294 mean 0.094 best-dist 0.67 m
gen  95 took 23.2s
WARNING: Nan, Inf or huge value in QACC at DOF 0. The simulation is unstable. Time = 1.0450.

gen  96 holistic     best 0.115 mean 0.021 best-dist 2.06 m
gen  96 conventional best 0.124 mean 0.028 best-dist 1.15 m
gen  96 took 24.9s
WARNING: Nan, Inf or huge value in QACC at DOF 0. The simulation is unstable. Time = 1.5000.

gen  97 holistic     best 0.065 mean 0.007 best-dist 2.63 m
gen  97 conventional best 0.044 mean 0.020 best-dist 2.37 m
gen  97 took 22.6s
gen  98 holistic     best 0.123 mean 0.023 best-dist 1.44 m
gen  98 conventional best 0.047 mean 0.017 best-dist 1.12 m
gen  98 took 22.8s
gen  99 holistic     best 0.113 mean 0.031 best-dist 3.77 m
gen  99 conventional best 0.212 mean 0.076 best-dist 1.10 m
gen  99 took 23.0s
gen 100 holistic     best 0.069 mean 0.009 best-dist 3.79 m
gen 100 conventional best 0.077 mean 0.025 best-dist 1.28 m
gen 100 took 22.7s
gen 101 holistic     best 0.148 mean 0.035 best-dist 1.49 m
gen 101 conventional best 0.215 mean 0.056 best-dist 0.62 m
gen 101 took 23.1s
gen 102 holistic     best 0.171 mean 0.033 best-dist 1.82 m
gen 102 conventional best 0.182 mean 0.094 best-dist 0.88 m
gen 102 took 22.7s
gen 103 holistic     best 0.029 mean 0.012 best-dist 2.66 m
gen 103 conventional best 0.060 mean 0.018 best-dist 1.21 m
gen 103 took 23.8s
gen 104 holistic     best 0.023 mean 0.011 best-dist 3.73 m
gen 104 conventional best 0.151 mean 0.029 best-dist 1.72 m
gen 104 took 23.1s
WARNING: Nan, Inf or huge value in QACC at DOF 7. The simulation is unstable. Time = 6.8700.

gen 105 holistic     best 0.170 mean 0.040 best-dist 1.49 m
gen 105 conventional best 0.141 mean 0.026 best-dist 1.28 m
gen 105 took 22.9s
gen 106 holistic     best 0.173 mean 0.027 best-dist 1.91 m
gen 106 conventional best 0.110 mean 0.029 best-dist 1.90 m
gen 106 took 23.1s
gen 107 holistic     best 0.100 mean 0.014 best-dist 4.80 m
gen 107 conventional best 0.114 mean 0.020 best-dist 1.91 m
gen 107 took 23.6s
gen 108 holistic     best 0.051 mean 0.015 best-dist 2.81 m
gen 108 conventional best 0.083 mean 0.025 best-dist 1.01 m
gen 108 took 23.4s
gen 109 holistic     best 0.089 mean 0.015 best-dist 1.62 m
gen 109 conventional best 0.108 mean 0.038 best-dist 1.86 m
gen 109 took 22.5s
gen 110 holistic     best 0.199 mean 0.028 best-dist 3.43 m
gen 110 conventional best 0.022 mean 0.010 best-dist 1.89 m
gen 110 took 23.8s
gen 111 holistic     best 0.129 mean 0.020 best-dist 2.91 m
gen 111 conventional best 0.031 mean 0.010 best-dist 1.54 m
gen 111 took 22.7s
gen 112 holistic     best 0.110 mean 0.015 best-dist 1.60 m
gen 112 conventional best 0.119 mean 0.035 best-dist 1.90 m
gen 112 took 23.5s
gen 113 holistic     best 0.121 mean 0.017 best-dist 1.23 m
gen 113 conventional best 0.141 mean 0.040 best-dist 1.86 m
gen 113 took 24.1s
gen 114 holistic     best 0.217 mean 0.033 best-dist 1.45 m
gen 114 conventional best 0.136 mean 0.032 best-dist 0.95 m
gen 114 took 22.5s
gen 115 holistic     best 0.076 mean 0.012 best-dist 2.08 m
gen 115 conventional best 0.137 mean 0.050 best-dist 1.95 m
gen 115 took 24.6s
gen 116 holistic     best 0.069 mean 0.011 best-dist 3.55 m
gen 116 conventional best 0.167 mean 0.061 best-dist 0.85 m
gen 116 took 23.2s
gen 117 holistic     best 0.067 mean 0.015 best-dist 1.31 m
gen 117 conventional best 0.102 mean 0.017 best-dist 1.60 m
gen 117 took 24.9s
gen 118 holistic     best 0.117 mean 0.016 best-dist 2.44 m
gen 118 conventional best 0.054 mean 0.020 best-dist 1.17 m
gen 118 took 23.3s
gen 119 holistic     best 0.064 mean 0.023 best-dist 2.99 m
gen 119 conventional best 0.165 mean 0.037 best-dist 1.18 m
gen 119 took 22.7s
gen 120 holistic     best 0.183 mean 0.039 best-dist 0.91 m
gen 120 conventional best 0.133 mean 0.026 best-dist 1.15 m
gen 120 took 22.1s
WARNING: Nan, Inf or huge value in QACC at DOF 0. The simulation is unstable. Time = 8.5700.

gen 121 holistic     best 0.064 mean 0.017 best-dist 1.73 m
gen 121 conventional best 0.040 mean 0.021 best-dist 1.21 m
gen 121 took 22.2s
gen 122 holistic     best 0.087 mean 0.022 best-dist 1.82 m
gen 122 conventional best 0.241 mean 0.068 best-dist 0.91 m
gen 122 took 22.7s
gen 123 holistic     best 0.123 mean 0.024 best-dist 1.42 m
gen 123 conventional best 0.012 mean 0.004 best-dist 1.77 m
gen 123 took 23.1s
gen 124 holistic     best 0.117 mean 0.033 best-dist 1.56 m
gen 124 conventional best 0.185 mean 0.037 best-dist 1.74 m
gen 124 took 22.0s
gen 125 holistic     best 0.093 mean 0.020 best-dist 2.58 m
gen 125 conventional best 0.246 mean 0.050 best-dist 1.37 m
gen 125 took 23.4s
gen 126 holistic     best 0.071 mean 0.018 best-dist 6.89 m
gen 126 conventional best 0.169 mean 0.048 best-dist 1.09 m
gen 126 took 22.7s
WARNING: Nan, Inf or huge value in QACC at DOF 0. The simulation is unstable. Time = 8.5250.

WARNING: Nan, Inf or huge value in QACC at DOF 0. The simulation is unstable. Time = 8.5250.

WARNING: Nan, Inf or huge value in QACC at DOF 0. The simulation is unstable. Time = 8.5250.

gen 127 holistic     best 0.028 mean 0.011 best-dist 2.50 m
gen 127 conventional best 0.015 mean 0.007 best-dist 1.68 m
gen 127 took 23.7s
gen 128 holistic     best 0.119 mean 0.012 best-dist 1.66 m
gen 128 conventional best 0.042 mean 0.009 best-dist 1.16 m
gen 128 took 22.0s
gen 129 holistic     best 0.058 mean 0.016 best-dist 7.00 m
gen 129 conventional best 0.040 mean 0.013 best-dist 1.78 m
gen 129 took 24.1s
gen 130 holistic     best 0.094 mean 0.019 best-dist 1.36 m
gen 130 conventional best 0.241 mean 0.060 best-dist 1.70 m
gen 130 took 24.9s
gen 131 holistic     best 0.096 mean 0.011 best-dist 1.32 m
gen 131 conventional best 0.111 mean 0.030 best-dist 1.28 m
gen 131 took 22.0s
gen 132 holistic     best 0.107 mean 0.021 best-dist 2.67 m
gen 132 conventional best 0.130 mean 0.038 best-dist 1.15 m
gen 132 took 24.1s
gen 133 holistic     best 0.093 mean 0.017 best-dist 1.68 m
gen 133 conventional best 0.163 mean 0.039 best-dist 1.65 m
gen 133 took 22.3s
gen 134 holistic     best 0.156 mean 0.042 best-dist 2.25 m
gen 134 conventional best 0.117 mean 0.055 best-dist 1.36 m
gen 134 took 22.9s
gen 135 holistic     best 0.117 mean 0.050 best-dist 2.33 m
gen 135 conventional best 0.258 mean 0.104 best-dist 1.66 m
gen 135 took 21.7s
gen 136 holistic     best 0.141 mean 0.032 best-dist 1.98 m
gen 136 conventional best 0.279 mean 0.075 best-dist 0.42 m
gen 136 took 21.9s
WARNING: Nan, Inf or huge value in QACC at DOF 0. The simulation is unstable. Time = 9.4100.

gen 137 holistic     best 0.101 mean 0.034 best-dist 2.23 m
gen 137 conventional best 0.142 mean 0.026 best-dist 0.85 m
gen 137 took 23.4s
gen 138 holistic     best 0.123 mean 0.023 best-dist 3.72 m
gen 138 conventional best 0.302 mean 0.091 best-dist 1.74 m
gen 138 took 22.9s
WARNING: Nan, Inf or huge value in QACC at DOF 0. The simulation is unstable. Time = 8.5800.

gen 139 holistic     best 0.185 mean 0.028 best-dist 1.34 m
gen 139 conventional best 0.189 mean 0.038 best-dist 1.42 m
gen 139 took 23.4s
gen 140 holistic     best 0.155 mean 0.035 best-dist 1.19 m
gen 140 conventional best 0.198 mean 0.064 best-dist 0.96 m
gen 140 took 23.4s
WARNING: Nan, Inf or huge value in QACC at DOF 0. The simulation is unstable. Time = 1.9800.

gen 141 holistic     best 0.067 mean 0.011 best-dist 1.58 m
gen 141 conventional best 0.079 mean 0.022 best-dist 1.42 m
gen 141 took 24.5s
gen 142 holistic     best 0.213 mean 0.014 best-dist 1.68 m
gen 142 conventional best 0.070 mean 0.024 best-dist 1.01 m
gen 142 took 25.3s
gen 143 holistic     best 0.130 mean 0.018 best-dist 2.02 m
gen 143 conventional best 0.196 mean 0.051 best-dist 1.38 m
gen 143 took 25.8s
gen 144 holistic     best 0.076 mean 0.016 best-dist 2.66 m
gen 144 conventional best 0.255 mean 0.073 best-dist 1.15 m
gen 144 took 23.4s
gen 145 holistic     best 0.087 mean 0.020 best-dist 3.12 m
gen 145 conventional best 0.146 mean 0.061 best-dist 1.25 m
gen 145 took 22.3s
gen 146 holistic     best 0.079 mean 0.017 best-dist 1.22 m
gen 146 conventional best 0.238 mean 0.086 best-dist 1.06 m
gen 146 took 22.9s
gen 147 holistic     best 0.060 mean 0.011 best-dist 2.01 m
gen 147 conventional best 0.203 mean 0.076 best-dist 1.52 m
gen 147 took 23.1s
gen 148 holistic     best 0.097 mean 0.009 best-dist 2.43 m
gen 148 conventional best 0.148 mean 0.053 best-dist 1.34 m
gen 148 took 22.6s
gen 149 holistic     best 0.219 mean 0.040 best-dist 1.98 m
gen 149 conventional best 0.111 mean 0.016 best-dist 3.68 m
gen 149 took 23.3s
gen 150 holistic     best 0.030 mean 0.010 best-dist 2.16 m
gen 150 conventional best 0.086 mean 0.016 best-dist 0.94 m
gen 150 took 24.8s
gen 151 holistic     best 0.049 mean 0.011 best-dist 2.70 m
gen 151 conventional best 0.142 mean 0.042 best-dist 1.10 m
gen 151 took 24.1s
gen 152 holistic     best 0.163 mean 0.016 best-dist 2.26 m
gen 152 conventional best 0.143 mean 0.039 best-dist 0.79 m
gen 152 took 24.6s
gen 153 holistic     best 0.047 mean 0.009 best-dist 2.31 m
gen 153 conventional best 0.120 mean 0.044 best-dist 0.73 m
gen 153 took 24.1s
gen 154 holistic     best 0.078 mean 0.013 best-dist 1.65 m
gen 154 conventional best 0.310 mean 0.065 best-dist 0.74 m
gen 154 took 24.7s
gen 155 holistic     best 0.091 mean 0.015 best-dist 2.24 m
gen 155 conventional best 0.270 mean 0.115 best-dist 0.34 m
gen 155 took 24.5s
gen 156 holistic     best 0.032 mean 0.007 best-dist 1.71 m
gen 156 conventional best 0.099 mean 0.021 best-dist 2.42 m
gen 156 took 26.1s
gen 157 holistic     best 0.191 mean 0.037 best-dist 1.93 m
gen 157 conventional best 0.401 mean 0.152 best-dist 0.88 m
gen 157 took 26.3s
gen 158 holistic     best 0.177 mean 0.027 best-dist 1.31 m
gen 158 conventional best 0.330 mean 0.121 best-dist 0.49 m
gen 158 took 23.8s
gen 159 holistic     best 0.135 mean 0.028 best-dist 1.33 m
gen 159 conventional best 0.272 mean 0.128 best-dist 0.65 m
gen 159 took 23.2s
gen 160 holistic     best 0.104 mean 0.020 best-dist 2.25 m
gen 160 conventional best 0.441 mean 0.141 best-dist 0.34 m
gen 160 took 23.7s
gen 161 holistic     best 0.149 mean 0.020 best-dist 2.12 m
gen 161 conventional best 0.153 mean 0.050 best-dist 0.61 m
gen 161 took 24.6s
gen 162 holistic     best 0.147 mean 0.013 best-dist 2.02 m
gen 162 conventional best 0.184 mean 0.068 best-dist 1.76 m
gen 162 took 25.0s
gen 163 holistic     best 0.130 mean 0.021 best-dist 1.19 m
gen 163 conventional best 0.402 mean 0.212 best-dist 0.84 m
gen 163 took 25.3s
gen 164 holistic     best 0.063 mean 0.013 best-dist 1.35 m
gen 164 conventional best 0.212 mean 0.050 best-dist 0.89 m
gen 164 took 24.0s
gen 165 holistic     best 0.107 mean 0.035 best-dist 1.84 m
gen 165 conventional best 0.290 mean 0.109 best-dist 0.60 m
gen 165 took 23.8s
gen 166 holistic     best 0.081 mean 0.019 best-dist 3.22 m
gen 166 conventional best 0.340 mean 0.096 best-dist 2.19 m
gen 166 took 24.0s
gen 167 holistic     best 0.099 mean 0.027 best-dist 1.54 m
gen 167 conventional best 0.224 mean 0.049 best-dist 1.02 m
gen 167 took 25.8s
gen 168 holistic     best 0.038 mean 0.015 best-dist 1.32 m
gen 168 conventional best 0.146 mean 0.040 best-dist 1.10 m
gen 168 took 24.9s
gen 169 holistic     best 0.066 mean 0.018 best-dist 3.35 m
gen 169 conventional best 0.117 mean 0.029 best-dist 2.08 m
gen 169 took 24.8s
gen 170 holistic     best 0.161 mean 0.025 best-dist 2.67 m
gen 170 conventional best 0.047 mean 0.019 best-dist 1.65 m
gen 170 took 25.1s
gen 171 holistic     best 0.031 mean 0.006 best-dist 2.68 m
gen 171 conventional best 0.158 mean 0.025 best-dist 1.59 m
gen 171 took 24.0s
gen 172 holistic     best 0.181 mean 0.020 best-dist 2.36 m
gen 172 conventional best 0.065 mean 0.022 best-dist 1.16 m
gen 172 took 23.0s
gen 173 holistic     best 0.063 mean 0.012 best-dist 1.68 m
gen 173 conventional best 0.192 mean 0.071 best-dist 0.48 m
gen 173 took 23.5s
gen 174 holistic     best 0.019 mean 0.005 best-dist 1.84 m
gen 174 conventional best 0.191 mean 0.057 best-dist 2.28 m
gen 174 took 26.3s
gen 175 holistic     best 0.099 mean 0.012 best-dist 1.85 m
gen 175 conventional best 0.308 mean 0.097 best-dist 1.00 m
gen 175 took 26.2s
gen 176 holistic     best 0.081 mean 0.018 best-dist 1.56 m
gen 176 conventional best 0.240 mean 0.130 best-dist 1.67 m
gen 176 took 24.4s
gen 177 holistic     best 0.129 mean 0.014 best-dist 1.81 m
gen 177 conventional best 0.063 mean 0.016 best-dist 2.43 m
gen 177 took 26.4s
gen 178 holistic     best 0.061 mean 0.011 best-dist 1.86 m
gen 178 conventional best 0.117 mean 0.026 best-dist 2.62 m
gen 178 took 23.3s
gen 179 holistic     best 0.128 mean 0.023 best-dist 2.16 m
gen 179 conventional best 0.196 mean 0.053 best-dist 2.29 m
gen 179 took 23.6s
gen 180 holistic     best 0.081 mean 0.013 best-dist 2.52 m
gen 180 conventional best 0.268 mean 0.090 best-dist 1.46 m
gen 180 took 25.4s
gen 181 holistic     best 0.130 mean 0.015 best-dist 1.80 m
gen 181 conventional best 0.283 mean 0.070 best-dist 1.33 m
gen 181 took 24.6s
gen 182 holistic     best 0.216 mean 0.027 best-dist 1.35 m
gen 182 conventional best 0.113 mean 0.024 best-dist 1.26 m
gen 182 took 25.7s
gen 183 holistic     best 0.127 mean 0.031 best-dist 2.10 m
gen 183 conventional best 0.182 mean 0.062 best-dist 1.42 m
gen 183 took 26.1s
gen 184 holistic     best 0.063 mean 0.018 best-dist 2.61 m
gen 184 conventional best 0.208 mean 0.061 best-dist 1.10 m
gen 184 took 24.2s
gen 185 holistic     best 0.100 mean 0.021 best-dist 1.43 m
gen 185 conventional best 0.136 mean 0.051 best-dist 0.83 m
gen 185 took 23.8s
gen 186 holistic     best 0.063 mean 0.014 best-dist 4.54 m
gen 186 conventional best 0.093 mean 0.027 best-dist 1.12 m
gen 186 took 24.3s
gen 187 holistic     best 0.261 mean 0.052 best-dist 1.51 m
gen 187 conventional best 0.296 mean 0.077 best-dist 0.61 m
gen 187 took 26.8s
gen 188 holistic     best 0.047 mean 0.014 best-dist 3.59 m
gen 188 conventional best 0.189 mean 0.067 best-dist 0.54 m
gen 188 took 25.9s
gen 189 holistic     best 0.122 mean 0.016 best-dist 2.04 m
gen 189 conventional best 0.150 mean 0.037 best-dist 1.90 m
gen 189 took 25.4s
gen 190 holistic     best 0.034 mean 0.008 best-dist 3.00 m
gen 190 conventional best 0.173 mean 0.044 best-dist 1.24 m
gen 190 took 27.2s
gen 191 holistic     best 0.091 mean 0.014 best-dist 2.60 m
gen 191 conventional best 0.039 mean 0.011 best-dist 1.35 m
gen 191 took 25.1s
gen 192 holistic     best 0.114 mean 0.016 best-dist 2.70 m
gen 192 conventional best 0.198 mean 0.042 best-dist 1.68 m
gen 192 took 24.5s
gen 193 holistic     best 0.030 mean 0.007 best-dist 1.70 m
gen 193 conventional best 0.027 mean 0.008 best-dist 1.65 m
gen 193 took 24.8s
gen 194 holistic     best 0.131 mean 0.020 best-dist 1.87 m
gen 194 conventional best 0.198 mean 0.026 best-dist 1.16 m
gen 194 took 25.6s
gen 195 holistic     best 0.108 mean 0.016 best-dist 1.16 m
gen 195 conventional best 0.185 mean 0.042 best-dist 1.49 m
gen 195 took 23.7s
gen 196 holistic     best 0.041 mean 0.007 best-dist 6.99 m
gen 196 conventional best 0.048 mean 0.010 best-dist 1.07 m
gen 196 took 24.4s
gen 197 holistic     best 0.015 mean 0.004 best-dist 1.93 m
gen 197 conventional best 0.022 mean 0.007 best-dist 1.62 m
gen 197 took 23.6s
gen 198 holistic     best 0.074 mean 0.018 best-dist 3.37 m
gen 198 conventional best 0.103 mean 0.016 best-dist 0.95 m
gen 198 took 24.7s
gen 199 holistic     best 0.140 mean 0.029 best-dist 2.47 m
gen 199 conventional best 0.083 mean 0.026 best-dist 1.84 m
gen 199 took 14.6s
