gen   0 holistic     best 0.052 mean 0.004 best-dist 1.60 m
gen   0 conventional best 0.026 mean 0.006 best-dist 1.49 m
gen   0 took 42.5s
gen   1 holistic     best 0.062 mean 0.007 best-dist 1.62 m
gen   1 conventional best 0.116 mean 0.019 best-dist 1.16 m
gen   1 took 44.1s
gen   2 holistic     best 0.011 mean 0.003 best-dist 1.82 m
gen   2 conventional best 0.232 mean 0.035 best-dist 1.20 m
gen   2 took 43.0s
gen   3 holistic     best 0.115 mean 0.008 best-dist 1.64 m
gen   3 conventional best 0.269 mean 0.029 best-dist 0.59 m
gen   3 took 43.6s
gen   4 holistic     best 0.030 mean 0.008 best-dist 1.46 m
gen   4 conventional best 0.253 mean 0.037 best-dist 1.01 m
gen   4 took 43.6s
WARNING: Nan, Inf or huge value in QACC at DOF 0. The simulation is unstable. Time = 6.0050.

gen   5 holistic     best 0.070 mean 0.008 best-dist 1.17 m
gen   5 conventional best 0.061 mean 0.019 best-dist 0.84 m
gen   5 took 44.5s
gen   6 holistic     best 0.065 mean 0.012 best-dist 4.34 m
gen   6 conventional best 0.059 mean 0.023 best-dist 1.02 m
gen   6 took 41.5s
gen   7 holistic     best 0.175 mean 0.021 best-dist 2.60 m
gen   7 holistic     best 0.175 mean 0.021 best-dist 2.60 m
gen   7 conventional best 0.060 mean 0.027 best-dist 0.94 m
gen   7 took 22.9s
gen   8 holistic     best 0.087 mean 0.012 best-dist 3.21 m
gen   8 conventional best 0.226 mean 0.049 best-dist 0.68 m
gen   8 took 22.4s
gen   9 holistic     best 0.143 mean 0.022 best-dist 3.82 m
gen   9 conventional best 0.168 mean 0.045 best-dist 0.74 m
gen   9 took 24.6s
gen  10 holistic     best 0.129 mean 0.018 best-dist 0.86 m
gen  10 conventional best 0.078 mean 0.022 best-dist 1.04 m
gen  10 took 23.0s
gen  11 holistic     best 0.170 mean 0.020 best-dist 1.03 m
gen  11 conventional best 0.327 mean 0.061 best-dist 0.39 m
gen  11 took 22.1s
gen  12 holistic     best 0.142 mean 0.021 best-dist 1.37 m
gen  12 conventional best 0.138 mean 0.046 best-dist 0.82 m
gen  12 took 22.0s
gen  13 holistic     best 0.132 mean 0.013 best-dist 1.29 m
gen  13 conventional best 0.503 mean 0.121 best-dist 0.33 m
gen  13 took 22.8s
gen  14 holistic     best 0.079 mean 0.018 best-dist 1.31 m
gen  14 conventional best 0.350 mean 0.055 best-dist 0.59 m
gen  14 took 23.1s
gen  15 holistic     best 0.026 mean 0.006 best-dist 3.12 m
gen  15 conventional best 0.107 mean 0.023 best-dist 1.29 m
gen  15 took 22.7s
gen  16 holistic     best 0.159 mean 0.020 best-dist 1.66 m
gen  16 conventional best 0.234 mean 0.059 best-dist 0.98 m
gen  16 took 21.9s
gen  17 holistic     best 0.145 mean 0.026 best-dist 2.95 m
gen  17 conventional best 0.200 mean 0.047 best-dist 1.64 m
gen  17 took 22.3s
gen  18 holistic     best 0.088 mean 0.016 best-dist 1.88 m
gen  18 conventional best 0.187 mean 0.038 best-dist 1.42 m
gen  18 took 22.4s
gen  19 holistic     best 0.173 mean 0.021 best-dist 1.55 m
gen  19 conventional best 0.335 mean 0.094 best-dist 0.76 m
gen  19 took 23.2s
gen  20 holistic     best 0.102 mean 0.018 best-dist 2.98 m
gen  20 conventional best 0.331 mean 0.093 best-dist 0.48 m
gen  20 took 22.8s
gen  21 holistic     best 0.132 mean 0.014 best-dist 1.08 m
gen  21 conventional best 0.361 mean 0.135 best-dist 0.59 m
gen  21 took 23.7s
gen  22 holistic     best 0.212 mean 0.017 best-dist 1.00 m
gen  22 conventional best 0.262 mean 0.064 best-dist 0.75 m
gen  22 took 24.4s
gen  23 holistic     best 0.027 mean 0.009 best-dist 1.65 m
gen  23 conventional best 0.483 mean 0.136 best-dist 0.38 m
gen  23 took 24.5s
gen  24 holistic     best 0.374 mean 0.055 best-dist 0.74 m
gen  24 conventional best 0.238 mean 0.102 best-dist 0.84 m
gen  24 took 24.2s
WARNING: Nan, Inf or huge value in QACC at DOF 0. The simulation is unstable. Time = 0.1350.

WARNING: Nan, Inf or huge value in QACC at DOF 0. The simulation is unstable. Time = 0.1900.

WARNING: Nan, Inf or huge value in QACC at DOF 0. The simulation is unstable. Time = 0.1400.

WARNING: Nan, Inf or huge value in QACC at DOF 0. The simulation is unstable. Time = 0.1300.

gen  25 holistic     best 0.065 mean 0.010 best-dist 2.94 m
gen  25 conventional best 0.390 mean 0.095 best-dist 0.52 m
gen  25 took 23.8s
gen  26 holistic     best 0.458 mean 0.030 best-dist 1.02 m
gen  26 conventional best 0.478 mean 0.155 best-dist 0.60 m
gen  26 took 23.5s
gen  27 holistic     best 0.230 mean 0.026 best-dist 2.05 m
gen  27 conventional best 0.253 mean 0.093 best-dist 1.12 m
gen  27 took 23.3s
gen  28 holistic     best 0.080 mean 0.012 best-dist 1.81 m
gen  28 conventional best 0.283 mean 0.099 best-dist 0.79 m
gen  28 took 23.8s
gen  29 holistic     best 0.064 mean 0.017 best-dist 2.14 m
gen  29 conventional best 0.263 mean 0.090 best-dist 1.00 m
gen  29 took 23.5s
gen  30 holistic     best 0.139 mean 0.015 best-dist 1.57 m
gen  30 conventional best 0.301 mean 0.127 best-dist 1.05 m
gen  30 took 24.2s
gen  31 holistic     best 0.134 mean 0.022 best-dist 1.95 m
gen  31 conventional best 0.193 mean 0.058 best-dist 0.87 m
gen  31 took 24.1s
gen  32 holistic     best 0.036 mean 0.006 best-dist 1.81 m
gen  32 conventional best 0.358 mean 0.164 best-dist 0.85 m
gen  32 took 24.2s
gen  33 holistic     best 0.044 mean 0.012 best-dist 1.99 m
gen  33 conventional best 0.333 mean 0.107 best-dist 1.18 m
gen  33 took 23.5s
gen  34 holistic     best 0.063 mean 0.016 best-dist 2.73 m
gen  34 conventional best 0.299 mean 0.085 best-dist 0.94 m
gen  34 took 23.4s
gen  35 holistic     best 0.166 mean 0.023 best-dist 2.15 m
gen  35 conventional best 0.303 mean 0.091 best-dist 0.96 m
gen  35 took 23.1s
gen  36 holistic     best 0.053 mean 0.010 best-dist 2.14 m
gen  36 conventional best 0.198 mean 0.053 best-dist 1.11 m
gen  36 took 21.9s
gen  37 holistic     best 0.065 mean 0.011 best-dist 1.62 m
gen  37 conventional best 0.277 mean 0.141 best-dist 1.02 m
gen  37 took 22.3s
WARNING: Nan, Inf or huge value in QACC at DOF 3. The simulation is unstable. Time = 0.9000.

WARNING: Nan, Inf or huge value in QACC at DOF 6. The simulation is unstable. Time = 0.0650.

WARNING: Nan, Inf or huge value in QACC at DOF 0. The simulation is unstable. Time = 0.0850.

gen  38 holistic     best 0.023 mean 0.004 best-dist 1.65 m
gen  38 conventional best 0.270 mean 0.072 best-dist 0.55 m
gen  38 took 23.1s
gen  39 holistic     best 0.023 mean 0.005 best-dist 2.64 m
gen  39 conventional best 0.443 mean 0.234 best-dist 0.51 m
gen  39 took 24.3s
gen  40 holistic     best 0.227 mean 0.021 best-dist 1.06 m
gen  40 conventional best 0.402 mean 0.161 best-dist 0.48 m
gen  40 took 24.4s
gen  41 holistic     best 0.052 mean 0.008 best-dist 2.58 m
gen  41 conventional best 0.058 mean 0.026 best-dist 0.93 m
gen  41 took 24.8s
gen  42 holistic     best 0.122 mean 0.016 best-dist 1.55 m
gen  42 conventional best 0.164 mean 0.048 best-dist 0.83 m
gen  42 took 24.4s
gen  43 holistic     best 0.114 mean 0.019 best-dist 1.36 m
gen  43 conventional best 0.227 mean 0.070 best-dist 0.91 m
gen  43 took 23.6s
gen  44 holistic     best 0.149 mean 0.017 best-dist 1.52 m
gen  44 conventional best 0.147 mean 0.061 best-dist 1.39 m
gen  44 took 23.7s
gen  45 holistic     best 0.076 mean 0.019 best-dist 2.88 m
gen  45 conventional best 0.312 mean 0.113 best-dist 0.78 m
gen  45 took 24.0s
gen  46 holistic     best 0.035 mean 0.005 best-dist 2.55 m
gen  46 conventional best 0.129 mean 0.033 best-dist 1.47 m
gen  46 took 23.1s
gen  47 holistic     best 0.187 mean 0.017 best-dist 1.23 m
gen  47 conventional best 0.191 mean 0.072 best-dist 1.06 m
gen  47 took 23.7s
gen  48 holistic     best 0.079 mean 0.016 best-dist 2.63 m
gen  48 conventional best 0.167 mean 0.030 best-dist 2.06 m
gen  48 took 24.4s
gen  49 holistic     best 0.018 mean 0.007 best-dist 2.08 m
gen  49 conventional best 0.189 mean 0.059 best-dist 0.77 m
gen  49 took 23.6s
gen  50 holistic     best 0.016 mean 0.003 best-dist 1.71 m
gen  50 conventional best 0.224 mean 0.079 best-dist 1.14 m
gen  50 took 24.8s
gen  51 holistic     best 0.045 mean 0.005 best-dist 2.08 m
gen  51 conventional best 0.206 mean 0.064 best-dist 0.73 m
gen  51 took 23.3s
gen  52 holistic     best 0.019 mean 0.004 best-dist 1.67 m
gen  52 conventional best 0.210 mean 0.043 best-dist 0.75 m
gen  52 took 23.8s
gen  53 holistic     best 0.028 mean 0.009 best-dist 1.27 m
gen  53 conventional best 0.491 mean 0.131 best-dist 0.24 m
gen  53 took 24.6s
gen  54 holistic     best 0.025 mean 0.008 best-dist 1.53 m
gen  54 conventional best 0.087 mean 0.040 best-dist 0.97 m
gen  54 took 24.6s
gen  55 holistic     best 0.018 mean 0.005 best-dist 1.63 m
gen  55 conventional best 0.163 mean 0.028 best-dist 1.71 m
gen  55 took 24.5s
WARNING: Nan, Inf or huge value in QACC at DOF 0. The simulation is unstable. Time = 0.2700.

WARNING: Nan, Inf or huge value in QACC at DOF 0. The simulation is unstable. Time = 0.2550.

WARNING: Nan, Inf or huge value in QACC at DOF 0. The simulation is unstable. Time = 0.1350.

WARNING: Nan, Inf or huge value in QACC at DOF 1. The simulation is unstable. Time = 0.3350.

gen  56 holistic     best 0.028 mean 0.007 best-dist 1.42 m
gen  56 conventional best 0.135 mean 0.035 best-dist 1.41 m
gen  56 took 23.2s
gen  57 holistic     best 0.014 mean 0.005 best-dist 1.77 m
gen  57 conventional best 0.029 mean 0.012 best-dist 1.27 m
gen  57 took 23.7s
gen  58 holistic     best 0.031 mean 0.008 best-dist 1.35 m
gen  58 conventional best 0.216 mean 0.058 best-dist 1.37 m
gen  58 took 24.7s
gen  59 holistic     best 0.014 mean 0.005 best-dist 1.97 m
gen  59 conventional best 0.137 mean 0.051 best-dist 1.58 m
gen  59 took 22.9s
gen  60 holistic     best 0.034 mean 0.008 best-dist 1.35 m
gen  60 conventional best 0.394 mean 0.140 best-dist 0.47 m
gen  60 took 24.2s
gen  61 holistic     best 0.018 mean 0.007 best-dist 1.68 m
gen  61 conventional best 0.176 mean 0.047 best-dist 1.34 m
gen  61 took 24.1s
gen  62 holistic     best 0.020 mean 0.008 best-dist 1.56 m
gen  62 conventional best 0.314 mean 0.139 best-dist 0.88 m
gen  62 took 23.6s
gen  63 holistic     best 0.024 mean 0.012 best-dist 1.63 m
gen  63 conventional best 0.182 mean 0.041 best-dist 0.78 m
gen  63 took 23.9s
gen  64 holistic     best 0.027 mean 0.012 best-dist 1.37 m
gen  64 conventional best 0.222 mean 0.044 best-dist 1.15 m
gen  64 took 24.1s
gen  65 holistic     best 0.028 mean 0.015 best-dist 1.38 m
gen  65 conventional best 0.116 mean 0.031 best-dist 1.32 m
gen  65 took 23.9s
gen  66 holistic     best 0.027 mean 0.015 best-dist 1.59 m
gen  66 conventional best 0.323 mean 0.081 best-dist 0.57 m
gen  66 took 23.1s
gen  67 holistic     best 0.034 mean 0.013 best-dist 1.19 m
gen  67 conventional best 0.363 mean 0.153 best-dist 0.92 m
gen  67 took 22.8s
gen  68 holistic     best 0.022 mean 0.006 best-dist 1.55 m
gen  68 conventional best 0.267 mean 0.113 best-dist 0.37 m
gen  68 took 23.7s
gen  69 holistic     best 0.036 mean 0.013 best-dist 1.27 m
gen  69 conventional best 0.313 mean 0.121 best-dist 0.68 m
gen  69 took 23.8s
gen  70 holistic     best 0.035 mean 0.011 best-dist 3.74 m
gen  70 conventional best 0.299 mean 0.041 best-dist 1.02 m
gen  70 took 24.0s
WARNING: Nan, Inf or huge value in QACC at DOF 0. The simulation is unstable. Time = 0.1950.

WARNING: Nan, Inf or huge value in QACC at DOF 0. The simulation is unstable. Time = 0.1950.

WARNING: Nan, Inf or huge value in QACC at DOF 5. The simulation is unstable. Time = 0.2050.

WARNING: Nan, Inf or huge value in QACC at DOF 0. The simulation is unstable. Time = 0.1850.

gen  71 holistic     best 0.110 mean 0.013 best-dist 3.50 m
gen  71 conventional best 0.324 mean 0.103 best-dist 0.61 m
gen  71 took 23.5s
gen  72 holistic     best 0.028 mean 0.012 best-dist 1.58 m
gen  72 conventional best 0.387 mean 0.151 best-dist 0.63 m
gen  72 took 23.6s
gen  73 holistic     best 0.033 mean 0.013 best-dist 1.34 m
gen  73 conventional best 0.211 mean 0.077 best-dist 1.14 m
gen  73 took 24.0s
gen  74 holistic     best 0.017 mean 0.009 best-dist 1.88 m
gen  74 conventional best 0.128 mean 0.040 best-dist 0.74 m
gen  74 took 23.7s
gen  75 holistic     best 0.012 mean 0.004 best-dist 2.07 m
gen  75 conventional best 0.045 mean 0.019 best-dist 1.10 m
gen  75 took 23.6s
gen  76 holistic     best 0.016 mean 0.006 best-dist 1.93 m
gen  76 conventional best 0.083 mean 0.027 best-dist 1.08 m
gen  76 took 23.7s
gen  77 holistic     best 0.023 mean 0.009 best-dist 1.62 m
gen  77 conventional best 0.281 mean 0.075 best-dist 0.78 m
gen  77 took 24.0s
gen  78 holistic     best 0.020 mean 0.009 best-dist 1.76 m
gen  78 conventional best 0.258 mean 0.088 best-dist 1.11 m
gen  78 took 22.3s
gen  79 holistic     best 0.024 mean 0.012 best-dist 1.48 m
gen  79 conventional best 0.298 mean 0.129 best-dist 0.62 m
gen  79 took 24.0s
gen  80 holistic     best 0.020 mean 0.009 best-dist 1.85 m
gen  80 conventional best 0.326 mean 0.057 best-dist 0.97 m
gen  80 took 23.8s
gen  81 holistic     best 0.021 mean 0.008 best-dist 1.75 m
gen  81 conventional best 0.113 mean 0.022 best-dist 1.34 m
gen  81 took 23.2s
gen  82 holistic     best 0.024 mean 0.009 best-dist 1.63 m
gen  82 conventional best 0.206 mean 0.081 best-dist 0.69 m
gen  82 took 23.1s
gen  83 holistic     best 0.017 mean 0.006 best-dist 1.77 m
gen  83 conventional best 0.152 mean 0.019 best-dist 2.57 m
gen  83 took 24.2s
gen  84 holistic     best 0.020 mean 0.006 best-dist 1.77 m
gen  84 conventional best 0.097 mean 0.051 best-dist 1.18 m
gen  84 took 24.9s
gen  85 holistic     best 0.013 mean 0.006 best-dist 1.95 m
gen  85 conventional best 0.150 mean 0.042 best-dist 1.80 m
gen  85 took 25.5s
gen  86 holistic     best 0.025 mean 0.009 best-dist 1.62 m
gen  86 conventional best 0.070 mean 0.026 best-dist 1.11 m
gen  86 took 25.0s
gen  87 holistic     best 0.027 mean 0.009 best-dist 1.46 m
gen  87 conventional best 0.165 mean 0.063 best-dist 1.11 m
gen  87 took 24.6s
gen  88 holistic     best 0.012 mean 0.005 best-dist 1.73 m
gen  88 conventional best 0.110 mean 0.033 best-dist 1.34 m
gen  88 took 24.9s
gen  89 holistic     best 0.012 mean 0.004 best-dist 1.84 m
gen  89 conventional best 0.115 mean 0.026 best-dist 1.42 m
gen  89 took 24.6s
gen  90 holistic     best 0.017 mean 0.005 best-dist 1.90 m
gen  90 conventional best 0.103 mean 0.020 best-dist 2.41 m
gen  90 took 24.4s
gen  91 holistic     best 0.008 mean 0.004 best-dist 2.26 m
gen  91 conventional best 0.095 mean 0.019 best-dist 2.01 m
gen  91 took 23.7s
gen  92 holistic     best 0.022 mean 0.008 best-dist 4.49 m
gen  92 conventional best 0.192 mean 0.088 best-dist 1.82 m
gen  92 took 24.1s
gen  93 holistic     best 0.059 mean 0.008 best-dist 1.42 m
gen  93 conventional best 0.138 mean 0.033 best-dist 1.80 m
gen  93 took 23.6s
gen  94 holistic     best 0.129 mean 0.011 best-dist 3.92 m
gen  94 conventional best 0.356 mean 0.027 best-dist 0.79 m
gen  94 took 23.7s
gen  95 holistic     best 0.071 mean 0.009 best-dist 5.01 m
gen  95 conventional best 0.183 mean 0.056 best-dist 1.42 m
gen  95 took 25.1s
gen  96 holistic     best 0.075 mean 0.015 best-dist 5.05 m
gen  96 conventional best 0.180 mean 0.071 best-dist 1.37 m
gen  96 took 24.2s
gen  97 holistic     best 0.032 mean 0.009 best-dist 2.97 m
gen  97 conventional best 0.305 mean 0.148 best-dist 0.85 m
gen  97 took 24.7s
gen  98 holistic     best 0.019 mean 0.005 best-dist 4.03 m
gen  98 conventional best 0.050 mean 0.017 best-dist 1.20 m
gen  98 took 25.3s
gen  99 holistic     best 0.101 mean 0.018 best-dist 2.01 m
gen  99 conventional best 0.251 mean 0.072 best-dist 1.25 m
gen  99 took 24.5s
gen 100 holistic     best 0.041 mean 0.007 best-dist 3.04 m
gen 100 conventional best 0.104 mean 0.023 best-dist 1.66 m
gen 100 took 26.2s
gen 101 holistic     best 0.046 mean 0.011 best-dist 6.14 m
gen 101 conventional best 0.190 mean 0.043 best-dist 1.03 m
gen 101 took 27.5s
gen 102 holistic     best 0.030 mean 0.010 best-dist 6.97 m
gen 102 conventional best 0.187 mean 0.040 best-dist 1.38 m
gen 102 took 26.5s
gen 103 holistic     best 0.139 mean 0.023 best-dist 2.42 m
gen 103 conventional best 0.406 mean 0.149 best-dist 0.83 m
gen 103 took 25.5s
gen 104 holistic     best 0.035 mean 0.012 best-dist 1.64 m
gen 104 conventional best 0.105 mean 0.019 best-dist 1.23 m
gen 104 took 26.3s
gen 105 holistic     best 0.118 mean 0.027 best-dist 2.33 m
gen 105 conventional best 0.213 mean 0.088 best-dist 0.96 m
gen 105 took 26.0s
gen 106 holistic     best 0.093 mean 0.018 best-dist 2.66 m
gen 106 conventional best 0.020 mean 0.007 best-dist 1.46 m
gen 106 took 26.4s
gen 107 holistic     best 0.253 mean 0.034 best-dist 1.31 m
gen 107 conventional best 0.173 mean 0.033 best-dist 0.87 m
gen 107 took 25.1s
gen 108 holistic     best 0.048 mean 0.010 best-dist 4.01 m
gen 108 conventional best 0.313 mean 0.093 best-dist 1.25 m
gen 108 took 26.0s
gen 109 holistic     best 0.075 mean 0.012 best-dist 2.60 m
gen 109 conventional best 0.112 mean 0.024 best-dist 1.86 m
gen 109 took 25.7s
gen 110 holistic     best 0.043 mean 0.009 best-dist 1.71 m
gen 110 conventional best 0.027 mean 0.012 best-dist 1.66 m
gen 110 took 26.6s
gen 111 holistic     best 0.044 mean 0.008 best-dist 1.68 m
gen 111 conventional best 0.048 mean 0.012 best-dist 1.32 m
gen 111 took 26.9s
gen 112 holistic     best 0.209 mean 0.030 best-dist 1.74 m
gen 112 conventional best 0.200 mean 0.072 best-dist 1.08 m
gen 112 took 26.0s
gen 113 holistic     best 0.021 mean 0.011 best-dist 1.76 m
gen 113 conventional best 0.045 mean 0.027 best-dist 1.09 m
gen 113 took 25.7s
gen 114 holistic     best 0.211 mean 0.022 best-dist 2.33 m
gen 114 conventional best 0.033 mean 0.012 best-dist 1.36 m
gen 114 took 27.7s
gen 115 holistic     best 0.111 mean 0.016 best-dist 3.13 m
gen 115 conventional best 0.051 mean 0.017 best-dist 1.40 m
gen 115 took 26.7s
WARNING: Nan, Inf or huge value in QACC at DOF 0. The simulation is unstable. Time = 0.0600.

WARNING: Nan, Inf or huge value in QACC at DOF 7. The simulation is unstable. Time = 0.0550.

WARNING: Nan, Inf or huge value in QACC at DOF 0. The simulation is unstable. Time = 0.0600.

WARNING: Nan, Inf or huge value in QACC at DOF 11. The simulation is unstable. Time = 0.0600.

gen 116 holistic     best 0.030 mean 0.006 best-dist 4.09 m
gen 116 conventional best 0.242 mean 0.050 best-dist 0.88 m
gen 116 took 27.5s
gen 117 holistic     best 0.034 mean 0.011 best-dist 2.86 m
gen 117 conventional best 0.078 mean 0.024 best-dist 1.05 m
gen 117 took 26.4s
gen 118 holistic     best 0.066 mean 0.012 best-dist 3.85 m
gen 118 conventional best 0.051 mean 0.017 best-dist 1.07 m
gen 118 took 24.9s
gen 119 holistic     best 0.104 mean 0.019 best-dist 2.15 m
gen 119 conventional best 0.111 mean 0.021 best-dist 1.47 m
gen 119 took 27.2s
gen 120 holistic     best 0.069 mean 0.014 best-dist 2.80 m
gen 120 conventional best 0.186 mean 0.061 best-dist 0.68 m
gen 120 took 27.9s
gen 121 holistic     best 0.068 mean 0.014 best-dist 3.70 m
gen 121 conventional best 0.155 mean 0.055 best-dist 1.10 m
gen 121 took 26.7s
gen 122 holistic     best 0.048 mean 0.013 best-dist 2.24 m
gen 122 conventional best 0.139 mean 0.034 best-dist 1.78 m
gen 122 took 26.1s
gen 123 holistic     best 0.099 mean 0.015 best-dist 4.21 m
gen 123 conventional best 0.155 mean 0.053 best-dist 1.52 m
gen 123 took 24.7s
gen 124 holistic     best 0.058 mean 0.010 best-dist 1.57 m
gen 124 conventional best 0.127 mean 0.042 best-dist 0.93 m
gen 124 took 26.3s
gen 125 holistic     best 0.055 mean 0.010 best-dist 3.81 m
gen 125 conventional best 0.119 mean 0.030 best-dist 1.24 m
gen 125 took 27.7s
gen 126 holistic     best 0.026 mean 0.007 best-dist 2.76 m
gen 126 conventional best 0.032 mean 0.020 best-dist 1.68 m
gen 126 took 27.7s
gen 127 holistic     best 0.110 mean 0.015 best-dist 3.64 m
gen 127 conventional best 0.130 mean 0.027 best-dist 1.81 m
gen 127 took 29.0s
gen 128 holistic     best 0.060 mean 0.011 best-dist 4.80 m
gen 128 conventional best 0.144 mean 0.035 best-dist 1.24 m
gen 128 took 26.6s
gen 129 holistic     best 0.142 mean 0.017 best-dist 2.24 m
gen 129 conventional best 0.058 mean 0.012 best-dist 1.87 m
gen 129 took 26.6s
gen 130 holistic     best 0.060 mean 0.011 best-dist 2.65 m
gen 130 conventional best 0.187 mean 0.042 best-dist 0.75 m
gen 130 took 28.7s
gen 131 holistic     best 0.068 mean 0.009 best-dist 4.39 m
gen 131 conventional best 0.221 mean 0.071 best-dist 0.72 m
gen 131 took 27.1s
gen 132 holistic     best 0.063 mean 0.009 best-dist 1.98 m
gen 132 conventional best 0.024 mean 0.014 best-dist 2.04 m
gen 132 took 26.9s
gen 133 holistic     best 0.060 mean 0.011 best-dist 4.28 m
gen 133 conventional best 0.214 mean 0.049 best-dist 1.32 m
gen 133 took 28.5s
gen 134 holistic     best 0.088 mean 0.017 best-dist 2.19 m
gen 134 conventional best 0.257 mean 0.067 best-dist 1.33 m
gen 134 took 27.4s
gen 135 holistic     best 0.046 mean 0.013 best-dist 4.72 m
gen 135 conventional best 0.046 mean 0.018 best-dist 1.14 m
gen 135 took 28.6s
gen 136 holistic     best 0.015 mean 0.002 best-dist 1.82 m
gen 136 conventional best 0.084 mean 0.023 best-dist 1.75 m
gen 136 took 26.2s
gen 137 holistic     best 0.027 mean 0.004 best-dist 1.66 m
gen 137 conventional best 0.162 mean 0.060 best-dist 1.15 m
gen 137 took 26.5s
WARNING: Nan, Inf or huge value in QACC at DOF 0. The simulation is unstable. Time = 0.3900.

WARNING: Nan, Inf or huge value in QACC at DOF 0. The simulation is unstable. Time = 0.3400.

WARNING: Nan, Inf or huge value in QACC at DOF 0. The simulation is unstable. Time = 0.3550.

WARNING: Nan, Inf or huge value in QACC at DOF 3. The simulation is unstable. Time = 0.3800.

gen 138 holistic     best 0.068 mean 0.008 best-dist 1.47 m
gen 138 conventional best 0.205 mean 0.102 best-dist 1.20 m
gen 138 took 26.3s
gen 139 holistic     best 0.133 mean 0.012 best-dist 1.63 m
gen 139 conventional best 0.230 mean 0.063 best-dist 0.85 m
gen 139 took 26.1s
gen 140 holistic     best 0.263 mean 0.022 best-dist 1.21 m
gen 140 conventional best 0.143 mean 0.038 best-dist 1.64 m
gen 140 took 25.4s
gen 141 holistic     best 0.201 mean 0.024 best-dist 0.82 m
gen 141 conventional best 0.124 mean 0.020 best-dist 1.09 m
gen 141 took 25.8s
gen 142 holistic     best 0.212 mean 0.023 best-dist 1.06 m
gen 142 conventional best 0.156 mean 0.035 best-dist 1.72 m
gen 142 took 26.7s
gen 143 holistic     best 0.195 mean 0.054 best-dist 2.08 m
gen 143 conventional best 0.051 mean 0.015 best-dist 1.66 m
gen 143 took 25.3s
gen 144 holistic     best 0.329 mean 0.085 best-dist 1.29 m
gen 144 conventional best 0.175 mean 0.044 best-dist 1.04 m
gen 144 took 23.8s
gen 145 holistic     best 0.356 mean 0.079 best-dist 0.35 m
gen 145 conventional best 0.171 mean 0.042 best-dist 1.02 m
gen 145 took 22.2s
gen 146 holistic     best 0.338 mean 0.072 best-dist 1.36 m
gen 146 conventional best 0.151 mean 0.035 best-dist 1.55 m
gen 146 took 22.3s
gen 147 holistic     best 0.239 mean 0.085 best-dist 0.86 m
gen 147 conventional best 0.159 mean 0.029 best-dist 0.97 m
gen 147 took 22.9s
gen 148 holistic     best 0.232 mean 0.061 best-dist 0.89 m
gen 148 conventional best 0.135 mean 0.022 best-dist 1.62 m
gen 148 took 23.9s
gen 149 holistic     best 0.869 mean 0.165 best-dist 0.15 m
gen 149 conventional best 0.466 mean 0.108 best-dist 0.56 m
gen 149 took 22.8s
gen 150 holistic     best 0.741 mean 0.203 best-dist 0.10 m
gen 150 conventional best 0.221 mean 0.081 best-dist 1.10 m
gen 150 took 23.2s
gen 151 holistic     best 0.484 mean 0.182 best-dist 0.14 m
gen 151 conventional best 0.138 mean 0.027 best-dist 1.42 m
gen 151 took 23.6s
gen 152 holistic     best 0.689 mean 0.219 best-dist 0.18 m
gen 152 conventional best 0.175 mean 0.060 best-dist 2.07 m
gen 152 took 22.9s
gen 153 holistic     best 0.405 mean 0.088 best-dist 0.32 m
gen 153 conventional best 0.155 mean 0.037 best-dist 1.13 m
gen 153 took 25.2s
gen 154 holistic     best 0.700 mean 0.224 best-dist 0.16 m
gen 154 conventional best 0.030 mean 0.012 best-dist 1.38 m
gen 154 took 23.7s
WARNING: Nan, Inf or huge value in QACC at DOF 7. The simulation is unstable. Time = 8.3900.

WARNING: Nan, Inf or huge value in QACC at DOF 0. The simulation is unstable. Time = 10.1250.

gen 155 holistic     best 0.652 mean 0.267 best-dist 0.54 m
gen 155 conventional best 0.158 mean 0.032 best-dist 1.10 m
gen 155 took 24.0s
gen 156 holistic     best 0.543 mean 0.184 best-dist 0.53 m
gen 156 conventional best 0.300 mean 0.076 best-dist 0.52 m
gen 156 took 24.6s
gen 157 holistic     best 0.310 mean 0.119 best-dist 0.54 m
gen 157 conventional best 0.135 mean 0.038 best-dist 0.45 m
gen 157 took 25.3s
gen 158 holistic     best 0.342 mean 0.084 best-dist 0.44 m
gen 158 conventional best 0.029 mean 0.013 best-dist 1.75 m
gen 158 took 23.0s
gen 159 holistic     best 0.562 mean 0.142 best-dist 0.37 m
gen 159 conventional best 0.063 mean 0.025 best-dist 1.30 m
gen 159 took 23.6s
gen 160 holistic     best 0.570 mean 0.187 best-dist 0.26 m
gen 160 conventional best 0.073 mean 0.021 best-dist 2.27 m
gen 160 took 24.2s
gen 161 holistic     best 0.396 mean 0.129 best-dist 0.31 m
gen 161 conventional best 0.086 mean 0.033 best-dist 0.90 m
gen 161 took 23.6s
gen 162 holistic     best 0.530 mean 0.183 best-dist 0.41 m
gen 162 conventional best 0.085 mean 0.034 best-dist 1.75 m
gen 162 took 23.8s
gen 163 holistic     best 0.882 mean 0.406 best-dist 0.11 m
gen 163 conventional best 0.316 mean 0.127 best-dist 1.30 m
gen 163 took 24.0s
gen 164 holistic     best 0.709 mean 0.306 best-dist 0.20 m
gen 164 conventional best 0.219 mean 0.057 best-dist 1.48 m
gen 164 took 24.0s
gen 165 holistic     best 0.572 mean 0.237 best-dist 0.64 m
gen 165 conventional best 0.225 mean 0.057 best-dist 0.81 m
gen 165 took 22.7s
gen 166 holistic     best 0.739 mean 0.370 best-dist 0.23 m
gen 166 conventional best 0.198 mean 0.061 best-dist 0.55 m
gen 166 took 23.5s
gen 167 holistic     best 0.850 mean 0.483 best-dist 0.32 m
gen 167 conventional best 0.452 mean 0.179 best-dist 0.51 m
gen 167 took 23.9s
gen 168 holistic     best 0.851 mean 0.327 best-dist 0.17 m
gen 168 conventional best 0.237 mean 0.084 best-dist 1.08 m
gen 168 took 22.8s
gen 169 holistic     best 0.687 mean 0.302 best-dist 0.19 m
gen 169 conventional best 0.158 mean 0.043 best-dist 2.27 m
gen 169 took 24.7s
gen 170 holistic     best 0.581 mean 0.275 best-dist 0.30 m
gen 170 conventional best 0.047 mean 0.014 best-dist 1.19 m
gen 170 took 23.9s
gen 171 holistic     best 0.780 mean 0.315 best-dist 0.15 m
gen 171 conventional best 0.058 mean 0.011 best-dist 3.74 m
gen 171 took 24.6s
gen 172 holistic     best 0.859 mean 0.396 best-dist 0.25 m
gen 172 conventional best 0.200 mean 0.061 best-dist 1.10 m
gen 172 took 22.9s
WARNING: Nan, Inf or huge value in QACC at DOF 4. The simulation is unstable. Time = 9.6400.

gen 173 holistic     best 0.818 mean 0.352 best-dist 0.11 m
gen 173 conventional best 0.129 mean 0.025 best-dist 1.62 m
gen 173 took 23.3s
gen 174 holistic     best 0.850 mean 0.357 best-dist 0.21 m
gen 174 conventional best 0.162 mean 0.048 best-dist 1.61 m
gen 174 took 24.0s
gen 175 holistic     best 0.836 mean 0.451 best-dist 0.17 m
gen 175 conventional best 0.139 mean 0.041 best-dist 1.85 m
gen 175 took 24.2s
gen 176 holistic     best 0.844 mean 0.339 best-dist 0.22 m
gen 176 conventional best 0.152 mean 0.038 best-dist 0.66 m
gen 176 took 23.3s
gen 177 holistic     best 0.592 mean 0.316 best-dist 0.43 m
gen 177 conventional best 0.232 mean 0.104 best-dist 0.98 m
gen 177 took 24.6s
gen 178 holistic     best 0.916 mean 0.628 best-dist 0.19 m
gen 178 conventional best 0.275 mean 0.028 best-dist 0.94 m
gen 178 took 24.3s
gen 179 holistic     best 0.890 mean 0.414 best-dist 0.21 m
gen 179 conventional best 0.243 mean 0.053 best-dist 1.42 m
gen 179 took 23.8s
gen 180 holistic     best 0.862 mean 0.446 best-dist 0.35 m
gen 180 conventional best 0.210 mean 0.045 best-dist 1.18 m
gen 180 took 23.9s
gen 181 holistic     best 0.880 mean 0.352 best-dist 0.26 m
gen 181 conventional best 0.134 mean 0.024 best-dist 1.30 m
gen 181 took 24.6s
gen 182 holistic     best 0.421 mean 0.194 best-dist 0.39 m
gen 182 conventional best 0.033 mean 0.011 best-dist 1.30 m
gen 182 took 24.8s
gen 183 holistic     best 0.885 mean 0.347 best-dist 0.19 m
gen 183 conventional best 0.176 mean 0.032 best-dist 1.28 m
gen 183 took 24.9s
gen 184 holistic     best 0.843 mean 0.443 best-dist 0.26 m
gen 184 conventional best 0.037 mean 0.012 best-dist 1.33 m
gen 184 took 23.8s
gen 185 holistic     best 0.863 mean 0.360 best-dist 0.27 m
gen 185 conventional best 0.038 mean 0.008 best-dist 1.67 m
gen 185 took 23.3s
gen 186 holistic     best 0.793 mean 0.345 best-dist 0.16 m
gen 186 conventional best 0.020 mean 0.006 best-dist 2.11 m
gen 186 took 23.0s
gen 187 holistic     best 0.742 mean 0.307 best-dist 0.22 m
gen 187 conventional best 0.121 mean 0.020 best-dist 1.75 m
gen 187 took 24.2s
gen 188 holistic     best 0.711 mean 0.344 best-dist 0.26 m
gen 188 conventional best 0.203 mean 0.041 best-dist 2.09 m
gen 188 took 23.6s
gen 189 holistic     best 0.877 mean 0.439 best-dist 0.24 m
gen 189 conventional best 0.128 mean 0.022 best-dist 1.20 m
gen 189 took 23.5s
gen 190 holistic     best 0.886 mean 0.417 best-dist 0.26 m
gen 190 conventional best 0.101 mean 0.014 best-dist 1.84 m
gen 190 took 24.3s
gen 191 holistic     best 0.777 mean 0.421 best-dist 0.22 m
gen 191 conventional best 0.099 mean 0.020 best-dist 0.95 m
gen 191 took 24.1s
gen 192 holistic     best 0.841 mean 0.295 best-dist 0.19 m
gen 192 conventional best 0.289 mean 0.056 best-dist 0.94 m
gen 192 took 25.6s
gen 193 holistic     best 0.871 mean 0.311 best-dist 0.28 m
gen 193 conventional best 0.149 mean 0.026 best-dist 1.01 m
gen 193 took 28.0s
gen 194 holistic     best 0.844 mean 0.294 best-dist 0.32 m
gen 194 conventional best 0.184 mean 0.050 best-dist 1.15 m
gen 194 took 25.0s
gen 195 holistic     best 0.852 mean 0.334 best-dist 0.18 m
gen 195 conventional best 0.122 mean 0.034 best-dist 1.84 m
gen 195 took 25.8s
gen 196 holistic     best 0.865 mean 0.379 best-dist 0.18 m
gen 196 conventional best 0.099 mean 0.033 best-dist 1.23 m
gen 196 took 25.4s
gen 197 holistic     best 0.862 mean 0.341 best-dist 0.24 m
gen 197 conventional best 0.045 mean 0.010 best-dist 1.44 m
gen 197 took 25.3s
gen 198 holistic     best 0.878 mean 0.369 best-dist 0.20 m
gen 198 conventional best 0.197 mean 0.034 best-dist 0.61 m
gen 198 took 27.1s
gen 199 holistic     best 0.873 mean 0.428 best-dist 0.26 m
gen 199 conventional best 0.140 mean 0.043 best-dist 2.43 m
gen 199 took 24.6s
