
baseline_P-801_depth23  (runs/RBT-19/P-801)
  conventional  n=60
    DIRECT  |a| median    0.000  max     1.053    both noses wired  0/60   |a|>|c|  0/60
            a >= 16 (null)  0   >= 32 (+0.25)  0   >= 64 (+0.90)  0    ... AND |a|>|c|:  0 /  0
    PATH    |a| median    0.000  max     5.957    both noses wired  0/60   |a|>|c|  0/60
            a >= 16 (null)  0   >= 32 (+0.25)  0   >= 64 (+0.90)  0    ... AND |a|>|c|:  0 /  0
  holistic     no individual carries a food nose on both wheels
  direct gradient-dominant individuals:  0/60   best |a| among them:   0.000   (needs 32 for +0.25 items, 64 for +0.90)
  path   gradient-dominant individuals:  0/60   best |a| among them:   0.000   (needs 32 for +0.25 items, 64 for +0.90)

A30-801_depth39  (runs/RBT-60/A30-801)
  conventional  n=60
    DIRECT  |a| median    0.000  max     1.025    both noses wired  5/60   |a|>|c|  4/60
            a >= 16 (null)  0   >= 32 (+0.25)  0   >= 64 (+0.90)  0    ... AND |a|>|c|:  0 /  0
    PATH    |a| median    0.019  max    21.903    both noses wired 10/60   |a|>|c|  6/60
            a >= 16 (null)  2   >= 32 (+0.25)  0   >= 64 (+0.90)  0    ... AND |a|>|c|:  0 /  0
  holistic     no individual carries a food nose on both wheels
  direct gradient-dominant individuals:  4/60   best |a| among them:   0.548   (needs 32 for +0.25 items, 64 for +0.90)
  path   gradient-dominant individuals:  6/60   best |a| among them:  14.807   (needs 32 for +0.25 items, 64 for +0.90)

A15-801_depth78  (runs/RBT-60/A15-801)
  conventional  n=60
    DIRECT  |a| median    0.000  max     0.817    both noses wired  0/60   |a|>|c|  0/60
            a >= 16 (null)  0   >= 32 (+0.25)  0   >= 64 (+0.90)  0    ... AND |a|>|c|:  0 /  0
    PATH    |a| median   12.577  max    73.338    both noses wired  4/60   |a|>|c|  3/60
            a >= 16 (null) 21   >= 32 (+0.25)  7   >= 64 (+0.90)  3    ... AND |a|>|c|:  0 /  0
  holistic     no individual carries a food nose on both wheels
  direct gradient-dominant individuals:  0/60   best |a| among them:   0.000   (needs 32 for +0.25 items, 64 for +0.90)
  path   gradient-dominant individuals:  3/60   best |a| among them:  16.257   (needs 32 for +0.25 items, 64 for +0.90)

=== per-link weight scale ===
baseline_depth23           conventional links=  4800  median  0.84  p99   3.06  max    4.65   |w|>=8    0 (0.0000%)  >=16   0  >=32   0
baseline_depth23           holistic     links=  2447  median  0.86  p99   3.08  max    3.57   |w|>=8    0 (0.0000%)  >=16   0  >=32   0
A30_depth39                conventional links=  4217  median  0.99  p99   4.06  max    5.52   |w|>=8    0 (0.0000%)  >=16   0  >=32   0
A30_depth39                holistic     links=   871  median  0.95  p99   3.18  max    3.87   |w|>=8    0 (0.0000%)  >=16   0  >=32   0
A15_depth78                conventional links=  5989  median  1.16  p99   4.44  max    6.11   |w|>=8    0 (0.0000%)  >=16   0  >=32   0
A15_depth78                holistic     links=  1568  median  1.00  p99   3.69  max    4.13   |w|>=8    0 (0.0000%)  >=16   0  >=32   0
w=    8   s1  +16.000  s2  -16.000   (s1-s2)/2 =  +16.000   s1-s2 =  +32.000   RBT-61 labels this row k=+16
w=   16   s1  +32.000  s2  -32.000   (s1-s2)/2 =  +32.000   s1-s2 =  +64.000   RBT-61 labels this row k=+32
w=   32   s1  +64.000  s2  -64.000   (s1-s2)/2 =  +64.000   s1-s2 = +128.000   RBT-61 labels this row k=+64
