=== run e1: /root/rbt134-venv/bin/python runs/RBT-134/e1_parity.py --go > runs/RBT-134/out/e1.txt
=== run founders-801: /root/rbt134-venv/bin/python runs/RBT-106/founders.py 801 32 /tmp/rbt134-founders/founders-w32-801
seed 801: 60 founders in /tmp/rbt134-founders/founders-w32-801, 30 carrying the routed motif at w = 32 (a = 64; 15 at +1, 15 at -1); SHA256SUMS digest db0ad50055d5661f2997c6a7d293296548d678c21b7ccb03d8fbb140de5bdb47
digest matches the committed one
=== run founders-804: /root/rbt134-venv/bin/python runs/RBT-106/founders.py 804 32 /tmp/rbt134-founders/founders-w32-804
seed 804: 60 founders in /tmp/rbt134-founders/founders-w32-804, 30 carrying the routed motif at w = 32 (a = 64; 15 at +1, 15 at -1); SHA256SUMS digest 9815ea8f2da5c659b6a6b14eaf8ca5b96c62efbb4c4b8f80c02bd9e90391f4b1
digest matches the committed one
=== run founders-805: /root/rbt134-venv/bin/python runs/RBT-106/founders.py 805 32 /tmp/rbt134-founders/founders-w32-805
seed 805: 60 founders in /tmp/rbt134-founders/founders-w32-805, 30 carrying the routed motif at w = 32 (a = 64; 15 at +1, 15 at -1); SHA256SUMS digest 83bea688017daa2bb7112b660497202ce88ed37f56111d44f21fbfcb786d6d32
digest matches the committed one
=== run founders-806: /root/rbt134-venv/bin/python runs/RBT-106/founders.py 806 32 /tmp/rbt134-founders/founders-w32-806
seed 806: 60 founders in /tmp/rbt134-founders/founders-w32-806, 30 carrying the routed motif at w = 32 (a = 64; 15 at +1, 15 at -1); SHA256SUMS digest 8f7bad403dd96042dc9bee86dd296fedb78782e6294f2d9fecc7592e468e8e84
digest matches the committed one
=== run founders-807: /root/rbt134-venv/bin/python runs/RBT-106/founders.py 807 32 /tmp/rbt134-founders/founders-w32-807
seed 807: 60 founders in /tmp/rbt134-founders/founders-w32-807, 30 carrying the routed motif at w = 32 (a = 64; 15 at +1, 15 at -1); SHA256SUMS digest 9504d3d2b6717a72798d6f330e63dbd3c18724f2589b420ad51bedba8888e3b2
digest matches the committed one
=== run founders-1: /root/rbt134-venv/bin/python runs/RBT-106/founders.py 1 32 /tmp/rbt134-founders/founders-w32-1
seed 1: 60 founders in /tmp/rbt134-founders/founders-w32-1, 30 carrying the routed motif at w = 32 (a = 64; 15 at +1, 15 at -1); SHA256SUMS digest 52497c95ac858ea4e1494e4e4c052c02eb5e054c7aa483d8895706634778f2d6
digest matches the committed one
=== run founders-2: /root/rbt134-venv/bin/python runs/RBT-106/founders.py 2 32 /tmp/rbt134-founders/founders-w32-2
seed 2: 60 founders in /tmp/rbt134-founders/founders-w32-2, 30 carrying the routed motif at w = 32 (a = 64; 15 at +1, 15 at -1); SHA256SUMS digest ed35e57aeab3bd02c2193dca6dffe720bb28b27d06a890d0a9a035517b7549f7
digest matches the committed one
=== run founders-3: /root/rbt134-venv/bin/python runs/RBT-106/founders.py 3 32 /tmp/rbt134-founders/founders-w32-3
seed 3: 60 founders in /tmp/rbt134-founders/founders-w32-3, 30 carrying the routed motif at w = 32 (a = 64; 15 at +1, 15 at -1); SHA256SUMS digest 6906758bf5e778b4771c748cedc416661a7c28e10e54fca4c23bd5bdbe3a1168
digest matches the committed one
=== run founders-4: /root/rbt134-venv/bin/python runs/RBT-106/founders.py 4 32 /tmp/rbt134-founders/founders-w32-4
seed 4: 60 founders in /tmp/rbt134-founders/founders-w32-4, 30 carrying the routed motif at w = 32 (a = 64; 15 at +1, 15 at -1); SHA256SUMS digest 293ec1d224920079dbbd3043beff5cae571d04c907195c75666554247cfdddcb
digest matches the committed one
=== run founders-7: /root/rbt134-venv/bin/python runs/RBT-106/founders.py 7 32 /tmp/rbt134-founders/founders-w32-7
seed 7: 60 founders in /tmp/rbt134-founders/founders-w32-7, 30 carrying the routed motif at w = 32 (a = 64; 15 at +1, 15 at -1); SHA256SUMS digest 77ce10979e9e15af51310d62609855bbed3b55dcdeb733c99a05fbb8edc3882e
digest matches the committed one
=== run e2-B0-801: /root/rbt134-venv/bin/python runs/RBT-134/e2_erasure.py run B0 801 /tmp/rbt134-founders/founders-w32-801 --procs 4 --go > runs/RBT-134/out/e2-B0-801.txt
=== run e2-B0-804: /root/rbt134-venv/bin/python runs/RBT-134/e2_erasure.py run B0 804 /tmp/rbt134-founders/founders-w32-804 --procs 4 --go > runs/RBT-134/out/e2-B0-804.txt
=== run e2-B0-805: /root/rbt134-venv/bin/python runs/RBT-134/e2_erasure.py run B0 805 /tmp/rbt134-founders/founders-w32-805 --procs 4 --go > runs/RBT-134/out/e2-B0-805.txt
=== run e2-B0-806: /root/rbt134-venv/bin/python runs/RBT-134/e2_erasure.py run B0 806 /tmp/rbt134-founders/founders-w32-806 --procs 4 --go > runs/RBT-134/out/e2-B0-806.txt
=== run e2-B0-807: /root/rbt134-venv/bin/python runs/RBT-134/e2_erasure.py run B0 807 /tmp/rbt134-founders/founders-w32-807 --procs 4 --go > runs/RBT-134/out/e2-B0-807.txt
=== run e2-B0-1: /root/rbt134-venv/bin/python runs/RBT-134/e2_erasure.py run B0 1 /tmp/rbt134-founders/founders-w32-1 --procs 4 --go > runs/RBT-134/out/e2-B0-1.txt
=== run e2-B0-2: /root/rbt134-venv/bin/python runs/RBT-134/e2_erasure.py run B0 2 /tmp/rbt134-founders/founders-w32-2 --procs 4 --go > runs/RBT-134/out/e2-B0-2.txt
=== run e2-B0-3: /root/rbt134-venv/bin/python runs/RBT-134/e2_erasure.py run B0 3 /tmp/rbt134-founders/founders-w32-3 --procs 4 --go > runs/RBT-134/out/e2-B0-3.txt
=== run e2-B0-4: /root/rbt134-venv/bin/python runs/RBT-134/e2_erasure.py run B0 4 /tmp/rbt134-founders/founders-w32-4 --procs 4 --go > runs/RBT-134/out/e2-B0-4.txt
=== run e2-B0-7: /root/rbt134-venv/bin/python runs/RBT-134/e2_erasure.py run B0 7 /tmp/rbt134-founders/founders-w32-7 --procs 4 --go > runs/RBT-134/out/e2-B0-7.txt
=== run e2-A0-801: /root/rbt134-venv/bin/python runs/RBT-134/e2_erasure.py run A0 801 /tmp/rbt134-founders/founders-w32-801 --procs 4 --go > runs/RBT-134/out/e2-A0-801.txt
=== run e2-A0-804: /root/rbt134-venv/bin/python runs/RBT-134/e2_erasure.py run A0 804 /tmp/rbt134-founders/founders-w32-804 --procs 4 --go > runs/RBT-134/out/e2-A0-804.txt
=== run e2-A0-805: /root/rbt134-venv/bin/python runs/RBT-134/e2_erasure.py run A0 805 /tmp/rbt134-founders/founders-w32-805 --procs 4 --go > runs/RBT-134/out/e2-A0-805.txt
=== run e2-A0-806: /root/rbt134-venv/bin/python runs/RBT-134/e2_erasure.py run A0 806 /tmp/rbt134-founders/founders-w32-806 --procs 4 --go > runs/RBT-134/out/e2-A0-806.txt
=== run e2-A0-807: /root/rbt134-venv/bin/python runs/RBT-134/e2_erasure.py run A0 807 /tmp/rbt134-founders/founders-w32-807 --procs 4 --go > runs/RBT-134/out/e2-A0-807.txt
=== run e2-A0-1: /root/rbt134-venv/bin/python runs/RBT-134/e2_erasure.py run A0 1 /tmp/rbt134-founders/founders-w32-1 --procs 4 --go > runs/RBT-134/out/e2-A0-1.txt
=== run e2-A0-2: /root/rbt134-venv/bin/python runs/RBT-134/e2_erasure.py run A0 2 /tmp/rbt134-founders/founders-w32-2 --procs 4 --go > runs/RBT-134/out/e2-A0-2.txt
=== run e2-A0-3: /root/rbt134-venv/bin/python runs/RBT-134/e2_erasure.py run A0 3 /tmp/rbt134-founders/founders-w32-3 --procs 4 --go > runs/RBT-134/out/e2-A0-3.txt
=== run e2-A0-4: /root/rbt134-venv/bin/python runs/RBT-134/e2_erasure.py run A0 4 /tmp/rbt134-founders/founders-w32-4 --procs 4 --go > runs/RBT-134/out/e2-A0-4.txt
=== run e2-A0-7: /root/rbt134-venv/bin/python runs/RBT-134/e2_erasure.py run A0 7 /tmp/rbt134-founders/founders-w32-7 --procs 4 --go > runs/RBT-134/out/e2-A0-7.txt
=== run e2-summary-A0: /root/rbt134-venv/bin/python runs/RBT-134/e2_erasure.py summary A0 > runs/RBT-134/out/e2-summary-A0.txt
=== run e2-P1-801: /root/rbt134-venv/bin/python runs/RBT-134/e2_erasure.py run P1 801 /tmp/rbt134-founders/founders-w32-801 --procs 4 --go > runs/RBT-134/out/e2-P1-801.txt
=== run e2-P1-804: /root/rbt134-venv/bin/python runs/RBT-134/e2_erasure.py run P1 804 /tmp/rbt134-founders/founders-w32-804 --procs 4 --go > runs/RBT-134/out/e2-P1-804.txt
=== run e2-P1-805: /root/rbt134-venv/bin/python runs/RBT-134/e2_erasure.py run P1 805 /tmp/rbt134-founders/founders-w32-805 --procs 4 --go > runs/RBT-134/out/e2-P1-805.txt
=== run e2-P1-806: /root/rbt134-venv/bin/python runs/RBT-134/e2_erasure.py run P1 806 /tmp/rbt134-founders/founders-w32-806 --procs 4 --go > runs/RBT-134/out/e2-P1-806.txt
=== run e2-P1-807: /root/rbt134-venv/bin/python runs/RBT-134/e2_erasure.py run P1 807 /tmp/rbt134-founders/founders-w32-807 --procs 4 --go > runs/RBT-134/out/e2-P1-807.txt
=== run e2-P1-1: /root/rbt134-venv/bin/python runs/RBT-134/e2_erasure.py run P1 1 /tmp/rbt134-founders/founders-w32-1 --procs 4 --go > runs/RBT-134/out/e2-P1-1.txt
=== run e2-P1-2: /root/rbt134-venv/bin/python runs/RBT-134/e2_erasure.py run P1 2 /tmp/rbt134-founders/founders-w32-2 --procs 4 --go > runs/RBT-134/out/e2-P1-2.txt
=== run e2-P1-3: /root/rbt134-venv/bin/python runs/RBT-134/e2_erasure.py run P1 3 /tmp/rbt134-founders/founders-w32-3 --procs 4 --go > runs/RBT-134/out/e2-P1-3.txt
=== run e2-P1-4: /root/rbt134-venv/bin/python runs/RBT-134/e2_erasure.py run P1 4 /tmp/rbt134-founders/founders-w32-4 --procs 4 --go > runs/RBT-134/out/e2-P1-4.txt
=== run e2-P1-7: /root/rbt134-venv/bin/python runs/RBT-134/e2_erasure.py run P1 7 /tmp/rbt134-founders/founders-w32-7 --procs 4 --go > runs/RBT-134/out/e2-P1-7.txt
=== run e2-summary-P1: /root/rbt134-venv/bin/python runs/RBT-134/e2_erasure.py summary P1 > runs/RBT-134/out/e2-summary-P1.txt
=== run e2-P2-801: /root/rbt134-venv/bin/python runs/RBT-134/e2_erasure.py run P2 801 /tmp/rbt134-founders/founders-w32-801 --procs 4 --go > runs/RBT-134/out/e2-P2-801.txt
=== run e2-P2-804: /root/rbt134-venv/bin/python runs/RBT-134/e2_erasure.py run P2 804 /tmp/rbt134-founders/founders-w32-804 --procs 4 --go > runs/RBT-134/out/e2-P2-804.txt
=== run e2-P2-805: /root/rbt134-venv/bin/python runs/RBT-134/e2_erasure.py run P2 805 /tmp/rbt134-founders/founders-w32-805 --procs 4 --go > runs/RBT-134/out/e2-P2-805.txt
=== run e2-P2-806: /root/rbt134-venv/bin/python runs/RBT-134/e2_erasure.py run P2 806 /tmp/rbt134-founders/founders-w32-806 --procs 4 --go > runs/RBT-134/out/e2-P2-806.txt
=== run e2-P2-807: /root/rbt134-venv/bin/python runs/RBT-134/e2_erasure.py run P2 807 /tmp/rbt134-founders/founders-w32-807 --procs 4 --go > runs/RBT-134/out/e2-P2-807.txt
=== run e2-P2-1: /root/rbt134-venv/bin/python runs/RBT-134/e2_erasure.py run P2 1 /tmp/rbt134-founders/founders-w32-1 --procs 4 --go > runs/RBT-134/out/e2-P2-1.txt
=== run e2-P2-2: /root/rbt134-venv/bin/python runs/RBT-134/e2_erasure.py run P2 2 /tmp/rbt134-founders/founders-w32-2 --procs 4 --go > runs/RBT-134/out/e2-P2-2.txt
=== run e2-P2-3: /root/rbt134-venv/bin/python runs/RBT-134/e2_erasure.py run P2 3 /tmp/rbt134-founders/founders-w32-3 --procs 4 --go > runs/RBT-134/out/e2-P2-3.txt
=== run e2-P2-4: /root/rbt134-venv/bin/python runs/RBT-134/e2_erasure.py run P2 4 /tmp/rbt134-founders/founders-w32-4 --procs 4 --go > runs/RBT-134/out/e2-P2-4.txt
=== run e2-P2-7: /root/rbt134-venv/bin/python runs/RBT-134/e2_erasure.py run P2 7 /tmp/rbt134-founders/founders-w32-7 --procs 4 --go > runs/RBT-134/out/e2-P2-7.txt
=== run e2-summary-P2: /root/rbt134-venv/bin/python runs/RBT-134/e2_erasure.py summary P2 > runs/RBT-134/out/e2-summary-P2.txt
=== run e2-P3-801: /root/rbt134-venv/bin/python runs/RBT-134/e2_erasure.py run P3 801 /tmp/rbt134-founders/founders-w32-801 --procs 4 --go > runs/RBT-134/out/e2-P3-801.txt
=== run e2-P3-804: /root/rbt134-venv/bin/python runs/RBT-134/e2_erasure.py run P3 804 /tmp/rbt134-founders/founders-w32-804 --procs 4 --go > runs/RBT-134/out/e2-P3-804.txt
=== run e2-P3-805: /root/rbt134-venv/bin/python runs/RBT-134/e2_erasure.py run P3 805 /tmp/rbt134-founders/founders-w32-805 --procs 4 --go > runs/RBT-134/out/e2-P3-805.txt
=== run e2-P3-806: /root/rbt134-venv/bin/python runs/RBT-134/e2_erasure.py run P3 806 /tmp/rbt134-founders/founders-w32-806 --procs 4 --go > runs/RBT-134/out/e2-P3-806.txt
=== run e2-P3-807: /root/rbt134-venv/bin/python runs/RBT-134/e2_erasure.py run P3 807 /tmp/rbt134-founders/founders-w32-807 --procs 4 --go > runs/RBT-134/out/e2-P3-807.txt
=== run e2-P3-1: /root/rbt134-venv/bin/python runs/RBT-134/e2_erasure.py run P3 1 /tmp/rbt134-founders/founders-w32-1 --procs 4 --go > runs/RBT-134/out/e2-P3-1.txt
=== run e2-P3-2: /root/rbt134-venv/bin/python runs/RBT-134/e2_erasure.py run P3 2 /tmp/rbt134-founders/founders-w32-2 --procs 4 --go > runs/RBT-134/out/e2-P3-2.txt
=== run e2-P3-3: /root/rbt134-venv/bin/python runs/RBT-134/e2_erasure.py run P3 3 /tmp/rbt134-founders/founders-w32-3 --procs 4 --go > runs/RBT-134/out/e2-P3-3.txt
=== run e2-P3-4: /root/rbt134-venv/bin/python runs/RBT-134/e2_erasure.py run P3 4 /tmp/rbt134-founders/founders-w32-4 --procs 4 --go > runs/RBT-134/out/e2-P3-4.txt
=== run e2-P3-7: /root/rbt134-venv/bin/python runs/RBT-134/e2_erasure.py run P3 7 /tmp/rbt134-founders/founders-w32-7 --procs 4 --go > runs/RBT-134/out/e2-P3-7.txt
=== run e2-summary-P3: /root/rbt134-venv/bin/python runs/RBT-134/e2_erasure.py summary P3 > runs/RBT-134/out/e2-summary-P3.txt
=== run e2-P4-801: /root/rbt134-venv/bin/python runs/RBT-134/e2_erasure.py run P4 801 /tmp/rbt134-founders/founders-w32-801 --procs 4 --go > runs/RBT-134/out/e2-P4-801.txt
=== run e2-P4-804: /root/rbt134-venv/bin/python runs/RBT-134/e2_erasure.py run P4 804 /tmp/rbt134-founders/founders-w32-804 --procs 4 --go > runs/RBT-134/out/e2-P4-804.txt
=== run e2-P4-805: /root/rbt134-venv/bin/python runs/RBT-134/e2_erasure.py run P4 805 /tmp/rbt134-founders/founders-w32-805 --procs 4 --go > runs/RBT-134/out/e2-P4-805.txt
=== run e2-P4-806: /root/rbt134-venv/bin/python runs/RBT-134/e2_erasure.py run P4 806 /tmp/rbt134-founders/founders-w32-806 --procs 4 --go > runs/RBT-134/out/e2-P4-806.txt
=== run e2-P4-807: /root/rbt134-venv/bin/python runs/RBT-134/e2_erasure.py run P4 807 /tmp/rbt134-founders/founders-w32-807 --procs 4 --go > runs/RBT-134/out/e2-P4-807.txt
=== run e2-P4-1: /root/rbt134-venv/bin/python runs/RBT-134/e2_erasure.py run P4 1 /tmp/rbt134-founders/founders-w32-1 --procs 4 --go > runs/RBT-134/out/e2-P4-1.txt
=== run e2-P4-2: /root/rbt134-venv/bin/python runs/RBT-134/e2_erasure.py run P4 2 /tmp/rbt134-founders/founders-w32-2 --procs 4 --go > runs/RBT-134/out/e2-P4-2.txt
=== run e2-P4-3: /root/rbt134-venv/bin/python runs/RBT-134/e2_erasure.py run P4 3 /tmp/rbt134-founders/founders-w32-3 --procs 4 --go > runs/RBT-134/out/e2-P4-3.txt
=== run e2-P4-4: /root/rbt134-venv/bin/python runs/RBT-134/e2_erasure.py run P4 4 /tmp/rbt134-founders/founders-w32-4 --procs 4 --go > runs/RBT-134/out/e2-P4-4.txt
=== run e2-P4-7: /root/rbt134-venv/bin/python runs/RBT-134/e2_erasure.py run P4 7 /tmp/rbt134-founders/founders-w32-7 --procs 4 --go > runs/RBT-134/out/e2-P4-7.txt
=== run e2-summary-P4: /root/rbt134-venv/bin/python runs/RBT-134/e2_erasure.py summary P4 > runs/RBT-134/out/e2-summary-P4.txt
=== run e2-P5-801: /root/rbt134-venv/bin/python runs/RBT-134/e2_erasure.py run P5 801 /tmp/rbt134-founders/founders-w32-801 --procs 4 --go > runs/RBT-134/out/e2-P5-801.txt
=== run e2-P5-804: /root/rbt134-venv/bin/python runs/RBT-134/e2_erasure.py run P5 804 /tmp/rbt134-founders/founders-w32-804 --procs 4 --go > runs/RBT-134/out/e2-P5-804.txt
=== run e2-P5-805: /root/rbt134-venv/bin/python runs/RBT-134/e2_erasure.py run P5 805 /tmp/rbt134-founders/founders-w32-805 --procs 4 --go > runs/RBT-134/out/e2-P5-805.txt
=== run e2-P5-806: /root/rbt134-venv/bin/python runs/RBT-134/e2_erasure.py run P5 806 /tmp/rbt134-founders/founders-w32-806 --procs 4 --go > runs/RBT-134/out/e2-P5-806.txt
=== run e2-P5-807: /root/rbt134-venv/bin/python runs/RBT-134/e2_erasure.py run P5 807 /tmp/rbt134-founders/founders-w32-807 --procs 4 --go > runs/RBT-134/out/e2-P5-807.txt
=== run e2-P5-1: /root/rbt134-venv/bin/python runs/RBT-134/e2_erasure.py run P5 1 /tmp/rbt134-founders/founders-w32-1 --procs 4 --go > runs/RBT-134/out/e2-P5-1.txt
=== run e2-P5-2: /root/rbt134-venv/bin/python runs/RBT-134/e2_erasure.py run P5 2 /tmp/rbt134-founders/founders-w32-2 --procs 4 --go > runs/RBT-134/out/e2-P5-2.txt
=== run e2-P5-3: /root/rbt134-venv/bin/python runs/RBT-134/e2_erasure.py run P5 3 /tmp/rbt134-founders/founders-w32-3 --procs 4 --go > runs/RBT-134/out/e2-P5-3.txt
=== run e2-P5-4: /root/rbt134-venv/bin/python runs/RBT-134/e2_erasure.py run P5 4 /tmp/rbt134-founders/founders-w32-4 --procs 4 --go > runs/RBT-134/out/e2-P5-4.txt
=== run e2-P5-7: /root/rbt134-venv/bin/python runs/RBT-134/e2_erasure.py run P5 7 /tmp/rbt134-founders/founders-w32-7 --procs 4 --go > runs/RBT-134/out/e2-P5-7.txt
=== run e2-summary-P5: /root/rbt134-venv/bin/python runs/RBT-134/e2_erasure.py summary P5 > runs/RBT-134/out/e2-summary-P5.txt
=== run h1-B0: /root/rbt134-venv/bin/python runs/RBT-134/h1_census.py run B0 --go --n 100000 --workers 4
=== run h1-A0: /root/rbt134-venv/bin/python runs/RBT-134/h1_census.py run A0 --go --n 100000 --workers 4
=== run h1-P1: /root/rbt134-venv/bin/python runs/RBT-134/h1_census.py run P1 --go --n 100000 --workers 4
=== run h1-P2: /root/rbt134-venv/bin/python runs/RBT-134/h1_census.py run P2 --go --n 100000 --workers 4
=== run h1-P3: /root/rbt134-venv/bin/python runs/RBT-134/h1_census.py run P3 --go --n 100000 --workers 4
=== run h1-P4: /root/rbt134-venv/bin/python runs/RBT-134/h1_census.py run P4 --go --n 100000 --workers 4
=== run h1-P4: /root/rbt134-venv/bin/python runs/RBT-134/h1_census.py run P4 --go --n 100000 --workers 4
=== run h1-readout: /root/rbt134-venv/bin/python runs/RBT-134/h1_census.py readout > runs/RBT-134/out/h1-readout.txt
