gen   0 holistic     best 1.000 mean 0.419 best-dist 1.58 m
gen   0 conventional best 1.000 mean 0.700 best-dist 0.98 m
gen   0 champions (roundrobin): holistic mean fitness 0.210, wins 7-40 of 50
gen   0 took 27.0s
gen   1 holistic     best 0.976 mean 0.320 best-dist 2.01 m
gen   1 conventional best 1.000 mean 0.322 best-dist 0.58 m
gen   1 took 11.8s
gen   2 holistic     best 0.813 mean 0.077 best-dist 1.74 m
gen   2 conventional best 0.929 mean 0.357 best-dist 0.50 m
gen   2 took 14.0s
gen   3 holistic     best 1.000 mean 0.700 best-dist 1.73 m
gen   3 conventional best 0.793 mean 0.216 best-dist 0.48 m
gen   3 took 14.2s
gen   4 holistic     best 1.000 mean 0.750 best-dist 2.11 m
gen   4 conventional best 0.930 mean 0.349 best-dist 0.10 m
gen   4 took 13.7s
gen   5 holistic     best 0.952 mean 0.383 best-dist 2.00 m
gen   5 conventional best 0.937 mean 0.328 best-dist 0.28 m
WARNING: Nan, Inf or huge value in QACC at DOF 16. The simulation is unstable. Time = 4.4400.

gen   5 champions (roundrobin): holistic mean fitness 0.085, wins 2-48 of 50
gen   5 took 27.2s
gen   6 holistic     best 1.000 mean 0.407 best-dist 1.58 m
gen   6 conventional best 0.976 mean 0.251 best-dist 0.36 m
gen   6 took 13.4s
gen   7 holistic     best 1.000 mean 0.650 best-dist 1.51 m
WARNING: Nan, Inf or huge value in QACC at DOF 13. The simulation is unstable. Time = 10.2350.

WARNING: Nan, Inf or huge value in QACC at DOF 14. The simulation is unstable. Time = 7.5900.

gen   7 conventional best 1.000 mean 0.363 best-dist 1.30 m
gen   7 took 13.3s
gen   8 holistic     best 1.000 mean 0.154 best-dist 1.35 m
gen   8 conventional best 0.941 mean 0.356 best-dist 1.32 m
gen   8 took 16.1s
gen   9 holistic     best 1.000 mean 0.700 best-dist 2.15 m
gen   9 conventional best 1.000 mean 0.416 best-dist 1.87 m
gen   9 took 15.5s
gen  10 holistic     best 1.000 mean 0.407 best-dist 1.67 m
gen  10 conventional best 1.000 mean 0.647 best-dist 1.63 m
gen  10 champions (roundrobin): holistic mean fitness 0.140, wins 6-44 of 50
gen  10 took 31.1s
gen  11 holistic     best 0.932 mean 0.305 best-dist 2.06 m
WARNING: Nan, Inf or huge value in QACC at DOF 0. The simulation is unstable. Time = 4.2950.

WARNING: Nan, Inf or huge value in QACC at DOF 3. The simulation is unstable. Time = 2.4350.

WARNING: Nan, Inf or huge value in QACC at DOF 0. The simulation is unstable. Time = 5.1950.

WARNING: Nan, Inf or huge value in QACC at DOF 4. The simulation is unstable. Time = 1.7350.

WARNING: Nan, Inf or huge value in QACC at DOF 10. The simulation is unstable. Time = 4.3350.

gen  11 conventional best 1.000 mean 0.513 best-dist 3.05 m
gen  11 took 13.2s
gen  12 holistic     best 1.000 mean 0.069 best-dist 1.96 m
gen  12 conventional best 0.809 mean 0.337 best-dist 0.59 m
gen  12 took 15.5s
gen  13 holistic     best 1.000 mean 0.393 best-dist 1.45 m
gen  13 conventional best 1.000 mean 0.603 best-dist 0.46 m
gen  13 took 15.5s
gen  14 holistic     best 1.000 mean 0.244 best-dist 1.66 m
gen  14 conventional best 0.946 mean 0.273 best-dist 0.92 m
gen  14 took 13.3s
gen  15 holistic     best 1.000 mean 0.675 best-dist 1.72 m
gen  15 conventional best 1.000 mean 0.496 best-dist 1.49 m
gen  15 champions (roundrobin): holistic mean fitness 0.440, wins 19-29 of 50
gen  15 took 29.0s
gen  16 holistic     best 1.000 mean 0.650 best-dist 1.41 m
gen  16 conventional best 1.000 mean 0.470 best-dist 1.10 m
gen  16 took 15.1s
gen  17 holistic     best 1.000 mean 0.619 best-dist 1.83 m
gen  17 conventional best 1.000 mean 0.659 best-dist 0.61 m
gen  17 took 12.6s
gen  18 holistic     best 1.000 mean 0.393 best-dist 1.77 m
gen  18 conventional best 1.000 mean 0.315 best-dist 0.66 m
gen  18 took 9.4s
gen  19 holistic     best 1.000 mean 0.725 best-dist 2.15 m
gen  19 conventional best 1.000 mean 0.373 best-dist 1.77 m
gen  19 took 10.7s
gen  20 holistic     best 1.000 mean 0.750 best-dist 2.07 m
gen  20 conventional best 1.000 mean 0.418 best-dist 1.48 m
gen  20 holistic     best 1.000 mean 0.750 best-dist 2.07 m
gen  20 conventional best 1.000 mean 0.418 best-dist 1.48 m
gen  20 champions (roundrobin): holistic mean fitness 0.124, wins 4-44 of 50
gen  20 took 30.2s
gen  21 holistic     best 1.000 mean 0.700 best-dist 1.49 m
gen  21 conventional best 1.000 mean 0.401 best-dist 1.28 m
gen  21 took 11.1s
gen  22 holistic     best 1.000 mean 0.298 best-dist 2.38 m
gen  22 conventional best 1.000 mean 0.566 best-dist 2.35 m
gen  22 took 11.5s
gen  23 holistic     best 1.000 mean 0.532 best-dist 1.96 m
gen  23 conventional best 1.000 mean 0.798 best-dist 0.49 m
gen  23 took 9.9s
gen  24 holistic     best 1.000 mean 0.441 best-dist 1.70 m
gen  24 conventional best 0.937 mean 0.556 best-dist 1.98 m
gen  24 took 9.3s
gen  25 holistic     best 1.000 mean 0.380 best-dist 1.62 m
gen  25 conventional best 1.000 mean 0.209 best-dist 3.13 m
gen  25 champions (roundrobin): holistic mean fitness 0.070, wins 0-50 of 50
gen  25 took 23.1s
gen  26 holistic     best 0.905 mean 0.531 best-dist 1.97 m
gen  26 conventional best 0.945 mean 0.372 best-dist 0.38 m
gen  26 took 10.4s
gen  27 holistic     best 1.000 mean 0.457 best-dist 1.25 m
gen  27 conventional best 1.000 mean 0.397 best-dist 1.11 m
gen  27 took 9.9s
gen  28 holistic     best 1.000 mean 0.650 best-dist 1.76 m
gen  28 conventional best 0.956 mean 0.296 best-dist 0.40 m
gen  28 took 10.6s
gen  29 holistic     best 1.000 mean 0.363 best-dist 1.83 m
gen  29 conventional best 0.930 mean 0.238 best-dist 0.76 m
gen  29 took 11.1s
gen  30 holistic     best 1.000 mean 0.287 best-dist 1.87 m
gen  30 conventional best 0.999 mean 0.344 best-dist 1.26 m
gen  30 champions (roundrobin): holistic mean fitness 0.138, wins 2-41 of 50
gen  30 took 23.2s
gen  31 holistic     best 1.000 mean 0.480 best-dist 2.23 m
gen  31 conventional best 0.965 mean 0.619 best-dist 0.36 m
gen  31 took 10.1s
gen  32 holistic     best 0.946 mean 0.149 best-dist 1.73 m
gen  32 conventional best 1.000 mean 0.466 best-dist 1.61 m
gen  32 took 10.1s
gen  33 holistic     best 1.000 mean 0.625 best-dist 2.16 m
gen  33 conventional best 0.905 mean 0.374 best-dist 0.57 m
gen  33 took 11.7s
gen  34 holistic     best 1.000 mean 0.512 best-dist 2.21 m
gen  34 conventional best 0.949 mean 0.434 best-dist 0.16 m
gen  34 took 10.2s
gen  35 holistic     best 1.000 mean 0.700 best-dist 2.29 m
gen  35 conventional best 1.000 mean 0.408 best-dist 3.33 m
gen  35 champions (roundrobin): holistic mean fitness 0.116, wins 4-46 of 50
gen  35 took 29.1s
gen  36 holistic     best 1.000 mean 0.561 best-dist 1.66 m
gen  36 conventional best 0.936 mean 0.318 best-dist 0.47 m
gen  36 took 11.9s
gen  37 holistic     best 1.000 mean 0.723 best-dist 1.91 m
gen  37 conventional best 1.000 mean 0.616 best-dist 0.67 m
gen  37 took 13.8s
gen  38 holistic     best 1.000 mean 0.587 best-dist 2.44 m
gen  38 conventional best 1.000 mean 0.698 best-dist 2.10 m
gen  38 took 15.2s
gen  39 holistic     best 1.000 mean 0.535 best-dist 2.01 m
gen  39 holistic     best 1.000 mean 0.535 best-dist 2.01 m
gen  39 conventional best 1.000 mean 0.671 best-dist 1.68 m
gen  39 took 15.0s
gen  40 holistic     best 1.000 mean 0.650 best-dist 2.40 m
gen  40 conventional best 1.000 mean 0.466 best-dist 2.38 m
WARNING: Nan, Inf or huge value in QACC at DOF 1. The simulation is unstable. Time = 8.1350.

gen  40 champions (roundrobin): holistic mean fitness 0.160, wins 5-43 of 50
gen  40 took 32.4s
gen  41 holistic     best 1.000 mean 0.649 best-dist 1.55 m
gen  41 conventional best 1.000 mean 0.357 best-dist 1.36 m
gen  41 took 17.0s
gen  42 holistic     best 1.000 mean 0.600 best-dist 2.11 m
gen  42 conventional best 1.000 mean 0.566 best-dist 1.76 m
gen  42 took 16.8s
gen  43 holistic     best 0.567 mean 0.161 best-dist 1.53 m
gen  43 conventional best 1.000 mean 0.663 best-dist 0.77 m
gen  43 took 17.2s
gen  44 holistic     best 1.000 mean 0.535 best-dist 1.51 m
gen  44 conventional best 1.000 mean 0.681 best-dist 5.02 m
gen  44 took 17.5s
gen  45 holistic     best 1.000 mean 0.636 best-dist 1.93 m
gen  45 conventional best 1.000 mean 0.500 best-dist 1.89 m
gen  45 champions (roundrobin): holistic mean fitness 0.392, wins 16-28 of 50
gen  45 took 40.5s
gen  46 holistic     best 1.000 mean 0.172 best-dist 2.01 m
gen  46 conventional best 1.000 mean 0.703 best-dist 1.69 m
gen  46 took 16.5s
gen  47 holistic     best 1.000 mean 0.675 best-dist 2.41 m
gen  47 conventional best 1.000 mean 0.580 best-dist 2.06 m
gen  47 took 16.6s
gen  48 holistic     best 1.000 mean 0.413 best-dist 1.70 m
gen  48 conventional best 0.947 mean 0.314 best-dist 0.38 m
gen  48 took 18.2s
gen  49 holistic     best 1.000 mean 0.668 best-dist 2.04 m
gen  49 conventional best 1.000 mean 0.318 best-dist 0.09 m
gen  49 took 15.4s
gen  50 holistic     best 1.000 mean 0.648 best-dist 2.06 m
gen  50 conventional best 1.000 mean 0.149 best-dist 2.01 m
gen  50 champions (roundrobin): holistic mean fitness 0.187, wins 6-39 of 50
gen  50 took 32.8s
gen  51 holistic     best 1.000 mean 0.700 best-dist 1.82 m
gen  51 conventional best 1.000 mean 0.453 best-dist 0.10 m
gen  51 took 13.6s
gen  52 holistic     best 1.000 mean 0.725 best-dist 2.09 m
gen  52 conventional best 0.638 mean 0.246 best-dist 0.69 m
gen  52 took 12.8s
gen  53 holistic     best 1.000 mean 0.699 best-dist 2.31 m
gen  53 conventional best 0.940 mean 0.308 best-dist 0.68 m
gen  53 took 14.1s
gen  54 holistic     best 1.000 mean 0.700 best-dist 2.00 m
gen  54 conventional best 0.963 mean 0.402 best-dist 0.48 m
gen  54 took 14.6s
gen  55 holistic     best 1.000 mean 0.507 best-dist 2.21 m
gen  55 conventional best 1.000 mean 0.410 best-dist 1.53 m
gen  55 champions (roundrobin): holistic mean fitness 0.107, wins 4-46 of 50
gen  55 took 34.8s
gen  56 holistic     best 1.000 mean 0.375 best-dist 2.35 m
gen  56 conventional best 1.000 mean 0.499 best-dist 2.10 m
gen  56 took 13.5s
gen  57 holistic     best 1.000 mean 0.489 best-dist 1.98 m
gen  57 conventional best 1.000 mean 0.923 best-dist 0.89 m
gen  57 took 15.8s
gen  58 holistic     best 1.000 mean 0.260 best-dist 2.28 m
gen  58 conventional best 0.807 mean 0.204 best-dist 1.85 m
gen  58 took 14.4s
gen  59 holistic     best 1.000 mean 0.598 best-dist 1.68 m
gen  59 conventional best 1.000 mean 0.472 best-dist 1.25 m
gen  59 took 13.4s
gen  60 holistic     best 1.000 mean 0.490 best-dist 1.51 m
gen  60 conventional best 1.000 mean 0.632 best-dist 0.73 m
gen  60 champions (roundrobin): holistic mean fitness 0.016, wins 0-50 of 50
gen  60 took 27.6s
gen  61 holistic     best 1.000 mean 0.442 best-dist 2.43 m
gen  61 conventional best 1.000 mean 0.464 best-dist 0.60 m
gen  61 took 12.6s
gen  62 holistic     best 0.990 mean 0.385 best-dist 1.08 m
WARNING: Nan, Inf or huge value in QACC at DOF 0. The simulation is unstable. Time = 4.8250.

gen  62 conventional best 1.000 mean 0.304 best-dist 0.11 m
gen  62 took 14.4s
gen  63 holistic     best 0.975 mean 0.238 best-dist 1.63 m
gen  63 conventional best 1.000 mean 0.409 best-dist 0.93 m
gen  63 took 15.5s
gen  64 holistic     best 1.000 mean 0.671 best-dist 1.57 m
gen  64 conventional best 0.901 mean 0.210 best-dist 0.54 m
gen  64 took 14.1s
gen  65 holistic     best 1.000 mean 0.522 best-dist 2.23 m
gen  65 conventional best 1.000 mean 0.475 best-dist 5.19 m
gen  65 champions (roundrobin): holistic mean fitness 0.035, wins 0-50 of 50
gen  65 took 35.8s
gen  66 holistic     best 1.000 mean 0.507 best-dist 1.36 m
gen  66 conventional best 1.000 mean 0.470 best-dist 0.63 m
gen  66 took 13.3s
gen  67 holistic     best 1.000 mean 0.532 best-dist 2.30 m
gen  67 conventional best 1.000 mean 0.465 best-dist 2.23 m
gen  67 took 13.1s
gen  68 holistic     best 0.634 mean 0.149 best-dist 2.37 m
gen  68 conventional best 1.000 mean 0.547 best-dist 1.42 m
gen  68 took 14.1s
gen  69 holistic     best 1.000 mean 0.445 best-dist 2.12 m
gen  69 conventional best 1.000 mean 0.510 best-dist 1.49 m
gen  69 took 15.1s
gen  70 holistic     best 1.000 mean 0.442 best-dist 1.90 m
gen  70 conventional best 1.000 mean 0.631 best-dist 1.70 m
gen  70 champions (roundrobin): holistic mean fitness 0.316, wins 12-34 of 50
gen  70 took 35.3s
gen  71 holistic     best 1.000 mean 0.700 best-dist 1.85 m
gen  71 conventional best 1.000 mean 0.528 best-dist 1.50 m
gen  71 took 14.0s
gen  72 holistic     best 1.000 mean 0.627 best-dist 1.16 m
gen  72 conventional best 1.000 mean 0.235 best-dist 13.66 m
gen  72 took 14.0s
gen  73 holistic     best 1.000 mean 0.553 best-dist 1.97 m
WARNING: Nan, Inf or huge value in QACC at DOF 3. The simulation is unstable. Time = 8.0950.

gen  73 conventional best 1.000 mean 0.718 best-dist 0.74 m
gen  73 took 15.6s
gen  74 holistic     best 1.000 mean 0.498 best-dist 1.94 m
gen  74 conventional best 1.000 mean 0.356 best-dist 1.95 m
gen  74 took 16.6s
gen  75 holistic     best 1.000 mean 0.389 best-dist 1.52 m
gen  75 conventional best 1.000 mean 0.501 best-dist 1.40 m
gen  75 champions (roundrobin): holistic mean fitness 0.132, wins 2-44 of 50
gen  75 took 33.8s
gen  76 holistic     best 1.000 mean 0.551 best-dist 1.61 m
gen  76 conventional best 1.000 mean 0.527 best-dist 1.63 m
gen  76 took 14.9s
gen  77 holistic     best 1.000 mean 0.564 best-dist 1.13 m
gen  77 conventional best 1.000 mean 0.393 best-dist 1.89 m
gen  77 took 15.1s
gen  78 holistic     best 1.000 mean 0.650 best-dist 1.72 m
gen  78 conventional best 1.000 mean 0.341 best-dist 1.83 m
gen  78 took 14.1s
gen  79 holistic     best 1.000 mean 0.419 best-dist 1.50 m
gen  79 conventional best 1.000 mean 0.629 best-dist 1.62 m
gen  79 took 15.8s
gen  80 holistic     best 1.000 mean 0.658 best-dist 1.95 m
gen  80 conventional best 1.000 mean 0.513 best-dist 1.26 m
gen  80 champions (roundrobin): holistic mean fitness 0.119, wins 2-46 of 50
gen  80 took 34.6s
gen  81 holistic     best 1.000 mean 0.465 best-dist 1.70 m
gen  81 conventional best 1.000 mean 0.552 best-dist 1.35 m
gen  81 took 14.8s
gen  82 holistic     best 1.000 mean 0.470 best-dist 2.24 m
gen  82 conventional best 1.000 mean 0.338 best-dist 1.65 m
gen  82 took 11.4s
gen  83 holistic     best 1.000 mean 0.576 best-dist 1.83 m
WARNING: Nan, Inf or huge value in QACC at DOF 10. The simulation is unstable. Time = 11.7550.

gen  83 conventional best 0.919 mean 0.334 best-dist 1.16 m
gen  83 took 10.9s
gen  84 holistic     best 1.000 mean 0.389 best-dist 1.72 m
gen  84 conventional best 1.000 mean 0.536 best-dist 2.27 m
gen  84 took 10.6s
gen  85 holistic     best 1.000 mean 0.600 best-dist 1.60 m
gen  85 conventional best 1.000 mean 0.533 best-dist 1.57 m
gen  85 champions (roundrobin): holistic mean fitness 0.334, wins 9-30 of 50
gen  85 took 24.3s
gen  86 holistic     best 1.000 mean 0.546 best-dist 1.83 m
gen  86 conventional best 1.000 mean 0.522 best-dist 1.27 m
gen  86 took 11.4s
gen  87 holistic     best 1.000 mean 0.486 best-dist 2.31 m
gen  87 conventional best 0.941 mean 0.530 best-dist 0.46 m
gen  87 took 11.5s
gen  88 holistic     best 1.000 mean 0.199 best-dist 2.12 m
gen  88 conventional best 0.958 mean 0.356 best-dist 0.57 m
gen  88 took 12.5s
gen  89 holistic     best 0.890 mean 0.268 best-dist 1.83 m
gen  89 conventional best 1.000 mean 0.499 best-dist 0.86 m
gen  89 took 12.7s
gen  90 holistic     best 1.000 mean 0.547 best-dist 2.09 m
gen  90 conventional best 0.828 mean 0.532 best-dist 0.80 m
gen  90 champions (roundrobin): holistic mean fitness 0.049, wins 0-50 of 50
gen  90 took 28.5s
gen  91 holistic     best 1.000 mean 0.800 best-dist 1.50 m
gen  91 conventional best 1.000 mean 0.781 best-dist 0.52 m
gen  91 took 12.6s
gen  92 holistic     best 1.000 mean 0.422 best-dist 1.58 m
gen  92 conventional best 0.945 mean 0.475 best-dist 0.29 m
gen  92 took 12.4s
gen  93 holistic     best 1.000 mean 0.513 best-dist 1.79 m
WARNING: Nan, Inf or huge value in QACC at DOF 10. The simulation is unstable. Time = 10.0800.

WARNING: Nan, Inf or huge value in QACC at DOF 11. The simulation is unstable. Time = 13.4450.

gen  93 conventional best 1.000 mean 0.492 best-dist 0.78 m
gen  93 took 12.1s
gen  94 holistic     best 0.968 mean 0.419 best-dist 0.91 m
gen  94 conventional best 0.952 mean 0.426 best-dist 0.60 m
gen  94 took 11.4s
gen  95 holistic     best 1.000 mean 0.560 best-dist 2.07 m
gen  95 conventional best 0.813 mean 0.424 best-dist 1.04 m
gen  95 champions (roundrobin): holistic mean fitness 0.153, wins 0-48 of 50
gen  95 took 35.3s
gen  96 holistic     best 1.000 mean 0.478 best-dist 1.25 m
gen  96 conventional best 0.940 mean 0.305 best-dist 0.34 m
gen  96 took 10.9s
gen  97 holistic     best 1.000 mean 0.469 best-dist 1.69 m
gen  97 conventional best 0.936 mean 0.196 best-dist 0.49 m
gen  97 took 16.4s
gen  98 holistic     best 1.000 mean 0.575 best-dist 1.58 m
gen  98 conventional best 0.936 mean 0.327 best-dist 0.17 m
gen  98 took 12.1s
gen  99 holistic     best 1.000 mean 0.484 best-dist 2.15 m
gen  99 conventional best 1.000 mean 0.370 best-dist 0.92 m
gen  99 took 18.8s
gen 100 holistic     best 1.000 mean 0.634 best-dist 2.11 m
gen 100 conventional best 0.797 mean 0.402 best-dist 0.33 m
gen 100 champions (roundrobin): holistic mean fitness 0.019, wins 0-50 of 50
gen 100 took 39.8s
gen 101 holistic     best 1.000 mean 0.284 best-dist 1.26 m
gen 101 conventional best 0.629 mean 0.338 best-dist 0.22 m
gen 101 took 24.3s
gen 102 holistic     best 1.000 mean 0.275 best-dist 1.75 m
gen 102 conventional best 0.506 mean 0.260 best-dist 0.27 m
gen 102 took 24.6s
gen 103 holistic     best 1.000 mean 0.639 best-dist 2.05 m
WARNING: Nan, Inf or huge value in QACC at DOF 0. The simulation is unstable. Time = 4.3300.

WARNING: Nan, Inf or huge value in QACC at DOF 3. The simulation is unstable. Time = 13.8250.

gen 103 conventional best 1.000 mean 0.457 best-dist 0.85 m
gen 103 took 23.9s
gen 104 holistic     best 1.000 mean 0.469 best-dist 1.58 m
gen 104 conventional best 0.972 mean 0.379 best-dist 0.31 m
gen 104 took 23.8s
gen 105 holistic     best 1.000 mean 0.551 best-dist 2.09 m
gen 105 conventional best 0.974 mean 0.482 best-dist 0.40 m
gen 105 champions (roundrobin): holistic mean fitness 0.036, wins 0-50 of 50
gen 105 took 53.0s
gen 106 holistic     best 1.000 mean 0.254 best-dist 1.61 m
gen 106 conventional best 1.000 mean 0.442 best-dist 0.24 m
gen 106 took 27.3s
gen 107 holistic     best 1.000 mean 0.616 best-dist 2.06 m
gen 107 conventional best 0.974 mean 0.399 best-dist 0.04 m
gen 107 took 30.0s
gen 108 holistic     best 1.000 mean 0.500 best-dist 1.50 m
gen 108 conventional best 0.925 mean 0.411 best-dist 0.30 m
gen 108 took 22.2s
gen 109 holistic     best 1.000 mean 0.356 best-dist 2.37 m
gen 109 conventional best 1.000 mean 0.397 best-dist 0.80 m
gen 109 took 23.1s
gen 110 holistic     best 1.000 mean 0.261 best-dist 1.77 m
gen 110 conventional best 0.924 mean 0.508 best-dist 0.32 m
gen 110 champions (roundrobin): holistic mean fitness 0.056, wins 0-50 of 50
gen 110 took 43.1s
gen 111 holistic     best 0.936 mean 0.229 best-dist 1.88 m
gen 111 conventional best 0.985 mean 0.492 best-dist 0.37 m
gen 111 took 16.2s
gen 112 holistic     best 1.000 mean 0.115 best-dist 0.96 m
gen 112 conventional best 0.923 mean 0.309 best-dist 0.17 m
gen 112 took 19.2s
gen 113 holistic     best 1.000 mean 0.604 best-dist 1.66 m
gen 113 conventional best 0.914 mean 0.352 best-dist 0.13 m
gen 113 took 18.9s
gen 114 holistic     best 1.000 mean 0.308 best-dist 1.72 m
gen 114 conventional best 1.000 mean 0.434 best-dist 1.46 m
gen 114 took 11.4s
gen 115 holistic     best 1.000 mean 0.625 best-dist 1.60 m
gen 115 conventional best 0.938 mean 0.485 best-dist 0.37 m
gen 115 champions (roundrobin): holistic mean fitness 0.036, wins 0-50 of 50
gen 115 took 37.5s
gen 116 holistic     best 1.000 mean 0.363 best-dist 1.59 m
gen 116 conventional best 0.737 mean 0.334 best-dist 0.52 m
gen 116 took 20.0s
WARNING: Nan, Inf or huge value in QACC at DOF 9. The simulation is unstable. Time = 2.0850.

gen 117 holistic     best 1.000 mean 0.447 best-dist 1.93 m
gen 117 conventional best 0.959 mean 0.549 best-dist 0.26 m
gen 117 took 14.1s
gen 118 holistic     best 1.000 mean 0.260 best-dist 1.98 m
gen 118 conventional best 0.743 mean 0.331 best-dist 0.26 m
gen 118 took 17.5s
gen 119 holistic     best 1.000 mean 0.166 best-dist 1.59 m
gen 119 conventional best 0.812 mean 0.359 best-dist 1.01 m
gen 119 took 17.3s
gen 120 holistic     best 0.763 mean 0.176 best-dist 1.50 m
gen 120 conventional best 0.701 mean 0.355 best-dist 0.61 m
gen 120 champions (roundrobin): holistic mean fitness 0.016, wins 0-50 of 50
gen 120 took 34.0s
gen 121 holistic     best 0.852 mean 0.230 best-dist 1.10 m
WARNING: Nan, Inf or huge value in QACC at DOF 13. The simulation is unstable. Time = 6.6200.

gen 121 conventional best 1.000 mean 0.384 best-dist 0.89 m
gen 121 took 16.5s
gen 122 holistic     best 1.000 mean 0.337 best-dist 2.08 m
gen 122 conventional best 0.945 mean 0.589 best-dist 0.28 m
gen 122 took 16.9s
gen 123 holistic     best 1.000 mean 0.608 best-dist 2.39 m
gen 123 conventional best 0.973 mean 0.668 best-dist 0.23 m
gen 123 took 17.8s
gen 124 holistic     best 1.000 mean 0.341 best-dist 1.80 m
gen 124 conventional best 0.816 mean 0.395 best-dist 0.25 m
gen 124 took 16.9s
gen 125 holistic     best 0.885 mean 0.281 best-dist 2.10 m
gen 125 conventional best 0.847 mean 0.507 best-dist 0.45 m
WARNING: Nan, Inf or huge value in QACC at DOF 0. The simulation is unstable. Time = 4.9300.

gen 125 champions (roundrobin): holistic mean fitness 0.086, wins 1-49 of 50
gen 125 took 42.5s
gen 126 holistic     best 1.000 mean 0.675 best-dist 1.77 m
gen 126 conventional best 1.000 mean 0.608 best-dist 0.22 m
gen 126 took 16.9s
gen 127 holistic     best 1.000 mean 0.535 best-dist 1.96 m
WARNING: Nan, Inf or huge value in QACC at DOF 0. The simulation is unstable. Time = 4.7650.

gen 127 conventional best 1.000 mean 0.394 best-dist 1.87 m
gen 127 took 19.9s
gen 128 holistic     best 1.000 mean 0.531 best-dist 1.78 m
WARNING: Nan, Inf or huge value in QACC at DOF 10. The simulation is unstable. Time = 5.5350.

gen 128 conventional best 1.000 mean 0.635 best-dist 1.75 m
gen 128 took 20.7s
gen 129 holistic     best 1.000 mean 0.600 best-dist 0.90 m
gen 129 conventional best 0.926 mean 0.507 best-dist 0.49 m
gen 129 took 20.9s
gen 130 holistic     best 1.000 mean 0.534 best-dist 1.55 m
gen 130 conventional best 0.974 mean 0.274 best-dist 0.29 m
gen 130 champions (roundrobin): holistic mean fitness 0.098, wins 4-45 of 50
gen 130 took 51.1s
gen 131 holistic     best 1.000 mean 0.700 best-dist 1.62 m
gen 131 conventional best 0.922 mean 0.362 best-dist 0.30 m
gen 131 took 22.3s
gen 132 holistic     best 1.000 mean 0.625 best-dist 1.95 m
gen 132 conventional best 0.980 mean 0.435 best-dist 0.08 m
gen 132 took 21.7s
gen 133 holistic     best 1.000 mean 0.725 best-dist 2.13 m
gen 133 conventional best 0.953 mean 0.385 best-dist 0.16 m
gen 133 took 21.2s
gen 134 holistic     best 1.000 mean 0.326 best-dist 1.61 m
gen 134 conventional best 0.953 mean 0.293 best-dist 0.42 m
gen 134 took 21.3s
gen 135 holistic     best 1.000 mean 0.750 best-dist 1.94 m
gen 135 conventional best 0.980 mean 0.312 best-dist 0.21 m
gen 135 champions (roundrobin): holistic mean fitness 0.046, wins 1-49 of 50
gen 135 took 47.3s
gen 136 holistic     best 1.000 mean 0.650 best-dist 1.90 m
gen 136 conventional best 0.994 mean 0.332 best-dist 0.18 m
gen 136 took 22.3s
gen 137 holistic     best 1.000 mean 0.472 best-dist 1.59 m
gen 137 conventional best 0.948 mean 0.173 best-dist 0.20 m
gen 137 took 21.6s
gen 138 holistic     best 0.998 mean 0.379 best-dist 0.37 m
gen 138 conventional best 0.916 mean 0.406 best-dist 0.16 m
gen 138 took 21.0s
gen 139 holistic     best 1.000 mean 0.506 best-dist 1.74 m
gen 139 conventional best 0.872 mean 0.156 best-dist 0.43 m
gen 139 took 15.4s
gen 140 holistic     best 1.000 mean 0.388 best-dist 1.73 m
gen 140 conventional best 0.861 mean 0.352 best-dist 0.35 m
gen 140 champions (roundrobin): holistic mean fitness 0.015, wins 0-50 of 50
gen 140 took 46.1s
gen 141 holistic     best 1.000 mean 0.421 best-dist 1.78 m
gen 141 conventional best 0.970 mean 0.448 best-dist 0.48 m
gen 141 took 23.5s
gen 142 holistic     best 1.000 mean 0.497 best-dist 2.10 m
gen 142 conventional best 0.878 mean 0.482 best-dist 0.17 m
gen 142 took 21.5s
gen 143 holistic     best 1.000 mean 0.370 best-dist 1.84 m
WARNING: Nan, Inf or huge value in QACC at DOF 3. The simulation is unstable. Time = 3.0100.

gen 143 conventional best 1.000 mean 0.476 best-dist 1.35 m
gen 143 took 19.3s
gen 144 holistic     best 1.000 mean 0.601 best-dist 1.59 m
gen 144 conventional best 0.962 mean 0.506 best-dist 0.46 m
gen 144 took 13.9s
gen 145 holistic     best 1.000 mean 0.517 best-dist 2.08 m
gen 145 conventional best 0.963 mean 0.543 best-dist 0.13 m
gen 145 champions (roundrobin): holistic mean fitness 0.031, wins 0-49 of 50
gen 145 took 36.3s
gen 146 holistic     best 1.000 mean 0.554 best-dist 2.19 m
gen 146 conventional best 0.862 mean 0.253 best-dist 0.49 m
gen 146 took 12.8s
gen 147 holistic     best 1.000 mean 0.675 best-dist 2.15 m
gen 147 conventional best 0.951 mean 0.403 best-dist 0.27 m
gen 147 took 13.1s
gen 148 holistic     best 1.000 mean 0.367 best-dist 1.82 m
WARNING: Nan, Inf or huge value in QACC at DOF 10. The simulation is unstable. Time = 12.2700.

gen 148 conventional best 1.000 mean 0.415 best-dist 0.81 m
gen 148 took 15.1s
gen 149 holistic     best 1.000 mean 0.515 best-dist 2.47 m
gen 149 conventional best 0.890 mean 0.299 best-dist 0.10 m
gen 149 took 12.6s
gen 150 holistic     best 1.000 mean 0.700 best-dist 1.85 m
gen 150 conventional best 0.934 mean 0.352 best-dist 0.20 m
gen 150 champions (roundrobin): holistic mean fitness 0.023, wins 0-50 of 50
gen 150 took 32.1s
gen 151 holistic     best 1.000 mean 0.563 best-dist 2.29 m
gen 151 conventional best 0.939 mean 0.416 best-dist 0.19 m
gen 151 took 13.6s
gen 152 holistic     best 1.000 mean 0.549 best-dist 1.67 m
gen 152 conventional best 0.981 mean 0.585 best-dist 0.34 m
gen 152 took 15.6s
gen 153 holistic     best 1.000 mean 0.650 best-dist 1.09 m
WARNING: Nan, Inf or huge value in QACC at DOF 1. The simulation is unstable. Time = 6.6500.

gen 153 conventional best 0.916 mean 0.369 best-dist 0.30 m
gen 153 took 15.5s
gen 154 holistic     best 1.000 mean 0.427 best-dist 2.26 m
gen 154 conventional best 0.901 mean 0.395 best-dist 0.36 m
gen 154 took 24.8s
gen 155 holistic     best 1.000 mean 0.561 best-dist 2.15 m
gen 155 conventional best 0.984 mean 0.418 best-dist 0.17 m
gen 155 champions (roundrobin): holistic mean fitness 0.115, wins 4-46 of 50
gen 155 took 47.0s
gen 156 holistic     best 0.954 mean 0.337 best-dist 1.61 m
gen 156 conventional best 1.000 mean 0.660 best-dist 1.25 m
gen 156 took 14.6s
gen 157 holistic     best 1.000 mean 0.485 best-dist 2.29 m
WARNING: Nan, Inf or huge value in QACC at DOF 11. The simulation is unstable. Time = 3.7000.

WARNING: Nan, Inf or huge value in QACC at DOF 13. The simulation is unstable. Time = 5.0500.

WARNING: Nan, Inf or huge value in QACC at DOF 13. The simulation is unstable. Time = 5.4100.

WARNING: Nan, Inf or huge value in QACC at DOF 10. The simulation is unstable. Time = 3.2300.

WARNING: Nan, Inf or huge value in QACC at DOF 0. The simulation is unstable. Time = 8.9050.

gen 157 conventional best 1.000 mean 0.619 best-dist 0.89 m
gen 157 took 15.5s
WARNING: Nan, Inf or huge value in QACC at DOF 0. The simulation is unstable. Time = 7.0800.

gen 158 holistic     best 1.000 mean 0.593 best-dist 1.70 m
gen 158 conventional best 1.000 mean 0.406 best-dist 0.42 m
gen 158 took 14.1s
gen 159 holistic     best 1.000 mean 0.404 best-dist 2.05 m
gen 159 conventional best 1.000 mean 0.265 best-dist 1.81 m
gen 159 took 16.1s
gen 160 holistic     best 1.000 mean 0.492 best-dist 1.67 m
gen 160 conventional best 1.000 mean 0.496 best-dist 0.89 m
WARNING: Nan, Inf or huge value in QACC at DOF 18. The simulation is unstable. Time = 8.9050.

gen 160 champions (roundrobin): holistic mean fitness 0.281, wins 10-34 of 50
gen 160 took 38.8s
gen 161 holistic     best 1.000 mean 0.579 best-dist 2.20 m
gen 161 conventional best 1.000 mean 0.643 best-dist 0.82 m
gen 161 took 20.7s
gen 162 holistic     best 0.932 mean 0.296 best-dist 1.87 m
WARNING: Nan, Inf or huge value in QACC at DOF 13. The simulation is unstable. Time = 4.0250.

gen 162 conventional best 1.000 mean 0.506 best-dist 1.44 m
gen 162 took 19.9s
gen 163 holistic     best 1.000 mean 0.725 best-dist 1.64 m
gen 163 conventional best 0.927 mean 0.491 best-dist 0.38 m
gen 163 took 20.5s
gen 164 holistic     best 1.000 mean 0.600 best-dist 2.30 m
gen 164 conventional best 0.952 mean 0.474 best-dist 0.19 m
gen 164 took 20.6s
gen 165 holistic     best 1.000 mean 0.675 best-dist 2.34 m
gen 165 conventional best 0.844 mean 0.515 best-dist 0.86 m
gen 165 champions (roundrobin): holistic mean fitness 0.055, wins 1-49 of 50
gen 165 took 45.6s
WARNING: Nan, Inf or huge value in QACC at DOF 24. The simulation is unstable. Time = 0.1050.

gen 166 holistic     best 1.000 mean 0.497 best-dist 2.05 m
gen 166 conventional best 0.982 mean 0.489 best-dist 0.95 m
gen 166 took 21.8s
gen 167 holistic     best 1.000 mean 0.457 best-dist 1.66 m
gen 167 conventional best 0.952 mean 0.373 best-dist 0.40 m
gen 167 took 14.6s
gen 168 holistic     best 0.939 mean 0.168 best-dist 1.81 m
WARNING: Nan, Inf or huge value in QACC at DOF 13. The simulation is unstable. Time = 9.9300.

WARNING: Nan, Inf or huge value in QACC at DOF 10. The simulation is unstable. Time = 12.6750.

WARNING: Nan, Inf or huge value in QACC at DOF 3. The simulation is unstable. Time = 9.1350.

gen 168 conventional best 1.000 mean 0.564 best-dist 0.67 m
gen 168 took 16.5s
gen 169 holistic     best 1.000 mean 0.231 best-dist 2.22 m
gen 169 conventional best 0.943 mean 0.531 best-dist 0.11 m
gen 169 took 15.5s
gen 170 holistic     best 1.000 mean 0.595 best-dist 1.61 m
gen 170 conventional best 0.742 mean 0.427 best-dist 0.27 m
gen 170 champions (roundrobin): holistic mean fitness 0.023, wins 0-50 of 50
gen 170 took 35.8s
gen 171 holistic     best 1.000 mean 0.493 best-dist 1.64 m
gen 171 conventional best 0.886 mean 0.371 best-dist 0.55 m
gen 171 took 16.5s
gen 172 holistic     best 0.729 mean 0.239 best-dist 1.79 m
gen 172 conventional best 0.927 mean 0.555 best-dist 0.13 m
gen 172 took 16.9s
gen 173 holistic     best 1.000 mean 0.354 best-dist 1.36 m
gen 173 conventional best 0.912 mean 0.392 best-dist 0.52 m
gen 173 took 23.6s
gen 174 holistic     best 1.000 mean 0.222 best-dist 1.49 m
gen 174 conventional best 0.942 mean 0.434 best-dist 0.12 m
gen 174 took 22.2s
gen 175 holistic     best 1.000 mean 0.483 best-dist 1.23 m
gen 175 conventional best 0.891 mean 0.431 best-dist 0.48 m
gen 175 champions (roundrobin): holistic mean fitness 0.008, wins 0-50 of 50
gen 175 took 46.7s
WARNING: Nan, Inf or huge value in QACC at DOF 0. The simulation is unstable. Time = 0.3150.

gen 176 holistic     best 1.000 mean 0.447 best-dist 2.03 m
gen 176 conventional best 0.784 mean 0.304 best-dist 0.38 m
gen 176 took 20.8s
WARNING: Nan, Inf or huge value in QACC at DOF 7. The simulation is unstable. Time = 1.7700.

gen 177 holistic     best 1.000 mean 0.565 best-dist 1.93 m
gen 177 conventional best 1.000 mean 0.511 best-dist 0.44 m
gen 177 took 22.3s
WARNING: Nan, Inf or huge value in QACC at DOF 24. The simulation is unstable. Time = 0.1550.

gen 178 holistic     best 0.996 mean 0.413 best-dist 1.06 m
gen 178 conventional best 0.915 mean 0.378 best-dist 0.42 m
gen 178 took 23.5s
WARNING: Nan, Inf or huge value in QACC at DOF 9. The simulation is unstable. Time = 0.6500.

gen 179 holistic     best 1.000 mean 0.515 best-dist 1.96 m
gen 179 conventional best 1.000 mean 0.354 best-dist 0.79 m
gen 179 took 26.9s
gen 180 holistic     best 1.000 mean 0.493 best-dist 2.03 m
WARNING: Nan, Inf or huge value in QACC at DOF 10. The simulation is unstable. Time = 8.3950.

gen 180 conventional best 0.940 mean 0.402 best-dist 0.30 m
gen 180 champions (roundrobin): holistic mean fitness 0.057, wins 0-50 of 50
gen 180 took 57.4s
gen 181 holistic     best 1.000 mean 0.569 best-dist 1.95 m
gen 181 conventional best 0.936 mean 0.354 best-dist 0.47 m
gen 181 took 26.7s
gen 182 holistic     best 1.000 mean 0.505 best-dist 1.71 m
gen 182 conventional best 0.953 mean 0.629 best-dist 0.12 m
gen 182 took 26.5s
gen 183 holistic     best 1.000 mean 0.271 best-dist 2.45 m
gen 183 conventional best 0.923 mean 0.445 best-dist 0.54 m
gen 183 took 22.0s
gen 184 holistic     best 1.000 mean 0.612 best-dist 2.38 m
gen 184 conventional best 0.962 mean 0.388 best-dist 0.35 m
gen 184 took 21.4s
gen 185 holistic     best 1.000 mean 0.488 best-dist 1.55 m
gen 185 conventional best 0.815 mean 0.309 best-dist 0.19 m
gen 185 champions (roundrobin): holistic mean fitness 0.009, wins 0-50 of 50
gen 185 took 49.7s
gen 186 holistic     best 1.000 mean 0.329 best-dist 1.49 m
gen 186 conventional best 0.762 mean 0.419 best-dist 0.35 m
gen 186 took 23.1s
gen 187 holistic     best 1.000 mean 0.457 best-dist 1.70 m
gen 187 conventional best 0.946 mean 0.398 best-dist 0.26 m
gen 187 took 22.3s
gen 188 holistic     best 1.000 mean 0.475 best-dist 2.14 m
gen 188 conventional best 0.963 mean 0.345 best-dist 0.51 m
gen 188 took 22.8s
gen 189 holistic     best 1.000 mean 0.289 best-dist 2.18 m
gen 189 conventional best 0.973 mean 0.355 best-dist 0.27 m
gen 189 took 27.6s
gen 190 holistic     best 1.000 mean 0.474 best-dist 1.11 m
WARNING: Nan, Inf or huge value in QACC at DOF 0. The simulation is unstable. Time = 4.4050.

WARNING: Nan, Inf or huge value in QACC at DOF 0. The simulation is unstable. Time = 2.3550.

gen 190 conventional best 1.000 mean 0.505 best-dist 1.10 m
gen 190 champions (roundrobin): holistic mean fitness 0.155, wins 3-42 of 50
gen 190 took 62.0s
gen 191 holistic     best 1.000 mean 0.700 best-dist 2.36 m
gen 191 conventional best 0.951 mean 0.560 best-dist 0.26 m
gen 191 took 28.0s
gen 192 holistic     best 1.000 mean 0.360 best-dist 2.00 m
WARNING: Nan, Inf or huge value in QACC at DOF 0. The simulation is unstable. Time = 6.0100.

gen 192 conventional best 1.000 mean 0.481 best-dist 1.06 m
gen 192 took 26.1s
gen 193 holistic     best 1.000 mean 0.800 best-dist 2.25 m
gen 193 conventional best 0.908 mean 0.302 best-dist 0.28 m
gen 193 took 32.2s
gen 194 holistic     best 1.000 mean 0.587 best-dist 1.61 m
gen 194 conventional best 0.824 mean 0.289 best-dist 0.39 m
gen 194 took 28.5s
gen 195 holistic     best 1.000 mean 0.698 best-dist 1.09 m
gen 195 conventional best 0.564 mean 0.432 best-dist 0.09 m
gen 195 champions (roundrobin): holistic mean fitness 0.043, wins 0-50 of 50
gen 195 took 62.9s
gen 196 holistic     best 1.000 mean 0.480 best-dist 1.65 m
gen 196 conventional best 0.977 mean 0.455 best-dist 0.45 m
gen 196 took 31.5s
gen 197 holistic     best 1.000 mean 0.521 best-dist 2.32 m
gen 197 conventional best 1.000 mean 0.291 best-dist 0.46 m
gen 197 took 30.6s
gen 198 holistic     best 1.000 mean 0.580 best-dist 1.79 m
gen 198 conventional best 1.000 mean 0.432 best-dist 2.04 m
gen 198 took 32.5s
gen 199 holistic     best 1.000 mean 0.401 best-dist 1.81 m
gen 199 conventional best 0.934 mean 0.424 best-dist 0.04 m
gen 199 champions (roundrobin): holistic mean fitness 0.047, wins 1-49 of 50
gen 199 took 67.9s
final champion bouts: holistic mean fitness 0.047 (1-49 of 50)
