gen   0 holistic     best 1.000 mean 0.392 best-dist 2.36 m
gen   0 conventional best 1.000 mean 0.675 best-dist 1.93 m
gen   0 champions (roundrobin): holistic mean fitness 0.077, wins 2-46 of 50
gen   0 took 27.7s
gen   1 holistic     best 0.937 mean 0.283 best-dist 1.89 m
gen   1 conventional best 1.000 mean 0.360 best-dist 1.56 m
gen   1 took 11.5s
gen   2 holistic     best 0.889 mean 0.179 best-dist 1.28 m
gen   2 conventional best 1.000 mean 0.539 best-dist 1.12 m
gen   2 took 10.5s
gen   3 holistic     best 0.754 mean 0.281 best-dist 1.78 m
gen   3 conventional best 1.000 mean 0.648 best-dist 4.08 m
gen   3 took 11.3s
gen   4 holistic     best 0.539 mean 0.158 best-dist 1.90 m
gen   4 conventional best 0.948 mean 0.262 best-dist 0.61 m
gen   4 took 11.6s
gen   5 holistic     best 1.000 mean 0.398 best-dist 1.52 m
gen   5 conventional best 0.982 mean 0.164 best-dist 0.72 m
gen   5 champions (roundrobin): holistic mean fitness 0.090, wins 3-47 of 50
gen   5 took 26.9s
gen   6 holistic     best 1.000 mean 0.750 best-dist 1.85 m
gen   6 conventional best 0.671 mean 0.150 best-dist 0.69 m
gen   6 took 12.5s
gen   7 holistic     best 1.000 mean 0.725 best-dist 1.58 m
gen   7 conventional best 0.620 mean 0.152 best-dist 0.15 m
gen   7 took 14.7s
gen   8 holistic     best 1.000 mean 0.750 best-dist 1.49 m
gen   8 conventional best 0.985 mean 0.224 best-dist 0.43 m
gen   8 took 13.1s
gen   9 holistic     best 1.000 mean 0.309 best-dist 1.68 m
gen   9 conventional best 0.947 mean 0.220 best-dist 0.40 m
gen   9 took 13.6s
gen  10 holistic     best 1.000 mean 0.700 best-dist 2.25 m
gen  10 conventional best 0.924 mean 0.428 best-dist 0.82 m
gen  10 champions (roundrobin): holistic mean fitness 0.112, wins 3-45 of 50
gen  10 took 30.6s
gen  11 holistic     best 1.000 mean 0.510 best-dist 1.72 m
gen  11 conventional best 0.941 mean 0.414 best-dist 0.35 m
gen  11 took 15.8s
gen  12 holistic     best 1.000 mean 0.675 best-dist 1.77 m
gen  12 conventional best 1.000 mean 0.285 best-dist 0.45 m
gen  12 took 16.8s
gen  13 holistic     best 1.000 mean 0.405 best-dist 1.53 m
gen  13 conventional best 0.846 mean 0.390 best-dist 0.45 m
gen  13 took 16.3s
gen  14 holistic     best 1.000 mean 0.558 best-dist 1.34 m
gen  14 conventional best 1.000 mean 0.173 best-dist 1.11 m
gen  14 took 18.5s
gen  15 holistic     best 1.000 mean 0.441 best-dist 1.25 m
gen  15 conventional best 0.945 mean 0.263 best-dist 0.44 m
gen  15 champions (roundrobin): holistic mean fitness 0.100, wins 2-44 of 50
gen  15 took 36.1s
gen  16 holistic     best 1.000 mean 0.562 best-dist 1.15 m
gen  16 conventional best 1.000 mean 0.461 best-dist 2.64 m
gen  16 took 16.3s
gen  17 holistic     best 1.000 mean 0.585 best-dist 2.30 m
gen  17 conventional best 0.928 mean 0.416 best-dist 0.84 m
gen  17 took 16.4s
gen  18 holistic     best 1.000 mean 0.505 best-dist 2.46 m
gen  18 conventional best 1.000 mean 0.589 best-dist 1.91 m
gen  18 took 13.5s
gen  19 holistic     best 1.000 mean 0.558 best-dist 2.16 m
gen  19 conventional best 1.000 mean 0.606 best-dist 1.26 m
gen  19 took 16.6s
WARNING: Nan, Inf or huge value in QACC at DOF 0. The simulation is unstable. Time = 0.1000.

WARNING: Nan, Inf or huge value in QACC at DOF 20. The simulation is unstable. Time = 0.1450.

gen  20 holistic     best 1.000 mean 0.423 best-dist 2.29 m
gen  20 conventional best 0.921 mean 0.422 best-dist 0.15 m
gen  20 champions (roundrobin): holistic mean fitness 0.156, wins 3-44 of 50
gen  20 took 42.2s
gen  21 holistic     best 1.000 mean 0.538 best-dist 1.99 m
gen  21 conventional best 1.000 mean 0.417 best-dist 1.92 m
gen  21 took 17.0s
gen  22 holistic     best 1.000 mean 0.463 best-dist 2.35 m
WARNING: Nan, Inf or huge value in QACC at DOF 0. The simulation is unstable. Time = 5.7000.

gen  22 conventional best 1.000 mean 0.420 best-dist 1.60 m
gen  22 took 18.4s
gen  23 holistic     best 1.000 mean 0.503 best-dist 2.34 m
gen  23 conventional best 1.000 mean 0.435 best-dist 2.16 m
gen  23 took 18.4s
gen  24 holistic     best 1.000 mean 0.187 best-dist 1.71 m
gen  24 conventional best 1.000 mean 0.430 best-dist 0.83 m
gen  24 took 23.4s
gen  25 holistic     best 0.968 mean 0.343 best-dist 1.20 m
gen  25 conventional best 0.947 mean 0.353 best-dist 0.12 m
gen  25 champions (roundrobin): holistic mean fitness 0.225, wins 8-40 of 50
gen  25 took 51.9s
gen  26 holistic     best 1.000 mean 0.676 best-dist 1.53 m
gen  26 conventional best 1.000 mean 0.300 best-dist 1.43 m
gen  26 took 25.3s
gen  27 holistic     best 1.000 mean 0.300 best-dist 1.97 m
gen  27 conventional best 0.975 mean 0.348 best-dist 0.42 m
gen  27 took 19.3s
gen  28 holistic     best 1.000 mean 0.508 best-dist 1.58 m
gen  28 conventional best 0.993 mean 0.155 best-dist 0.37 m
gen  28 took 21.4s
gen  29 holistic     best 0.923 mean 0.268 best-dist 1.03 m
gen  29 conventional best 0.980 mean 0.132 best-dist 0.71 m
gen  29 took 22.3s
gen  30 holistic     best 1.000 mean 0.450 best-dist 1.72 m
gen  30 conventional best 1.000 mean 0.361 best-dist 1.03 m
gen  30 holistic     best 1.000 mean 0.450 best-dist 1.72 m
gen  30 conventional best 1.000 mean 0.361 best-dist 1.03 m
gen  30 champions (roundrobin): holistic mean fitness 0.231, wins 11-39 of 50
gen  30 took 43.8s
gen  31 holistic     best 1.000 mean 0.504 best-dist 1.58 m
gen  31 conventional best 0.983 mean 0.517 best-dist 0.44 m
gen  31 took 21.7s
gen  32 holistic     best 0.988 mean 0.436 best-dist 1.76 m
gen  32 conventional best 0.900 mean 0.337 best-dist 0.28 m
gen  32 took 18.9s
gen  33 holistic     best 1.000 mean 0.550 best-dist 1.39 m
gen  33 conventional best 0.931 mean 0.445 best-dist 0.41 m
gen  33 took 24.9s
gen  34 holistic     best 1.000 mean 0.313 best-dist 2.13 m
gen  34 conventional best 0.925 mean 0.376 best-dist 0.36 m
gen  34 took 24.6s
gen  35 holistic     best 1.000 mean 0.467 best-dist 2.29 m
gen  35 conventional best 0.864 mean 0.214 best-dist 0.34 m
gen  35 champions (roundrobin): holistic mean fitness 0.122, wins 3-47 of 50
gen  35 took 50.5s
gen  36 holistic     best 1.000 mean 0.362 best-dist 2.00 m
gen  36 conventional best 0.937 mean 0.463 best-dist 0.17 m
gen  36 took 30.6s
gen  37 holistic     best 1.000 mean 0.542 best-dist 1.46 m
WARNING: Nan, Inf or huge value in QACC at DOF 2. The simulation is unstable. Time = 7.8600.

gen  37 conventional best 0.765 mean 0.402 best-dist 0.42 m
gen  37 took 28.9s
gen  38 holistic     best 1.000 mean 0.191 best-dist 1.86 m
gen  38 conventional best 0.904 mean 0.463 best-dist 9.69 m
gen  38 took 27.2s
gen  39 holistic     best 1.000 mean 0.482 best-dist 1.99 m
gen  39 conventional best 1.000 mean 0.542 best-dist 0.79 m
gen  39 took 26.4s
gen  40 holistic     best 1.000 mean 0.624 best-dist 1.87 m
WARNING: Nan, Inf or huge value in QACC at DOF 13. The simulation is unstable. Time = 9.9300.

gen  40 conventional best 1.000 mean 0.308 best-dist 0.23 m
gen  40 champions (roundrobin): holistic mean fitness 0.092, wins 1-49 of 50
gen  40 took 60.6s
gen  41 holistic     best 1.000 mean 0.433 best-dist 1.32 m
gen  41 conventional best 1.000 mean 0.437 best-dist 0.29 m
gen  41 took 28.6s
gen  42 holistic     best 1.000 mean 0.650 best-dist 1.33 m
gen  42 conventional best 1.000 mean 0.291 best-dist 0.52 m
gen  42 took 27.8s
gen  43 holistic     best 1.000 mean 0.364 best-dist 1.80 m
WARNING: Nan, Inf or huge value in QACC at DOF 10. The simulation is unstable. Time = 8.8250.

WARNING: Nan, Inf or huge value in QACC at DOF 10. The simulation is unstable. Time = 5.8350.

WARNING: Nan, Inf or huge value in QACC at DOF 10. The simulation is unstable. Time = 5.1950.

gen  43 conventional best 1.000 mean 0.662 best-dist 0.25 m
gen  43 took 22.4s
gen  44 holistic     best 1.000 mean 0.700 best-dist 2.20 m
gen  44 conventional best 1.000 mean 0.488 best-dist 1.88 m
gen  44 took 23.6s
gen  45 holistic     best 1.000 mean 0.506 best-dist 1.53 m
gen  45 conventional best 0.942 mean 0.282 best-dist 0.23 m
gen  45 champions (roundrobin): holistic mean fitness 0.087, wins 3-46 of 50
gen  45 took 48.7s
gen  46 holistic     best 1.000 mean 0.485 best-dist 2.35 m
gen  46 conventional best 0.955 mean 0.475 best-dist 0.50 m
gen  46 took 18.9s
gen  47 holistic     best 1.000 mean 0.700 best-dist 2.34 m
gen  47 conventional best 1.000 mean 0.727 best-dist 2.25 m
gen  47 took 21.9s
gen  48 holistic     best 0.985 mean 0.317 best-dist 1.70 m
WARNING: Nan, Inf or huge value in QACC at DOF 3. The simulation is unstable. Time = 9.3850.

gen  48 conventional best 1.000 mean 0.428 best-dist 1.87 m
gen  48 took 15.8s
WARNING: Nan, Inf or huge value in QACC at DOF 0. The simulation is unstable. Time = 4.5050.

gen  49 holistic     best 1.000 mean 0.344 best-dist 1.62 m
WARNING: Nan, Inf or huge value in QACC at DOF 0. The simulation is unstable. Time = 5.5600.

gen  49 conventional best 1.000 mean 0.298 best-dist 1.77 m
gen  49 took 22.9s
gen  50 holistic     best 1.000 mean 0.437 best-dist 1.30 m
gen  50 conventional best 1.000 mean 0.874 best-dist 1.20 m
gen  50 champions (roundrobin): holistic mean fitness 0.126, wins 0-43 of 50
gen  50 took 50.5s
gen  51 holistic     best 1.000 mean 0.074 best-dist 2.30 m
gen  51 conventional best 0.914 mean 0.260 best-dist 0.71 m
gen  51 took 22.9s
gen  52 holistic     best 1.000 mean 0.476 best-dist 1.88 m
WARNING: Nan, Inf or huge value in QACC at DOF 0. The simulation is unstable. Time = 5.1450.

WARNING: Nan, Inf or huge value in QACC at DOF 10. The simulation is unstable. Time = 5.8650.

WARNING: Nan, Inf or huge value in QACC at DOF 13. The simulation is unstable. Time = 6.9250.

gen  52 conventional best 1.000 mean 0.369 best-dist 2.46 m
gen  52 took 26.2s
gen  53 holistic     best 1.000 mean 0.452 best-dist 1.76 m
gen  53 conventional best 0.963 mean 0.430 best-dist 0.45 m
gen  53 took 27.7s
gen  54 holistic     best 1.000 mean 0.259 best-dist 2.02 m
gen  54 conventional best 0.973 mean 0.385 best-dist 0.41 m
gen  54 took 21.0s
gen  55 holistic     best 1.000 mean 0.725 best-dist 1.92 m
gen  55 conventional best 1.000 mean 0.395 best-dist 1.13 m
gen  55 champions (roundrobin): holistic mean fitness 0.134, wins 0-50 of 50
gen  55 took 52.3s
gen  56 holistic     best 0.980 mean 0.291 best-dist 1.22 m
gen  56 conventional best 0.836 mean 0.429 best-dist 9.97 m
gen  56 took 25.3s
gen  57 holistic     best 1.000 mean 0.551 best-dist 2.02 m
gen  57 conventional best 1.000 mean 0.554 best-dist 0.90 m
gen  57 took 22.4s
gen  58 holistic     best 1.000 mean 0.453 best-dist 1.89 m
gen  58 conventional best 1.000 mean 0.423 best-dist 0.96 m
gen  58 took 24.6s
gen  59 holistic     best 1.000 mean 0.594 best-dist 2.12 m
gen  59 conventional best 1.000 mean 0.495 best-dist 13.52 m
gen  59 took 24.0s
gen  60 holistic     best 1.000 mean 0.825 best-dist 1.51 m
gen  60 conventional best 1.000 mean 0.235 best-dist 0.81 m
gen  60 champions (roundrobin): holistic mean fitness 0.071, wins 2-47 of 50
gen  60 took 52.1s
gen  61 holistic     best 1.000 mean 0.522 best-dist 2.37 m
gen  61 conventional best 0.937 mean 0.376 best-dist 0.34 m
gen  61 took 23.3s
gen  62 holistic     best 1.000 mean 0.653 best-dist 1.94 m
gen  62 conventional best 0.946 mean 0.265 best-dist 0.33 m
gen  62 took 25.9s
gen  63 holistic     best 1.000 mean 0.607 best-dist 2.09 m
gen  63 conventional best 0.900 mean 0.207 best-dist 1.77 m
gen  63 took 20.1s
gen  64 holistic     best 1.000 mean 0.675 best-dist 1.83 m
gen  64 conventional best 1.000 mean 0.675 best-dist 1.08 m
gen  64 took 21.0s
gen  65 holistic     best 1.000 mean 0.660 best-dist 2.11 m
gen  65 conventional best 0.921 mean 0.306 best-dist 0.34 m
gen  65 champions (roundrobin): holistic mean fitness 0.256, wins 10-39 of 50
gen  65 took 48.8s
gen  66 holistic     best 1.000 mean 0.561 best-dist 1.68 m
gen  66 conventional best 1.000 mean 0.691 best-dist 0.34 m
gen  66 took 17.5s
gen  67 holistic     best 1.000 mean 0.283 best-dist 1.55 m
gen  67 conventional best 1.000 mean 0.582 best-dist 1.05 m
gen  67 took 16.3s
gen  68 holistic     best 1.000 mean 0.419 best-dist 1.77 m
gen  68 conventional best 1.000 mean 0.750 best-dist 1.31 m
gen  68 took 15.1s
gen  69 holistic     best 1.000 mean 0.514 best-dist 2.08 m
gen  69 conventional best 0.948 mean 0.326 best-dist 0.25 m
gen  69 took 16.8s
gen  70 holistic     best 1.000 mean 0.387 best-dist 1.17 m
gen  70 conventional best 1.000 mean 0.357 best-dist 0.35 m
gen  70 champions (roundrobin): holistic mean fitness 0.017, wins 0-50 of 50
gen  70 took 38.9s
gen  71 holistic     best 1.000 mean 0.487 best-dist 2.04 m
gen  71 conventional best 0.999 mean 0.554 best-dist 0.63 m
gen  71 took 17.8s
gen  72 holistic     best 1.000 mean 0.750 best-dist 1.56 m
gen  72 conventional best 0.980 mean 0.404 best-dist 0.45 m
gen  72 took 17.7s
WARNING: Nan, Inf or huge value in QACC at DOF 0. The simulation is unstable. Time = 0.1850.

gen  73 holistic     best 1.000 mean 0.750 best-dist 1.85 m
gen  73 conventional best 0.988 mean 0.420 best-dist 0.35 m
gen  73 took 12.4s
gen  74 holistic     best 0.999 mean 0.377 best-dist 0.19 m
gen  74 conventional best 1.000 mean 0.468 best-dist 1.54 m
gen  74 took 15.1s
gen  75 holistic     best 1.000 mean 0.650 best-dist 1.72 m
WARNING: Nan, Inf or huge value in QACC at DOF 10. The simulation is unstable. Time = 2.8000.

WARNING: Nan, Inf or huge value in QACC at DOF 12. The simulation is unstable. Time = 2.8000.

WARNING: Nan, Inf or huge value in QACC at DOF 10. The simulation is unstable. Time = 2.8200.

gen  75 conventional best 1.000 mean 0.345 best-dist 0.91 m
WARNING: Nan, Inf or huge value in QACC at DOF 18. The simulation is unstable. Time = 2.6950.

gen  75 champions (roundrobin): holistic mean fitness 0.130, wins 4-45 of 50
gen  75 took 37.9s
gen  76 holistic     best 1.000 mean 0.480 best-dist 1.54 m
gen  76 conventional best 1.000 mean 0.666 best-dist 1.02 m
gen  76 took 16.1s
gen  77 holistic     best 1.000 mean 0.332 best-dist 1.57 m
gen  77 conventional best 0.945 mean 0.399 best-dist 0.43 m
gen  77 took 15.0s
gen  78 holistic     best 1.000 mean 0.540 best-dist 1.65 m
WARNING: Nan, Inf or huge value in QACC at DOF 10. The simulation is unstable. Time = 8.1100.

WARNING: Nan, Inf or huge value in QACC at DOF 4. The simulation is unstable. Time = 5.2650.

gen  78 conventional best 1.000 mean 0.377 best-dist 1.77 m
gen  78 took 14.1s
gen  79 holistic     best 1.000 mean 0.684 best-dist 1.09 m
WARNING: Nan, Inf or huge value in QACC at DOF 0. The simulation is unstable. Time = 3.0250.

gen  79 conventional best 1.000 mean 0.733 best-dist 1.17 m
gen  79 took 13.3s
gen  80 holistic     best 1.000 mean 0.286 best-dist 1.86 m
WARNING: Nan, Inf or huge value in QACC at DOF 13. The simulation is unstable. Time = 6.6000.

WARNING: Nan, Inf or huge value in QACC at DOF 10. The simulation is unstable. Time = 6.7100.

gen  80 conventional best 1.000 mean 0.484 best-dist 2.18 m
WARNING: Nan, Inf or huge value in QACC at DOF 18. The simulation is unstable. Time = 5.0200.

gen  80 champions (roundrobin): holistic mean fitness 0.219, wins 8-42 of 50
gen  80 took 37.8s
gen  81 holistic     best 1.000 mean 0.800 best-dist 1.89 m
gen  81 conventional best 1.000 mean 0.818 best-dist 1.02 m
gen  81 took 14.9s
gen  82 holistic     best 0.970 mean 0.162 best-dist 1.33 m
gen  82 conventional best 1.000 mean 0.388 best-dist 1.18 m
gen  82 took 22.0s
gen  83 holistic     best 1.000 mean 0.725 best-dist 1.96 m
gen  83 conventional best 1.000 mean 0.427 best-dist 1.62 m
gen  83 took 22.7s
gen  84 holistic     best 1.000 mean 0.565 best-dist 1.66 m
gen  84 conventional best 1.000 mean 0.471 best-dist 0.22 m
gen  84 took 25.6s
gen  85 holistic     best 1.000 mean 0.200 best-dist 2.08 m
gen  85 conventional best 0.931 mean 0.169 best-dist 0.13 m
gen  85 champions (roundrobin): holistic mean fitness 0.115, wins 5-45 of 50
gen  85 took 47.1s
gen  86 holistic     best 1.000 mean 0.675 best-dist 2.32 m
gen  86 conventional best 0.964 mean 0.391 best-dist 0.12 m
gen  86 took 23.0s
gen  87 holistic     best 1.000 mean 0.788 best-dist 1.44 m
gen  87 conventional best 0.618 mean 0.393 best-dist 0.27 m
gen  87 took 20.7s
gen  88 holistic     best 1.000 mean 0.459 best-dist 1.88 m
gen  88 conventional best 0.966 mean 0.471 best-dist 0.27 m
gen  88 took 17.7s
gen  89 holistic     best 0.982 mean 0.208 best-dist 1.40 m
gen  89 conventional best 0.948 mean 0.309 best-dist 0.18 m
gen  89 took 18.0s
gen  90 holistic     best 1.000 mean 0.539 best-dist 2.32 m
gen  90 conventional best 0.927 mean 0.385 best-dist 0.40 m
gen  90 champions (roundrobin): holistic mean fitness 0.030, wins 1-48 of 50
gen  90 took 44.6s
gen  91 holistic     best 1.000 mean 0.775 best-dist 1.52 m
gen  91 conventional best 0.864 mean 0.317 best-dist 0.09 m
gen  91 took 24.1s
gen  92 holistic     best 1.000 mean 0.714 best-dist 1.89 m
gen  92 conventional best 0.966 mean 0.491 best-dist 0.21 m
gen  92 took 24.7s
gen  93 holistic     best 1.000 mean 0.244 best-dist 1.79 m
gen  93 conventional best 1.000 mean 0.530 best-dist 1.34 m
gen  93 took 21.1s
gen  94 holistic     best 1.000 mean 0.489 best-dist 1.91 m
gen  94 conventional best 0.962 mean 0.659 best-dist 0.25 m
gen  94 took 21.2s
gen  95 holistic     best 1.000 mean 0.374 best-dist 1.88 m
gen  95 conventional best 0.648 mean 0.323 best-dist 0.40 m
WARNING: Nan, Inf or huge value in QACC at DOF 21. The simulation is unstable. Time = 5.9100.

gen  95 champions (roundrobin): holistic mean fitness 0.038, wins 1-49 of 50
gen  95 took 57.8s
gen  96 holistic     best 0.889 mean 0.223 best-dist 1.56 m
gen  96 conventional best 0.529 mean 0.224 best-dist 0.22 m
gen  96 took 24.5s
gen  97 holistic     best 1.000 mean 0.273 best-dist 2.36 m
WARNING: Nan, Inf or huge value in QACC at DOF 0. The simulation is unstable. Time = 11.6000.

gen  97 conventional best 1.000 mean 0.560 best-dist 2.34 m
gen  97 took 24.7s
gen  98 holistic     best 1.000 mean 0.399 best-dist 2.03 m
gen  98 conventional best 1.000 mean 0.850 best-dist 0.30 m
gen  98 took 25.3s
gen  99 holistic     best 1.000 mean 0.352 best-dist 1.85 m
WARNING: Nan, Inf or huge value in QACC at DOF 0. The simulation is unstable. Time = 6.0800.

gen  99 conventional best 1.000 mean 0.364 best-dist 1.02 m
gen  99 took 21.4s
gen 100 holistic     best 1.000 mean 0.478 best-dist 2.03 m
gen 100 conventional best 0.851 mean 0.442 best-dist 0.38 m
gen 100 champions (roundrobin): holistic mean fitness 0.062, wins 2-48 of 50
gen 100 took 51.0s
gen 101 holistic     best 1.000 mean 0.359 best-dist 2.14 m
gen 101 conventional best 1.000 mean 0.648 best-dist 0.62 m
gen 101 took 20.2s
WARNING: Nan, Inf or huge value in QACC at DOF 0. The simulation is unstable. Time = 0.0950.

gen 102 holistic     best 1.000 mean 0.601 best-dist 1.04 m
gen 102 conventional best 1.000 mean 0.634 best-dist 0.11 m
gen 102 took 19.6s
gen 103 holistic     best 1.000 mean 0.349 best-dist 2.17 m
gen 103 conventional best 0.966 mean 0.510 best-dist 0.12 m
gen 103 took 25.7s
gen 104 holistic     best 1.000 mean 0.562 best-dist 2.39 m
gen 104 conventional best 0.918 mean 0.425 best-dist 0.23 m
gen 104 took 25.2s
gen 105 holistic     best 1.000 mean 0.675 best-dist 2.30 m
gen 105 conventional best 0.958 mean 0.225 best-dist 0.34 m
gen 105 champions (roundrobin): holistic mean fitness 0.072, wins 0-50 of 50
gen 105 took 54.8s
gen 106 holistic     best 1.000 mean 0.260 best-dist 1.70 m
gen 106 conventional best 1.000 mean 0.540 best-dist 1.26 m
gen 106 took 23.9s
gen 107 holistic     best 1.000 mean 0.675 best-dist 1.96 m
gen 107 conventional best 0.966 mean 0.554 best-dist 0.32 m
gen 107 took 25.2s
gen 108 holistic     best 1.000 mean 0.546 best-dist 2.28 m
WARNING: Nan, Inf or huge value in QACC at DOF 13. The simulation is unstable. Time = 6.4400.

WARNING: Nan, Inf or huge value in QACC at DOF 10. The simulation is unstable. Time = 4.5650.

gen 108 conventional best 1.000 mean 0.449 best-dist 2.92 m
gen 108 took 23.7s
gen 109 holistic     best 1.000 mean 0.466 best-dist 1.66 m
gen 109 conventional best 1.000 mean 0.571 best-dist 5.63 m
gen 109 took 22.8s
gen 110 holistic     best 1.000 mean 0.647 best-dist 1.62 m
gen 110 conventional best 1.000 mean 0.711 best-dist 0.89 m
gen 110 champions (roundrobin): holistic mean fitness 0.316, wins 7-33 of 50
gen 110 took 57.2s
gen 111 holistic     best 1.000 mean 0.463 best-dist 1.08 m
gen 111 conventional best 1.000 mean 0.462 best-dist 0.32 m
gen 111 took 22.7s
gen 112 holistic     best 1.000 mean 0.414 best-dist 1.65 m
gen 112 conventional best 1.000 mean 0.668 best-dist 1.32 m
gen 112 took 23.2s
gen 113 holistic     best 1.000 mean 0.750 best-dist 2.01 m
gen 113 conventional best 1.000 mean 0.675 best-dist 1.10 m
gen 113 took 23.2s
gen 114 holistic     best 0.976 mean 0.268 best-dist 0.90 m
gen 114 conventional best 1.000 mean 0.466 best-dist 0.78 m
gen 114 took 24.6s
gen 115 holistic     best 1.000 mean 0.430 best-dist 2.26 m
gen 115 conventional best 1.000 mean 0.270 best-dist 0.94 m
gen 115 champions (roundrobin): holistic mean fitness 0.311, wins 11-36 of 50
gen 115 took 56.4s
gen 116 holistic     best 1.000 mean 0.535 best-dist 2.24 m
gen 116 conventional best 0.949 mean 0.390 best-dist 0.36 m
gen 116 took 24.3s
gen 117 holistic     best 1.000 mean 0.595 best-dist 1.91 m
gen 117 conventional best 1.000 mean 0.475 best-dist 0.48 m
gen 117 took 29.6s
gen 118 holistic     best 1.000 mean 0.725 best-dist 1.89 m
gen 118 conventional best 1.000 mean 0.830 best-dist 0.17 m
gen 118 took 31.1s
gen 119 holistic     best 1.000 mean 0.675 best-dist 1.58 m
gen 119 conventional best 1.000 mean 0.776 best-dist 0.24 m
gen 119 took 25.2s
gen 120 holistic     best 1.000 mean 0.194 best-dist 1.93 m
gen 120 conventional best 0.953 mean 0.274 best-dist 0.50 m
gen 120 champions (roundrobin): holistic mean fitness 0.126, wins 5-45 of 50
gen 120 took 50.0s
gen 121 holistic     best 1.000 mean 0.217 best-dist 1.23 m
gen 121 conventional best 0.899 mean 0.372 best-dist 0.35 m
gen 121 took 22.6s
gen 122 holistic     best 1.000 mean 0.535 best-dist 1.76 m
gen 122 conventional best 0.936 mean 0.436 best-dist 0.12 m
gen 122 took 22.7s
gen 123 holistic     best 1.000 mean 0.413 best-dist 2.21 m
gen 123 conventional best 0.971 mean 0.480 best-dist 0.44 m
gen 123 took 21.6s
gen 124 holistic     best 1.000 mean 0.552 best-dist 1.70 m
WARNING: Nan, Inf or huge value in QACC at DOF 13. The simulation is unstable. Time = 11.2850.

WARNING: Nan, Inf or huge value in QACC at DOF 13. The simulation is unstable. Time = 14.2600.

WARNING: Nan, Inf or huge value in QACC at DOF 0. The simulation is unstable. Time = 11.4350.

gen 124 conventional best 1.000 mean 0.451 best-dist 0.93 m
gen 124 took 21.1s
gen 125 holistic     best 1.000 mean 0.246 best-dist 1.93 m
gen 125 conventional best 0.642 mean 0.215 best-dist 0.91 m
gen 125 champions (roundrobin): holistic mean fitness 0.141, wins 1-47 of 50
gen 125 took 56.0s
gen 126 holistic     best 0.924 mean 0.249 best-dist 2.11 m
gen 126 conventional best 0.926 mean 0.437 best-dist 0.49 m
gen 126 took 26.4s
gen 127 holistic     best 1.000 mean 0.100 best-dist 1.80 m
gen 127 conventional best 0.959 mean 0.264 best-dist 0.34 m
gen 127 took 24.8s
gen 128 holistic     best 1.000 mean 0.534 best-dist 1.76 m
gen 128 conventional best 0.968 mean 0.387 best-dist 0.13 m
gen 128 took 25.1s
gen 129 holistic     best 0.576 mean 0.138 best-dist 1.12 m
gen 129 conventional best 0.875 mean 0.311 best-dist 0.23 m
gen 129 took 20.7s
gen 130 holistic     best 1.000 mean 0.551 best-dist 1.63 m
gen 130 conventional best 1.000 mean 0.512 best-dist 0.92 m
gen 130 champions (roundrobin): holistic mean fitness 0.015, wins 0-50 of 50
gen 130 took 42.1s
gen 131 holistic     best 1.000 mean 0.550 best-dist 2.23 m
gen 131 conventional best 0.946 mean 0.501 best-dist 0.30 m
gen 131 took 21.4s
gen 132 holistic     best 1.000 mean 0.516 best-dist 1.55 m
gen 132 conventional best 0.651 mean 0.263 best-dist 0.22 m
gen 132 took 20.6s
gen 133 holistic     best 1.000 mean 0.300 best-dist 1.66 m
gen 133 conventional best 0.627 mean 0.391 best-dist 0.34 m
gen 133 took 22.2s
gen 134 holistic     best 1.000 mean 0.364 best-dist 1.78 m
gen 134 conventional best 0.951 mean 0.483 best-dist 0.32 m
gen 134 took 23.1s
gen 135 holistic     best 1.000 mean 0.595 best-dist 2.12 m
gen 135 conventional best 0.591 mean 0.389 best-dist 0.05 m
gen 135 champions (roundrobin): holistic mean fitness 0.001, wins 0-50 of 50
gen 135 took 60.3s
gen 136 holistic     best 1.000 mean 0.414 best-dist 1.63 m
gen 136 conventional best 0.961 mean 0.476 best-dist 0.46 m
gen 136 took 24.9s
gen 137 holistic     best 1.000 mean 0.526 best-dist 1.90 m
gen 137 conventional best 0.551 mean 0.155 best-dist 0.05 m
gen 137 took 24.7s
gen 138 holistic     best 1.000 mean 0.539 best-dist 2.40 m
gen 138 conventional best 0.972 mean 0.574 best-dist 0.49 m
gen 138 took 26.0s
gen 139 holistic     best 1.000 mean 0.575 best-dist 2.30 m
gen 139 conventional best 0.775 mean 0.341 best-dist 0.53 m
gen 139 took 24.4s
gen 140 holistic     best 1.000 mean 0.775 best-dist 1.95 m
gen 140 conventional best 0.944 mean 0.322 best-dist 0.38 m
gen 140 champions (roundrobin): holistic mean fitness 0.022, wins 0-50 of 50
gen 140 took 55.9s
gen 141 holistic     best 1.000 mean 0.418 best-dist 1.68 m
gen 141 conventional best 0.555 mean 0.220 best-dist 0.81 m
gen 141 took 23.1s
gen 142 holistic     best 1.000 mean 0.420 best-dist 1.42 m
gen 142 conventional best 0.949 mean 0.376 best-dist 0.41 m
gen 142 took 24.2s
gen 143 holistic     best 0.923 mean 0.216 best-dist 1.56 m
gen 143 conventional best 0.953 mean 0.456 best-dist 0.68 m
gen 143 took 17.0s
gen 144 holistic     best 1.000 mean 0.304 best-dist 2.15 m
gen 144 conventional best 0.943 mean 0.575 best-dist 0.29 m
gen 144 took 16.3s
gen 145 holistic     best 1.000 mean 0.675 best-dist 2.14 m
WARNING: Nan, Inf or huge value in QACC at DOF 4. The simulation is unstable. Time = 9.4650.

WARNING: Nan, Inf or huge value in QACC at DOF 4. The simulation is unstable. Time = 9.4650.

WARNING: Nan, Inf or huge value in QACC at DOF 10. The simulation is unstable. Time = 10.7200.

gen 145 conventional best 1.000 mean 0.405 best-dist 1.70 m
WARNING: Nan, Inf or huge value in QACC at DOF 12. The simulation is unstable. Time = 6.2050.

gen 145 champions (roundrobin): holistic mean fitness 0.099, wins 4-45 of 50
gen 145 took 51.3s
gen 146 holistic     best 1.000 mean 0.725 best-dist 1.53 m
gen 146 conventional best 0.959 mean 0.309 best-dist 0.98 m
gen 146 took 24.9s
gen 147 holistic     best 1.000 mean 0.512 best-dist 1.69 m
gen 147 conventional best 0.871 mean 0.363 best-dist 0.11 m
gen 147 took 23.9s
gen 148 holistic     best 1.000 mean 0.436 best-dist 2.00 m
gen 148 conventional best 1.000 mean 0.235 best-dist 0.42 m
gen 148 took 22.3s
gen 149 holistic     best 1.000 mean 0.545 best-dist 1.45 m
gen 149 conventional best 0.963 mean 0.336 best-dist 0.34 m
gen 149 took 24.4s
gen 150 holistic     best 0.990 mean 0.251 best-dist 1.56 m
gen 150 conventional best 0.651 mean 0.330 best-dist 0.43 m
gen 150 champions (roundrobin): holistic mean fitness 0.076, wins 2-48 of 50
gen 150 took 57.6s
gen 151 holistic     best 1.000 mean 0.700 best-dist 2.25 m
gen 151 conventional best 0.978 mean 0.400 best-dist 0.72 m
gen 151 took 27.1s
gen 152 holistic     best 1.000 mean 0.583 best-dist 1.94 m
WARNING: Nan, Inf or huge value in QACC at DOF 0. The simulation is unstable. Time = 7.9100.

gen 152 conventional best 0.966 mean 0.451 best-dist 0.41 m
gen 152 took 26.4s
gen 153 holistic     best 1.000 mean 0.306 best-dist 1.75 m
gen 153 conventional best 0.826 mean 0.409 best-dist 0.61 m
gen 153 took 25.5s
gen 154 holistic     best 1.000 mean 0.454 best-dist 0.98 m
WARNING: Nan, Inf or huge value in QACC at DOF 0. The simulation is unstable. Time = 6.0650.

gen 154 conventional best 1.000 mean 0.416 best-dist 0.28 m
gen 154 took 25.6s
gen 155 holistic     best 1.000 mean 0.280 best-dist 2.09 m
gen 155 conventional best 0.971 mean 0.536 best-dist 0.43 m
gen 155 champions (roundrobin): holistic mean fitness 0.132, wins 1-49 of 50
gen 155 took 63.3s
gen 156 holistic     best 1.000 mean 0.704 best-dist 1.44 m
gen 156 conventional best 0.982 mean 0.504 best-dist 0.07 m
gen 156 took 27.1s
gen 157 holistic     best 1.000 mean 0.597 best-dist 4.45 m
gen 157 conventional best 0.949 mean 0.303 best-dist 0.47 m
gen 157 took 34.7s
gen 158 holistic     best 1.000 mean 0.475 best-dist 1.66 m
WARNING: Nan, Inf or huge value in QACC at DOF 10. The simulation is unstable. Time = 8.6850.

gen 158 conventional best 1.000 mean 0.420 best-dist 0.31 m
gen 158 took 33.0s
gen 159 holistic     best 1.000 mean 0.462 best-dist 1.78 m
gen 159 conventional best 0.952 mean 0.627 best-dist 0.30 m
gen 159 took 30.7s
gen 160 holistic     best 1.000 mean 0.376 best-dist 1.54 m
gen 160 conventional best 0.675 mean 0.385 best-dist 0.34 m
gen 160 champions (roundrobin): holistic mean fitness 0.024, wins 0-50 of 50
gen 160 took 65.1s
gen 161 holistic     best 1.000 mean 0.512 best-dist 1.94 m
gen 161 conventional best 1.000 mean 0.333 best-dist 0.43 m
gen 161 took 28.6s
gen 162 holistic     best 1.000 mean 0.491 best-dist 1.86 m
gen 162 conventional best 1.000 mean 0.564 best-dist 1.55 m
gen 162 took 28.6s
gen 163 holistic     best 1.000 mean 0.675 best-dist 1.69 m
WARNING: Nan, Inf or huge value in QACC at DOF 3. The simulation is unstable. Time = 4.7700.

gen 163 conventional best 1.000 mean 0.404 best-dist 1.50 m
gen 163 took 27.5s
gen 164 holistic     best 1.000 mean 0.525 best-dist 2.13 m
gen 164 conventional best 1.000 mean 0.592 best-dist 2.00 m
gen 164 took 27.2s
gen 165 holistic     best 1.000 mean 0.647 best-dist 1.50 m
gen 165 conventional best 0.937 mean 0.397 best-dist 0.21 m
gen 165 champions (roundrobin): holistic mean fitness 0.239, wins 8-40 of 50
gen 165 took 62.8s
gen 166 holistic     best 1.000 mean 0.524 best-dist 2.18 m
gen 166 conventional best 0.922 mean 0.370 best-dist 0.30 m
gen 166 took 27.7s
gen 167 holistic     best 1.000 mean 0.242 best-dist 1.51 m
gen 167 conventional best 1.000 mean 0.368 best-dist 0.93 m
gen 167 took 23.4s
WARNING: Nan, Inf or huge value in QACC at DOF 24. The simulation is unstable. Time = 8.3200.

gen 168 holistic     best 1.000 mean 0.375 best-dist 1.31 m
gen 168 conventional best 0.969 mean 0.674 best-dist 0.39 m
gen 168 took 25.7s
gen 169 holistic     best 1.000 mean 0.620 best-dist 1.23 m
gen 169 conventional best 0.963 mean 0.646 best-dist 0.62 m
gen 169 took 27.0s
gen 170 holistic     best 1.000 mean 0.591 best-dist 1.74 m
gen 170 conventional best 0.864 mean 0.399 best-dist 0.83 m
gen 170 champions (roundrobin): holistic mean fitness 0.023, wins 0-50 of 50
gen 170 took 60.5s
gen 171 holistic     best 1.000 mean 0.354 best-dist 1.64 m
gen 171 conventional best 0.868 mean 0.374 best-dist 0.25 m
gen 171 took 27.0s
gen 172 holistic     best 1.000 mean 0.445 best-dist 0.60 m
gen 172 conventional best 0.707 mean 0.483 best-dist 1.56 m
gen 172 took 26.8s
gen 173 holistic     best 1.000 mean 0.727 best-dist 1.20 m
gen 173 conventional best 1.000 mean 0.473 best-dist 3.12 m
gen 173 took 25.3s
gen 174 holistic     best 1.000 mean 0.537 best-dist 1.47 m
gen 174 conventional best 1.000 mean 0.598 best-dist 1.65 m
gen 174 took 24.0s
gen 175 holistic     best 0.993 mean 0.101 best-dist 1.25 m
gen 175 conventional best 0.934 mean 0.534 best-dist 0.82 m
gen 175 champions (roundrobin): holistic mean fitness 0.052, wins 0-50 of 50
gen 175 took 51.3s
gen 176 holistic     best 0.642 mean 0.102 best-dist 1.66 m
gen 176 conventional best 0.976 mean 0.376 best-dist 0.10 m
gen 176 took 23.4s
WARNING: Nan, Inf or huge value in QACC at DOF 13. The simulation is unstable. Time = 13.5650.

gen 177 holistic     best 0.683 mean 0.111 best-dist 0.75 m
WARNING: Nan, Inf or huge value in QACC at DOF 10. The simulation is unstable. Time = 12.4900.

gen 177 conventional best 0.664 mean 0.224 best-dist 1.02 m
gen 177 took 23.4s
gen 178 holistic     best 1.000 mean 0.359 best-dist 1.95 m
gen 178 conventional best 0.714 mean 0.349 best-dist 0.91 m
gen 178 took 23.0s
gen 179 holistic     best 0.960 mean 0.496 best-dist 1.53 m
gen 179 conventional best 0.928 mean 0.383 best-dist 0.38 m
gen 179 took 23.8s
gen 180 holistic     best 1.000 mean 0.564 best-dist 1.90 m
gen 180 conventional best 0.945 mean 0.495 best-dist 0.12 m
gen 180 champions (roundrobin): holistic mean fitness 0.143, wins 6-44 of 50
gen 180 took 49.5s
gen 181 holistic     best 1.000 mean 0.511 best-dist 1.57 m
gen 181 conventional best 1.000 mean 0.456 best-dist 0.34 m
gen 181 took 21.9s
gen 182 holistic     best 1.000 mean 0.214 best-dist 1.44 m
gen 182 conventional best 1.000 mean 0.512 best-dist 1.12 m
gen 182 took 23.6s
gen 183 holistic     best 1.000 mean 0.427 best-dist 2.01 m
WARNING: Nan, Inf or huge value in QACC at DOF 10. The simulation is unstable. Time = 3.3250.

WARNING: Nan, Inf or huge value in QACC at DOF 13. The simulation is unstable. Time = 7.1550.

gen 183 conventional best 1.000 mean 0.417 best-dist 1.22 m
gen 183 took 22.3s
gen 184 holistic     best 1.000 mean 0.468 best-dist 1.26 m
gen 184 conventional best 1.000 mean 0.537 best-dist 1.55 m
gen 184 took 23.6s
gen 185 holistic     best 1.000 mean 0.410 best-dist 1.92 m
WARNING: Nan, Inf or huge value in QACC at DOF 11. The simulation is unstable. Time = 11.1350.

gen 185 conventional best 1.000 mean 0.547 best-dist 0.50 m
WARNING: Nan, Inf or huge value in QACC at DOF 19. The simulation is unstable. Time = 4.6650.

gen 185 champions (roundrobin): holistic mean fitness 0.267, wins 10-38 of 50
gen 185 took 51.8s
gen 186 holistic     best 0.992 mean 0.465 best-dist 0.57 m
gen 186 conventional best 1.000 mean 0.442 best-dist 1.65 m
gen 186 took 24.0s
gen 187 holistic     best 1.000 mean 0.339 best-dist 1.54 m
gen 187 conventional best 1.000 mean 0.590 best-dist 1.00 m
gen 187 took 27.1s
gen 188 holistic     best 1.000 mean 0.458 best-dist 1.64 m
gen 188 conventional best 0.995 mean 0.365 best-dist 0.39 m
gen 188 took 23.1s
gen 189 holistic     best 1.000 mean 0.210 best-dist 1.77 m
gen 189 conventional best 0.955 mean 0.300 best-dist 0.46 m
gen 189 took 20.2s
gen 190 holistic     best 1.000 mean 0.377 best-dist 2.46 m
gen 190 conventional best 0.994 mean 0.423 best-dist 0.24 m
gen 190 champions (roundrobin): holistic mean fitness 0.127, wins 3-44 of 50
gen 190 took 51.5s
gen 191 holistic     best 1.000 mean 0.561 best-dist 1.74 m
WARNING: Nan, Inf or huge value in QACC at DOF 10. The simulation is unstable. Time = 3.4000.

WARNING: Nan, Inf or huge value in QACC at DOF 10. The simulation is unstable. Time = 4.7550.

gen 191 conventional best 1.000 mean 0.640 best-dist 0.42 m
gen 191 took 20.4s
gen 192 holistic     best 0.978 mean 0.319 best-dist 2.04 m
gen 192 conventional best 0.959 mean 0.597 best-dist 0.23 m
gen 192 took 21.9s
gen 193 holistic     best 0.791 mean 0.118 best-dist 1.11 m
gen 193 conventional best 0.671 mean 0.372 best-dist 0.53 m
gen 193 took 26.9s
gen 194 holistic     best 1.000 mean 0.500 best-dist 2.22 m
gen 194 conventional best 0.966 mean 0.485 best-dist 0.11 m
gen 194 took 23.0s
gen 195 holistic     best 1.000 mean 0.632 best-dist 1.56 m
gen 195 conventional best 0.953 mean 0.477 best-dist 0.45 m
gen 195 champions (roundrobin): holistic mean fitness 0.004, wins 0-50 of 50
gen 195 took 51.0s
gen 196 holistic     best 0.963 mean 0.319 best-dist 1.37 m
WARNING: Nan, Inf or huge value in QACC at DOF 10. The simulation is unstable. Time = 5.5500.

WARNING: Nan, Inf or huge value in QACC at DOF 10. The simulation is unstable. Time = 5.1900.

WARNING: Nan, Inf or huge value in QACC at DOF 10. The simulation is unstable. Time = 7.9550.

gen 196 conventional best 1.000 mean 0.532 best-dist 1.67 m
gen 196 took 21.9s
gen 197 holistic     best 0.960 mean 0.355 best-dist 2.17 m
gen 197 conventional best 1.000 mean 0.875 best-dist 0.79 m
gen 197 took 21.6s
gen 198 holistic     best 1.000 mean 0.750 best-dist 2.29 m
gen 198 conventional best 0.933 mean 0.504 best-dist 0.19 m
gen 198 took 18.8s
WARNING: Nan, Inf or huge value in QACC at DOF 0. The simulation is unstable. Time = 0.3000.

gen 199 holistic     best 1.000 mean 0.673 best-dist 1.72 m
gen 199 conventional best 0.970 mean 0.457 best-dist 0.41 m
gen 199 champions (roundrobin): holistic mean fitness 0.112, wins 4-44 of 50
gen 199 took 49.8s
final champion bouts: holistic mean fitness 0.112 (4-44 of 50)
