gen   0 holistic     best 1.000 mean 0.632 best-dist 5.22 m
gen   0 conventional best 1.000 mean 0.525 best-dist 1.23 m
gen   0 champions (roundrobin): holistic mean fitness 0.481, wins 12-16 of 50
gen   0 took 25.7s
WARNING: Nan, Inf or huge value in QACC at DOF 0. The simulation is unstable. Time = 14.3100.

gen   1 holistic     best 1.000 mean 0.425 best-dist 1.62 m
gen   1 conventional best 1.000 mean 0.600 best-dist 1.13 m
gen   1 took 12.7s
gen   2 holistic     best 1.000 mean 0.700 best-dist 1.87 m
gen   2 conventional best 1.000 mean 0.573 best-dist 1.62 m
gen   2 took 10.7s
gen   3 holistic     best 1.000 mean 0.331 best-dist 2.07 m
gen   3 conventional best 1.000 mean 0.399 best-dist 0.70 m
gen   3 took 10.1s
gen   4 holistic     best 1.000 mean 0.375 best-dist 1.48 m
gen   4 conventional best 0.781 mean 0.285 best-dist 0.58 m
gen   4 took 9.9s
gen   5 holistic     best 1.000 mean 0.490 best-dist 1.88 m
gen   5 conventional best 0.979 mean 0.396 best-dist 1.45 m
gen   5 champions (roundrobin): holistic mean fitness 0.048, wins 2-48 of 50
gen   5 took 21.8s
gen   6 holistic     best 0.938 mean 0.243 best-dist 1.42 m
WARNING: Nan, Inf or huge value in QACC at DOF 0. The simulation is unstable. Time = 4.8650.

gen   6 conventional best 0.940 mean 0.244 best-dist 0.33 m
gen   6 took 10.0s
gen   7 holistic     best 1.000 mean 0.162 best-dist 1.96 m
gen   7 conventional best 0.920 mean 0.447 best-dist 0.19 m
gen   7 took 10.4s
gen   8 holistic     best 1.000 mean 0.675 best-dist 1.32 m
gen   8 conventional best 1.000 mean 0.617 best-dist 0.84 m
gen   8 took 11.0s
gen   9 holistic     best 1.000 mean 0.335 best-dist 2.46 m
gen   9 conventional best 1.000 mean 0.707 best-dist 1.93 m
gen   9 took 10.9s
gen  10 holistic     best 0.956 mean 0.329 best-dist 0.70 m
WARNING: Nan, Inf or huge value in QACC at DOF 10. The simulation is unstable. Time = 12.6350.

gen  10 conventional best 1.000 mean 0.293 best-dist 1.59 m
WARNING: Nan, Inf or huge value in QACC at DOF 3. The simulation is unstable. Time = 9.3550.

WARNING: Nan, Inf or huge value in QACC at DOF 6. The simulation is unstable. Time = 13.8950.

gen  10 champions (roundrobin): holistic mean fitness 0.305, wins 9-30 of 50
gen  10 took 25.1s
gen  11 holistic     best 1.000 mean 0.625 best-dist 1.59 m
gen  11 conventional best 0.955 mean 0.340 best-dist 0.24 m
gen  11 took 11.2s
gen  12 holistic     best 1.000 mean 0.444 best-dist 2.07 m
gen  12 conventional best 0.908 mean 0.258 best-dist 0.25 m
gen  12 took 10.5s
gen  13 holistic     best 1.000 mean 0.323 best-dist 2.34 m
gen  13 conventional best 0.916 mean 0.412 best-dist 0.18 m
gen  13 took 9.8s
gen  14 holistic     best 0.987 mean 0.185 best-dist 1.72 m
gen  14 conventional best 1.000 mean 0.400 best-dist 0.89 m
gen  14 took 12.0s
gen  15 holistic     best 1.000 mean 0.575 best-dist 2.09 m
gen  15 conventional best 0.919 mean 0.511 best-dist 0.40 m
gen  15 champions (roundrobin): holistic mean fitness 0.024, wins 0-50 of 50
gen  15 took 27.6s
gen  16 holistic     best 1.000 mean 0.675 best-dist 2.14 m
gen  16 conventional best 1.000 mean 0.371 best-dist 1.22 m
gen  16 took 11.5s
gen  17 holistic     best 1.000 mean 0.379 best-dist 2.11 m
WARNING: Nan, Inf or huge value in QACC at DOF 0. The simulation is unstable. Time = 9.4400.

gen  17 conventional best 1.000 mean 0.453 best-dist 2.24 m
gen  17 took 13.9s
gen  18 holistic     best 0.935 mean 0.266 best-dist 1.86 m
gen  18 conventional best 0.937 mean 0.357 best-dist 0.30 m
gen  18 took 13.5s
gen  19 holistic     best 1.000 mean 0.304 best-dist 1.75 m
gen  19 conventional best 0.653 mean 0.241 best-dist 0.90 m
gen  19 took 14.1s
gen  20 holistic     best 1.000 mean 0.379 best-dist 1.43 m
gen  20 conventional best 0.940 mean 0.463 best-dist 0.20 m
gen  20 champions (roundrobin): holistic mean fitness 0.101, wins 2-47 of 50
gen  20 took 33.2s
gen  21 holistic     best 1.000 mean 0.604 best-dist 1.66 m
gen  21 conventional best 1.000 mean 0.750 best-dist 0.41 m
gen  21 took 15.2s
WARNING: Nan, Inf or huge value in QACC at DOF 0. The simulation is unstable. Time = 13.0800.

gen  22 holistic     best 1.000 mean 0.428 best-dist 1.94 m
gen  22 conventional best 1.000 mean 0.729 best-dist 1.28 m
gen  22 took 13.6s
gen  23 holistic     best 1.000 mean 0.271 best-dist 2.35 m
gen  23 conventional best 1.000 mean 0.800 best-dist 1.20 m
gen  23 took 16.5s
gen  24 holistic     best 1.000 mean 0.528 best-dist 1.98 m
gen  24 conventional best 0.960 mean 0.410 best-dist 2.33 m
gen  24 took 16.9s
gen  25 holistic     best 0.971 mean 0.230 best-dist 1.65 m
gen  25 conventional best 1.000 mean 0.391 best-dist 1.04 m
gen  25 champions (roundrobin): holistic mean fitness 0.178, wins 5-45 of 50
gen  25 took 34.3s
gen  26 holistic     best 1.000 mean 0.675 best-dist 2.09 m
gen  26 conventional best 0.955 mean 0.498 best-dist 0.32 m
gen  26 took 15.8s
gen  27 holistic     best 1.000 mean 0.477 best-dist 2.45 m
gen  27 conventional best 1.000 mean 0.489 best-dist 17.40 m
gen  27 took 16.3s
gen  28 holistic     best 1.000 mean 0.495 best-dist 2.35 m
gen  28 conventional best 1.000 mean 0.601 best-dist 1.63 m
gen  28 took 14.4s
gen  29 holistic     best 1.000 mean 0.358 best-dist 2.00 m
WARNING: Nan, Inf or huge value in QACC at DOF 13. The simulation is unstable. Time = 3.5800.

WARNING: Nan, Inf or huge value in QACC at DOF 12. The simulation is unstable. Time = 3.6300.

gen  29 conventional best 1.000 mean 0.396 best-dist 1.83 m
gen  29 took 15.1s
gen  30 holistic     best 1.000 mean 0.582 best-dist 1.87 m
gen  30 conventional best 1.000 mean 0.312 best-dist 0.98 m
gen  30 champions (roundrobin): holistic mean fitness 0.159, wins 4-44 of 50
gen  30 took 39.6s
gen  31 holistic     best 1.000 mean 0.725 best-dist 2.08 m
gen  31 conventional best 0.927 mean 0.524 best-dist 0.29 m
gen  31 took 13.5s
gen  32 holistic     best 1.000 mean 0.433 best-dist 2.44 m
gen  32 conventional best 0.982 mean 0.552 best-dist 0.22 m
gen  32 took 15.9s
gen  33 holistic     best 1.000 mean 0.364 best-dist 1.98 m
gen  33 conventional best 0.910 mean 0.395 best-dist 1.50 m
gen  33 took 16.6s
gen  34 holistic     best 1.000 mean 0.509 best-dist 2.35 m
gen  34 conventional best 0.913 mean 0.434 best-dist 0.35 m
gen  34 took 19.0s
gen  35 holistic     best 1.000 mean 0.563 best-dist 1.52 m
gen  35 conventional best 0.963 mean 0.275 best-dist 0.37 m
gen  35 champions (roundrobin): holistic mean fitness 0.151, wins 4-44 of 50
gen  35 took 34.5s
gen  36 holistic     best 1.000 mean 0.197 best-dist 2.28 m
gen  36 conventional best 0.950 mean 0.568 best-dist 0.25 m
gen  36 took 15.3s
gen  37 holistic     best 1.000 mean 0.506 best-dist 2.01 m
gen  37 conventional best 0.939 mean 0.349 best-dist 0.29 m
gen  37 took 15.4s
gen  38 holistic     best 1.000 mean 0.491 best-dist 2.15 m
gen  38 conventional best 0.946 mean 0.275 best-dist 0.17 m
gen  38 took 17.8s
gen  39 holistic     best 1.000 mean 0.450 best-dist 1.53 m
gen  39 conventional best 0.941 mean 0.162 best-dist 0.17 m
gen  39 took 12.2s
gen  40 holistic     best 1.000 mean 0.724 best-dist 1.67 m
gen  40 conventional best 0.963 mean 0.334 best-dist 0.15 m
gen  40 champions (roundrobin): holistic mean fitness 0.080, wins 1-47 of 50
gen  40 took 38.0s
gen  41 holistic     best 1.000 mean 0.287 best-dist 1.85 m
gen  41 conventional best 0.954 mean 0.309 best-dist 0.27 m
gen  41 took 17.7s
gen  42 holistic     best 0.697 mean 0.172 best-dist 1.40 m
gen  42 conventional best 0.945 mean 0.496 best-dist 0.25 m
gen  42 took 17.6s
gen  43 holistic     best 1.000 mean 0.401 best-dist 1.51 m
gen  43 conventional best 0.937 mean 0.484 best-dist 0.20 m
gen  43 took 18.8s
gen  44 holistic     best 0.907 mean 0.383 best-dist 2.20 m
gen  44 conventional best 0.933 mean 0.253 best-dist 0.32 m
gen  44 took 17.0s
gen  45 holistic     best 1.000 mean 0.750 best-dist 2.38 m
gen  45 conventional best 1.000 mean 0.527 best-dist 1.27 m
gen  45 champions (roundrobin): holistic mean fitness 0.173, wins 6-44 of 50
gen  45 took 33.4s
gen  46 holistic     best 1.000 mean 0.750 best-dist 2.25 m
gen  46 conventional best 1.000 mean 0.615 best-dist 1.84 m
gen  46 took 14.3s
gen  47 holistic     best 1.000 mean 0.700 best-dist 1.64 m
gen  47 conventional best 0.970 mean 0.310 best-dist 0.32 m
gen  47 took 15.8s
gen  48 holistic     best 0.873 mean 0.341 best-dist 1.81 m
gen  48 conventional best 0.956 mean 0.231 best-dist 0.28 m
gen  48 took 13.0s
gen  49 holistic     best 1.000 mean 0.327 best-dist 1.77 m
WARNING: Nan, Inf or huge value in QACC at DOF 12. The simulation is unstable. Time = 8.8450.

WARNING: Nan, Inf or huge value in QACC at DOF 3. The simulation is unstable. Time = 6.4550.

WARNING: Nan, Inf or huge value in QACC at DOF 11. The simulation is unstable. Time = 6.8300.

gen  49 conventional best 1.000 mean 0.376 best-dist 0.99 m
gen  49 took 11.2s
gen  50 holistic     best 1.000 mean 0.456 best-dist 2.02 m
gen  50 conventional best 1.000 mean 0.583 best-dist 1.03 m
gen  50 champions (roundrobin): holistic mean fitness 0.094, wins 1-49 of 50
gen  50 took 29.8s
gen  51 holistic     best 0.999 mean 0.395 best-dist 1.90 m
gen  51 conventional best 0.960 mean 0.372 best-dist 0.08 m
gen  51 took 12.7s
gen  52 holistic     best 1.000 mean 0.363 best-dist 1.94 m
gen  52 conventional best 1.000 mean 0.295 best-dist 1.32 m
gen  52 took 28.2s
gen  53 holistic     best 1.000 mean 0.600 best-dist 1.33 m
gen  53 conventional best 0.912 mean 0.349 best-dist 0.52 m
gen  53 took 28.1s
gen  54 holistic     best 1.000 mean 0.438 best-dist 2.20 m
gen  54 conventional best 0.954 mean 0.431 best-dist 0.27 m
gen  54 took 21.9s
gen  55 holistic     best 1.000 mean 0.488 best-dist 1.75 m
gen  55 conventional best 0.763 mean 0.423 best-dist 1.21 m
gen  55 champions (roundrobin): holistic mean fitness 0.168, wins 8-42 of 50
gen  55 took 47.3s
gen  56 holistic     best 1.000 mean 0.750 best-dist 1.94 m
gen  56 conventional best 0.976 mean 0.346 best-dist 0.19 m
gen  56 took 21.4s
gen  57 holistic     best 0.990 mean 0.233 best-dist 1.64 m
WARNING: Nan, Inf or huge value in QACC at DOF 0. The simulation is unstable. Time = 4.4800.

WARNING: Nan, Inf or huge value in QACC at DOF 0. The simulation is unstable. Time = 2.7900.

gen  57 conventional best 1.000 mean 0.524 best-dist 0.20 m
gen  57 took 19.9s
gen  58 holistic     best 1.000 mean 0.272 best-dist 2.07 m
gen  58 conventional best 0.935 mean 0.503 best-dist 0.32 m
gen  58 took 21.5s
gen  59 holistic     best 1.000 mean 0.532 best-dist 1.46 m
gen  59 conventional best 0.965 mean 0.563 best-dist 0.41 m
gen  59 took 23.3s
gen  60 holistic     best 1.000 mean 0.248 best-dist 1.84 m
gen  60 conventional best 0.631 mean 0.320 best-dist 0.54 m
gen  60 champions (roundrobin): holistic mean fitness 0.007, wins 0-50 of 50
gen  60 took 45.5s
gen  61 holistic     best 1.000 mean 0.271 best-dist 1.66 m
gen  61 conventional best 1.000 mean 0.491 best-dist 0.82 m
gen  61 took 19.8s
gen  62 holistic     best 1.000 mean 0.650 best-dist 2.00 m
gen  62 conventional best 0.949 mean 0.549 best-dist 0.24 m
gen  62 took 18.7s
gen  63 holistic     best 1.000 mean 0.371 best-dist 1.47 m
gen  63 conventional best 0.969 mean 0.470 best-dist 0.10 m
gen  63 took 19.2s
gen  64 holistic     best 1.000 mean 0.556 best-dist 1.58 m
gen  64 conventional best 1.000 mean 0.331 best-dist 0.73 m
gen  64 took 20.0s
gen  65 holistic     best 0.986 mean 0.188 best-dist 1.53 m
gen  65 conventional best 1.000 mean 0.412 best-dist 1.53 m
gen  65 champions (roundrobin): holistic mean fitness 0.332, wins 17-33 of 50
gen  65 took 43.7s
gen  66 holistic     best 1.000 mean 0.372 best-dist 2.22 m
gen  66 conventional best 1.000 mean 0.800 best-dist 1.36 m
gen  66 took 19.2s
gen  67 holistic     best 1.000 mean 0.626 best-dist 1.89 m
gen  67 conventional best 1.000 mean 0.574 best-dist 1.90 m
gen  67 took 18.4s
gen  68 holistic     best 1.000 mean 0.725 best-dist 1.65 m
gen  68 conventional best 0.966 mean 0.452 best-dist 0.27 m
gen  68 took 17.8s
WARNING: Nan, Inf or huge value in QACC at DOF 0. The simulation is unstable. Time = 13.6750.

gen  69 holistic     best 1.000 mean 0.518 best-dist 1.48 m
gen  69 conventional best 0.913 mean 0.311 best-dist 0.33 m
gen  69 took 26.7s
gen  70 holistic     best 1.000 mean 0.625 best-dist 2.11 m
gen  70 conventional best 0.931 mean 0.487 best-dist 0.59 m
gen  70 champions (roundrobin): holistic mean fitness 0.067, wins 1-46 of 50
gen  70 took 48.6s
gen  71 holistic     best 1.000 mean 0.593 best-dist 1.60 m
gen  71 conventional best 1.000 mean 0.364 best-dist 0.30 m
gen  71 took 22.2s
gen  72 holistic     best 1.000 mean 0.619 best-dist 1.53 m
gen  72 conventional best 1.000 mean 0.560 best-dist 0.35 m
gen  72 took 21.2s
gen  73 holistic     best 1.000 mean 0.650 best-dist 1.40 m
gen  73 conventional best 1.000 mean 0.446 best-dist 0.40 m
gen  73 took 20.7s
gen  74 holistic     best 1.000 mean 0.419 best-dist 1.59 m
gen  74 conventional best 1.000 mean 0.504 best-dist 0.45 m
gen  74 took 19.0s
gen  75 holistic     best 0.969 mean 0.302 best-dist 1.57 m
gen  75 conventional best 0.994 mean 0.468 best-dist 0.43 m
gen  75 champions (roundrobin): holistic mean fitness 0.229, wins 9-36 of 50
gen  75 took 40.4s
gen  76 holistic     best 1.000 mean 0.681 best-dist 2.10 m
gen  76 conventional best 0.930 mean 0.449 best-dist 0.29 m
gen  76 took 14.5s
gen  77 holistic     best 1.000 mean 0.521 best-dist 2.06 m
gen  77 conventional best 0.935 mean 0.268 best-dist 0.07 m
gen  77 took 22.6s
gen  78 holistic     best 0.899 mean 0.282 best-dist 1.54 m
gen  78 conventional best 1.000 mean 0.305 best-dist 0.23 m
gen  78 took 18.5s
gen  79 holistic     best 1.000 mean 0.529 best-dist 0.92 m
gen  79 conventional best 1.000 mean 0.571 best-dist 0.59 m
gen  79 took 13.0s
gen  80 holistic     best 1.000 mean 0.677 best-dist 1.54 m
gen  80 conventional best 1.000 mean 0.497 best-dist 1.43 m
gen  80 champions (roundrobin): holistic mean fitness 0.187, wins 7-38 of 50
gen  80 took 29.5s
gen  81 holistic     best 1.000 mean 0.495 best-dist 1.52 m
gen  81 conventional best 1.000 mean 0.424 best-dist 1.60 m
gen  81 took 13.1s
gen  82 holistic     best 0.982 mean 0.124 best-dist 1.65 m
gen  82 conventional best 1.000 mean 0.480 best-dist 0.35 m
gen  82 took 13.4s
gen  83 holistic     best 1.000 mean 0.546 best-dist 1.71 m
gen  83 conventional best 1.000 mean 0.301 best-dist 0.58 m
gen  83 took 10.7s
WARNING: Nan, Inf or huge value in QACC at DOF 27. The simulation is unstable. Time = 0.6100.

gen  84 holistic     best 1.000 mean 0.561 best-dist 2.41 m
gen  84 conventional best 0.992 mean 0.309 best-dist 0.27 m
gen  84 took 10.7s
gen  85 holistic     best 0.676 mean 0.210 best-dist 1.98 m
gen  85 conventional best 0.947 mean 0.354 best-dist 0.02 m
gen  85 champions (roundrobin): holistic mean fitness 0.119, wins 0-50 of 50
gen  85 took 28.8s
WARNING: Nan, Inf or huge value in QACC at DOF 7. The simulation is unstable. Time = 0.1250.

gen  86 holistic     best 1.000 mean 0.536 best-dist 1.89 m
gen  86 conventional best 0.667 mean 0.188 best-dist 0.21 m
gen  86 took 12.7s
gen  87 holistic     best 0.848 mean 0.383 best-dist 0.91 m
gen  87 conventional best 1.000 mean 0.447 best-dist 0.58 m
gen  87 took 12.4s
gen  88 holistic     best 1.000 mean 0.290 best-dist 1.78 m
gen  88 conventional best 1.000 mean 0.392 best-dist 1.36 m
gen  88 took 11.9s
gen  89 holistic     best 1.000 mean 0.576 best-dist 1.59 m
gen  89 conventional best 1.000 mean 0.385 best-dist 0.04 m
gen  89 took 13.5s
gen  90 holistic     best 0.954 mean 0.150 best-dist 1.66 m
gen  90 conventional best 0.900 mean 0.272 best-dist 0.68 m
gen  90 champions (roundrobin): holistic mean fitness 0.166, wins 6-43 of 50
gen  90 took 29.5s
gen  91 holistic     best 1.000 mean 0.544 best-dist 1.96 m
gen  91 conventional best 1.000 mean 0.391 best-dist 0.71 m
gen  91 took 14.1s
gen  92 holistic     best 1.000 mean 0.750 best-dist 1.63 m
gen  92 conventional best 0.965 mean 0.356 best-dist 0.14 m
gen  92 took 14.6s
gen  93 holistic     best 1.000 mean 0.512 best-dist 2.21 m
gen  93 conventional best 0.773 mean 0.330 best-dist 1.26 m
gen  93 took 13.3s
gen  94 holistic     best 0.893 mean 0.298 best-dist 1.48 m
gen  94 conventional best 1.000 mean 0.440 best-dist 0.23 m
gen  94 took 14.2s
gen  95 holistic     best 1.000 mean 0.359 best-dist 2.12 m
gen  95 conventional best 1.000 mean 0.540 best-dist 1.48 m
gen  95 champions (roundrobin): holistic mean fitness 0.084, wins 2-46 of 50
gen  95 took 28.9s
gen  96 holistic     best 1.000 mean 0.675 best-dist 1.88 m
gen  96 conventional best 0.941 mean 0.382 best-dist 0.08 m
gen  96 took 13.7s
gen  97 holistic     best 1.000 mean 0.523 best-dist 1.43 m
gen  97 conventional best 0.976 mean 0.483 best-dist 0.43 m
gen  97 took 16.4s
gen  98 holistic     best 0.945 mean 0.280 best-dist 1.84 m
gen  98 conventional best 0.934 mean 0.534 best-dist 0.15 m
gen  98 took 16.1s
gen  99 holistic     best 1.000 mean 0.406 best-dist 1.60 m
gen  99 conventional best 0.977 mean 0.537 best-dist 0.09 m
gen  99 took 16.5s
gen 100 holistic     best 0.999 mean 0.498 best-dist 1.72 m
gen 100 conventional best 0.570 mean 0.266 best-dist 0.39 m
gen 100 champions (roundrobin): holistic mean fitness 0.006, wins 0-50 of 50
gen 100 took 34.9s
gen 101 holistic     best 1.000 mean 0.157 best-dist 1.14 m
gen 101 conventional best 0.869 mean 0.248 best-dist 0.74 m
gen 101 took 12.2s
gen 102 holistic     best 1.000 mean 0.575 best-dist 2.09 m
gen 102 conventional best 0.970 mean 0.479 best-dist 0.11 m
gen 102 took 13.2s
gen 103 holistic     best 1.000 mean 0.388 best-dist 2.26 m
gen 103 conventional best 0.965 mean 0.562 best-dist 0.14 m
gen 103 took 14.1s
gen 104 holistic     best 1.000 mean 0.710 best-dist 0.62 m
gen 104 conventional best 0.961 mean 0.485 best-dist 0.09 m
gen 104 took 12.5s
gen 105 holistic     best 1.000 mean 0.473 best-dist 1.69 m
gen 105 conventional best 1.000 mean 0.344 best-dist 0.35 m
gen 105 champions (roundrobin): holistic mean fitness 0.018, wins 0-49 of 50
gen 105 took 25.2s
gen 106 holistic     best 1.000 mean 0.625 best-dist 1.68 m
gen 106 conventional best 0.912 mean 0.442 best-dist 0.07 m
gen 106 took 10.8s
gen 107 holistic     best 1.000 mean 0.650 best-dist 1.95 m
gen 107 conventional best 0.909 mean 0.373 best-dist 0.51 m
gen 107 took 10.2s
gen 108 holistic     best 1.000 mean 0.675 best-dist 1.45 m
gen 108 conventional best 0.976 mean 0.332 best-dist 0.14 m
gen 108 took 10.8s
gen 109 holistic     best 1.000 mean 0.406 best-dist 1.96 m
WARNING: Nan, Inf or huge value in QACC at DOF 0. The simulation is unstable. Time = 7.8250.

gen 109 conventional best 0.965 mean 0.428 best-dist 0.41 m
gen 109 took 11.8s
gen 110 holistic     best 1.000 mean 0.308 best-dist 1.76 m
gen 110 conventional best 0.934 mean 0.331 best-dist 0.03 m
WARNING: Nan, Inf or huge value in QACC at DOF 0. The simulation is unstable. Time = 10.9800.

gen 110 champions (roundrobin): holistic mean fitness 0.115, wins 2-48 of 50
gen 110 took 31.2s
gen 111 holistic     best 0.921 mean 0.477 best-dist 1.02 m
gen 111 conventional best 0.899 mean 0.300 best-dist 0.13 m
gen 111 took 13.1s
gen 112 holistic     best 1.000 mean 0.503 best-dist 1.17 m
gen 112 conventional best 0.955 mean 0.242 best-dist 0.91 m
gen 112 took 15.2s
gen 113 holistic     best 1.000 mean 0.288 best-dist 1.72 m
gen 113 conventional best 0.941 mean 0.440 best-dist 0.47 m
gen 113 took 15.9s
gen 114 holistic     best 1.000 mean 0.561 best-dist 2.14 m
WARNING: Nan, Inf or huge value in QACC at DOF 10. The simulation is unstable. Time = 7.3400.

gen 114 conventional best 0.950 mean 0.393 best-dist 0.09 m
gen 114 took 14.6s
gen 115 holistic     best 1.000 mean 0.489 best-dist 2.20 m
gen 115 conventional best 0.963 mean 0.463 best-dist 0.17 m
gen 115 champions (roundrobin): holistic mean fitness 0.022, wins 0-50 of 50
gen 115 took 42.4s
gen 116 holistic     best 1.000 mean 0.219 best-dist 1.82 m
gen 116 conventional best 0.947 mean 0.428 best-dist 0.31 m
gen 116 took 18.9s
gen 117 holistic     best 1.000 mean 0.541 best-dist 2.29 m
gen 117 conventional best 0.744 mean 0.356 best-dist 1.09 m
gen 117 took 19.5s
gen 118 holistic     best 1.000 mean 0.389 best-dist 1.36 m
gen 118 conventional best 0.955 mean 0.581 best-dist 0.17 m
gen 118 took 18.5s
gen 119 holistic     best 1.000 mean 0.294 best-dist 2.35 m
gen 119 conventional best 0.756 mean 0.192 best-dist 0.92 m
gen 119 took 19.1s
gen 120 holistic     best 1.000 mean 0.462 best-dist 2.36 m
gen 120 conventional best 0.920 mean 0.366 best-dist 0.23 m
gen 120 champions (roundrobin): holistic mean fitness 0.024, wins 0-50 of 50
gen 120 took 38.3s
gen 121 holistic     best 1.000 mean 0.194 best-dist 1.53 m
gen 121 conventional best 0.654 mean 0.244 best-dist 0.39 m
gen 121 took 14.0s
gen 122 holistic     best 1.000 mean 0.496 best-dist 2.03 m
gen 122 conventional best 0.932 mean 0.382 best-dist 1.07 m
gen 122 took 13.3s
gen 123 holistic     best 1.000 mean 0.675 best-dist 1.74 m
gen 123 conventional best 0.978 mean 0.599 best-dist 0.27 m
gen 123 took 13.8s
gen 124 holistic     best 1.000 mean 0.429 best-dist 1.75 m
gen 124 conventional best 0.911 mean 0.354 best-dist 0.19 m
gen 124 took 18.4s
gen 125 holistic     best 1.000 mean 0.775 best-dist 1.16 m
gen 125 conventional best 1.000 mean 0.322 best-dist 0.74 m
gen 125 champions (roundrobin): holistic mean fitness 0.161, wins 6-43 of 50
gen 125 took 44.4s
gen 126 holistic     best 0.614 mean 0.163 best-dist 1.31 m
gen 126 conventional best 0.964 mean 0.456 best-dist 0.15 m
gen 126 took 14.2s
gen 127 holistic     best 1.000 mean 0.725 best-dist 1.88 m
gen 127 conventional best 0.953 mean 0.475 best-dist 0.14 m
gen 127 took 15.5s
gen 128 holistic     best 1.000 mean 0.601 best-dist 1.77 m
gen 128 conventional best 0.968 mean 0.464 best-dist 0.15 m
gen 128 took 13.7s
gen 129 holistic     best 1.000 mean 0.435 best-dist 1.56 m
gen 129 conventional best 0.966 mean 0.492 best-dist 0.34 m
gen 129 took 18.6s
gen 130 holistic     best 1.000 mean 0.521 best-dist 2.36 m
WARNING: Nan, Inf or huge value in QACC at DOF 11. The simulation is unstable. Time = 9.3250.

gen 130 conventional best 0.869 mean 0.339 best-dist 0.63 m
WARNING: Nan, Inf or huge value in QACC at DOF 3. The simulation is unstable. Time = 8.8150.

gen 130 champions (roundrobin): holistic mean fitness 0.034, wins 1-49 of 50
gen 130 took 34.4s
gen 131 holistic     best 0.977 mean 0.293 best-dist 1.11 m
gen 131 conventional best 0.700 mean 0.365 best-dist 0.25 m
gen 131 took 20.8s
gen 132 holistic     best 1.000 mean 0.593 best-dist 1.87 m
gen 132 conventional best 0.623 mean 0.373 best-dist 0.37 m
gen 132 took 18.5s
gen 133 holistic     best 1.000 mean 0.875 best-dist 2.09 m
gen 133 conventional best 0.936 mean 0.351 best-dist 0.20 m
gen 133 took 19.6s
gen 134 holistic     best 1.000 mean 0.503 best-dist 2.12 m
WARNING: Nan, Inf or huge value in QACC at DOF 10. The simulation is unstable. Time = 2.8600.

gen 134 conventional best 0.916 mean 0.288 best-dist 0.31 m
gen 134 took 22.1s
gen 135 holistic     best 1.000 mean 0.650 best-dist 2.42 m
gen 135 conventional best 0.966 mean 0.637 best-dist 0.07 m
gen 135 champions (roundrobin): holistic mean fitness 0.042, wins 0-50 of 50
gen 135 took 42.4s
gen 136 holistic     best 0.892 mean 0.341 best-dist 1.32 m
gen 136 conventional best 0.952 mean 0.495 best-dist 0.28 m
gen 136 took 21.8s
gen 137 holistic     best 1.000 mean 0.278 best-dist 1.14 m
gen 137 conventional best 0.949 mean 0.600 best-dist 0.26 m
gen 137 took 19.1s
gen 138 holistic     best 1.000 mean 0.329 best-dist 2.18 m
gen 138 conventional best 0.953 mean 0.531 best-dist 0.12 m
gen 138 took 25.4s
gen 139 holistic     best 1.000 mean 0.516 best-dist 1.53 m
gen 139 conventional best 0.926 mean 0.411 best-dist 0.07 m
gen 139 took 21.0s
gen 140 holistic     best 1.000 mean 0.433 best-dist 2.29 m
gen 140 conventional best 0.847 mean 0.430 best-dist 0.51 m
gen 140 champions (roundrobin): holistic mean fitness 0.025, wins 0-50 of 50
gen 140 took 50.8s
gen 141 holistic     best 1.000 mean 0.600 best-dist 2.37 m
gen 141 conventional best 0.919 mean 0.363 best-dist 0.58 m
gen 141 took 17.4s
gen 142 holistic     best 1.000 mean 0.437 best-dist 2.04 m
gen 142 conventional best 0.961 mean 0.670 best-dist 0.13 m
gen 142 took 19.6s
gen 143 holistic     best 1.000 mean 0.800 best-dist 2.03 m
gen 143 conventional best 0.528 mean 0.305 best-dist 0.42 m
gen 143 took 23.6s
gen 144 holistic     best 1.000 mean 0.520 best-dist 2.25 m
gen 144 conventional best 1.000 mean 0.401 best-dist 1.23 m
gen 144 took 24.7s
gen 145 holistic     best 1.000 mean 0.663 best-dist 1.68 m
WARNING: Nan, Inf or huge value in QACC at DOF 13. The simulation is unstable. Time = 4.6750.

WARNING: Nan, Inf or huge value in QACC at DOF 14. The simulation is unstable. Time = 5.4750.

WARNING: Nan, Inf or huge value in QACC at DOF 13. The simulation is unstable. Time = 14.3000.

gen 145 conventional best 1.000 mean 0.480 best-dist 1.70 m
WARNING: Nan, Inf or huge value in QACC at DOF 22. The simulation is unstable. Time = 5.4350.

gen 145 champions (roundrobin): holistic mean fitness 0.041, wins 1-49 of 50
gen 145 took 50.8s
gen 146 holistic     best 1.000 mean 0.825 best-dist 1.44 m
gen 146 conventional best 0.996 mean 0.443 best-dist 0.11 m
gen 146 took 21.8s
gen 147 holistic     best 1.000 mean 0.480 best-dist 1.80 m
gen 147 conventional best 0.534 mean 0.163 best-dist 0.63 m
gen 147 took 22.9s
gen 148 holistic     best 1.000 mean 0.425 best-dist 1.23 m
gen 148 conventional best 0.968 mean 0.525 best-dist 0.27 m
gen 148 took 21.5s
gen 149 holistic     best 0.631 mean 0.073 best-dist 2.16 m
gen 149 conventional best 0.789 mean 0.344 best-dist 1.24 m
gen 149 took 19.3s
gen 150 holistic     best 1.000 mean 0.346 best-dist 1.32 m
gen 150 conventional best 1.000 mean 0.674 best-dist 1.20 m
gen 150 champions (roundrobin): holistic mean fitness 0.081, wins 2-48 of 50
gen 150 took 44.9s
gen 151 holistic     best 1.000 mean 0.143 best-dist 2.05 m
gen 151 conventional best 0.989 mean 0.530 best-dist 0.14 m
gen 151 took 20.7s
gen 152 holistic     best 1.000 mean 0.725 best-dist 1.71 m
gen 152 conventional best 0.937 mean 0.478 best-dist 0.36 m
gen 152 took 18.5s
gen 153 holistic     best 1.000 mean 0.775 best-dist 1.64 m
gen 153 conventional best 0.952 mean 0.487 best-dist 0.27 m
gen 153 took 17.7s
gen 154 holistic     best 1.000 mean 0.625 best-dist 1.48 m
gen 154 conventional best 0.945 mean 0.460 best-dist 0.03 m
gen 154 took 13.8s
gen 155 holistic     best 1.000 mean 0.675 best-dist 0.65 m
WARNING: Nan, Inf or huge value in QACC at DOF 10. The simulation is unstable. Time = 4.5500.

WARNING: Nan, Inf or huge value in QACC at DOF 10. The simulation is unstable. Time = 2.9950.

gen 155 conventional best 1.000 mean 0.531 best-dist 0.94 m
WARNING: Nan, Inf or huge value in QACC at DOF 15. The simulation is unstable. Time = 3.7600.

WARNING: Nan, Inf or huge value in QACC at DOF 10. The simulation is unstable. Time = 3.1700.

gen 155 champions (roundrobin): holistic mean fitness 0.227, wins 11-39 of 50
gen 155 took 28.9s
gen 156 holistic     best 1.000 mean 0.775 best-dist 1.38 m
gen 156 conventional best 1.000 mean 0.423 best-dist 1.47 m
gen 156 took 13.8s
gen 157 holistic     best 0.794 mean 0.202 best-dist 5.92 m
gen 157 conventional best 1.000 mean 0.689 best-dist 1.75 m
gen 157 took 14.1s
gen 158 holistic     best 1.000 mean 0.600 best-dist 1.74 m
WARNING: Nan, Inf or huge value in QACC at DOF 1. The simulation is unstable. Time = 4.9600.

gen 158 conventional best 1.000 mean 0.475 best-dist 1.68 m
gen 158 took 13.2s
gen 159 holistic     best 1.000 mean 0.418 best-dist 1.43 m
gen 159 conventional best 1.000 mean 0.602 best-dist 1.04 m
gen 159 took 14.2s
gen 160 holistic     best 0.898 mean 0.180 best-dist 1.39 m
gen 160 conventional best 0.784 mean 0.220 best-dist 0.22 m
gen 160 champions (roundrobin): holistic mean fitness 0.061, wins 1-49 of 50
gen 160 took 33.2s
gen 161 holistic     best 1.000 mean 0.210 best-dist 2.04 m
gen 161 conventional best 1.000 mean 0.379 best-dist 0.10 m
gen 161 took 18.8s
gen 162 holistic     best 1.000 mean 0.471 best-dist 2.43 m
gen 162 conventional best 0.731 mean 0.435 best-dist 1.14 m
gen 162 took 20.7s
gen 163 holistic     best 0.995 mean 0.340 best-dist 0.39 m
gen 163 conventional best 0.989 mean 0.296 best-dist 0.08 m
gen 163 took 15.9s
gen 164 holistic     best 1.000 mean 0.463 best-dist 1.75 m
gen 164 conventional best 1.000 mean 0.320 best-dist 0.78 m
gen 164 took 14.6s
gen 165 holistic     best 1.000 mean 0.509 best-dist 2.24 m
gen 165 conventional best 1.000 mean 0.538 best-dist 1.89 m
gen 165 champions (roundrobin): holistic mean fitness 0.076, wins 1-49 of 50
gen 165 took 50.3s
gen 166 holistic     best 1.000 mean 0.457 best-dist 2.40 m
gen 166 conventional best 1.000 mean 0.675 best-dist 1.98 m
gen 166 took 24.5s
gen 167 holistic     best 1.000 mean 0.182 best-dist 1.86 m
gen 167 conventional best 0.968 mean 0.399 best-dist 0.07 m
gen 167 took 23.8s
gen 168 holistic     best 1.000 mean 0.156 best-dist 2.14 m
gen 168 conventional best 0.856 mean 0.361 best-dist 0.39 m
gen 168 took 21.3s
gen 169 holistic     best 1.000 mean 0.431 best-dist 2.31 m
gen 169 conventional best 0.968 mean 0.542 best-dist 0.60 m
gen 169 took 20.7s
gen 170 holistic     best 1.000 mean 0.620 best-dist 1.04 m
gen 170 conventional best 1.000 mean 0.300 best-dist 2.07 m
gen 170 champions (roundrobin): holistic mean fitness 0.121, wins 5-44 of 50
gen 170 took 47.7s
gen 171 holistic     best 1.000 mean 0.428 best-dist 2.26 m
WARNING: Nan, Inf or huge value in QACC at DOF 14. The simulation is unstable. Time = 12.5250.

WARNING: Nan, Inf or huge value in QACC at DOF 13. The simulation is unstable. Time = 8.6450.

WARNING: Nan, Inf or huge value in QACC at DOF 14. The simulation is unstable. Time = 9.2450.

gen 171 conventional best 1.000 mean 0.496 best-dist 3.20 m
gen 171 took 20.2s
gen 172 holistic     best 1.000 mean 0.577 best-dist 1.57 m
gen 172 conventional best 1.000 mean 0.676 best-dist 0.08 m
gen 172 took 21.5s
gen 173 holistic     best 1.000 mean 0.580 best-dist 1.64 m
WARNING: Nan, Inf or huge value in QACC at DOF 10. The simulation is unstable. Time = 2.6000.

WARNING: Nan, Inf or huge value in QACC at DOF 10. The simulation is unstable. Time = 6.2050.

gen 173 conventional best 1.000 mean 0.474 best-dist 0.15 m
gen 173 took 21.2s
WARNING: Nan, Inf or huge value in QACC at DOF 0. The simulation is unstable. Time = 11.4550.

gen 174 holistic     best 1.000 mean 0.525 best-dist 2.07 m
WARNING: Nan, Inf or huge value in QACC at DOF 13. The simulation is unstable. Time = 9.6550.

WARNING: Nan, Inf or huge value in QACC at DOF 3. The simulation is unstable. Time = 6.4100.

gen 174 conventional best 1.000 mean 0.426 best-dist 0.59 m
gen 174 took 23.6s
gen 175 holistic     best 1.000 mean 0.578 best-dist 1.07 m
gen 175 conventional best 0.594 mean 0.367 best-dist 0.50 m
gen 175 champions (roundrobin): holistic mean fitness 0.126, wins 4-44 of 50
gen 175 took 46.6s
gen 176 holistic     best 1.000 mean 0.671 best-dist 2.15 m
WARNING: Nan, Inf or huge value in QACC at DOF 3. The simulation is unstable. Time = 7.8300.

gen 176 conventional best 0.959 mean 0.307 best-dist 0.21 m
gen 176 took 22.2s
gen 177 holistic     best 1.000 mean 0.385 best-dist 2.23 m
gen 177 conventional best 0.499 mean 0.248 best-dist 0.42 m
gen 177 took 22.5s
gen 178 holistic     best 1.000 mean 0.562 best-dist 1.51 m
gen 178 conventional best 0.953 mean 0.397 best-dist 0.34 m
gen 178 took 14.8s
gen 179 holistic     best 1.000 mean 0.376 best-dist 1.70 m
gen 179 conventional best 1.000 mean 0.648 best-dist 0.80 m
gen 179 took 13.1s
gen 180 holistic     best 1.000 mean 0.700 best-dist 1.91 m
gen 180 conventional best 0.992 mean 0.293 best-dist 0.50 m
gen 180 champions (roundrobin): holistic mean fitness 0.029, wins 1-49 of 50
gen 180 took 30.7s
gen 181 holistic     best 1.000 mean 0.592 best-dist 2.14 m
WARNING: Nan, Inf or huge value in QACC at DOF 2. The simulation is unstable. Time = 5.5950.

gen 181 conventional best 1.000 mean 0.422 best-dist 1.07 m
gen 181 took 16.6s
gen 182 holistic     best 1.000 mean 0.498 best-dist 1.71 m
gen 182 conventional best 1.000 mean 0.448 best-dist 1.09 m
gen 182 took 15.5s
gen 183 holistic     best 1.000 mean 0.606 best-dist 1.82 m
gen 183 conventional best 1.000 mean 0.579 best-dist 1.35 m
gen 183 took 19.3s
gen 184 holistic     best 0.996 mean 0.503 best-dist 0.46 m
gen 184 conventional best 1.000 mean 0.462 best-dist 0.88 m
gen 184 took 20.7s
gen 185 holistic     best 1.000 mean 0.406 best-dist 0.13 m
WARNING: Nan, Inf or huge value in QACC at DOF 0. The simulation is unstable. Time = 6.1650.

gen 185 conventional best 1.000 mean 0.583 best-dist 1.15 m
WARNING: Nan, Inf or huge value in QACC at DOF 19. The simulation is unstable. Time = 14.0650.

WARNING: Nan, Inf or huge value in QACC at DOF 0. The simulation is unstable. Time = 5.3750.

gen 185 champions (roundrobin): holistic mean fitness 0.178, wins 6-43 of 50
gen 185 took 48.9s
gen 186 holistic     best 1.000 mean 0.486 best-dist 2.26 m
gen 186 conventional best 0.913 mean 0.356 best-dist 0.13 m
gen 186 took 19.5s
gen 187 holistic     best 1.000 mean 0.575 best-dist 1.61 m
gen 187 conventional best 0.888 mean 0.336 best-dist 0.22 m
gen 187 took 26.5s
gen 188 holistic     best 1.000 mean 0.403 best-dist 0.89 m
gen 188 conventional best 0.911 mean 0.349 best-dist 0.20 m
gen 188 took 24.8s
gen 189 holistic     best 1.000 mean 0.211 best-dist 1.96 m
gen 189 conventional best 0.683 mean 0.275 best-dist 0.27 m
gen 189 took 21.2s
gen 190 holistic     best 1.000 mean 0.351 best-dist 1.62 m
gen 190 conventional best 0.917 mean 0.347 best-dist 0.25 m
gen 190 champions (roundrobin): holistic mean fitness 0.102, wins 2-47 of 50
gen 190 took 40.5s
gen 191 holistic     best 1.000 mean 0.626 best-dist 1.42 m
gen 191 conventional best 0.789 mean 0.415 best-dist 0.28 m
gen 191 took 20.0s
gen 192 holistic     best 1.000 mean 0.389 best-dist 1.78 m
gen 192 conventional best 0.911 mean 0.357 best-dist 0.55 m
gen 192 took 21.2s
gen 193 holistic     best 1.000 mean 0.426 best-dist 2.42 m
gen 193 conventional best 0.980 mean 0.531 best-dist 0.29 m
gen 193 took 24.0s
gen 194 holistic     best 1.000 mean 0.775 best-dist 2.12 m
gen 194 conventional best 0.932 mean 0.411 best-dist 0.56 m
gen 194 took 23.8s
gen 195 holistic     best 1.000 mean 0.700 best-dist 1.49 m
gen 195 conventional best 0.671 mean 0.311 best-dist 0.97 m
gen 195 champions (roundrobin): holistic mean fitness 0.049, wins 2-48 of 50
gen 195 took 51.0s
gen 196 holistic     best 1.000 mean 0.401 best-dist 1.82 m
WARNING: Nan, Inf or huge value in QACC at DOF 10. The simulation is unstable. Time = 8.2400.

WARNING: Nan, Inf or huge value in QACC at DOF 1. The simulation is unstable. Time = 9.8850.

gen 196 conventional best 0.967 mean 0.586 best-dist 0.18 m
gen 196 took 23.2s
gen 197 holistic     best 1.000 mean 0.311 best-dist 1.47 m
gen 197 conventional best 0.939 mean 0.404 best-dist 0.37 m
gen 197 took 25.3s
gen 198 holistic     best 1.000 mean 0.396 best-dist 2.15 m
gen 198 conventional best 0.958 mean 0.312 best-dist 0.04 m
gen 198 took 25.5s
gen 199 holistic     best 1.000 mean 0.259 best-dist 1.83 m
gen 199 conventional best 0.972 mean 0.316 best-dist 0.63 m
WARNING: Nan, Inf or huge value in QACC at DOF 29. The simulation is unstable. Time = 13.2250.

gen 199 champions (roundrobin): holistic mean fitness 0.150, wins 3-47 of 50
gen 199 took 56.2s
final champion bouts: holistic mean fitness 0.150 (3-47 of 50)
